125.69.74.14 - - [13/Oct/2011:16:20:52 +0800] "GET /theme/stylesheets/btn_next.gif HTTP/1.1" 404 - "http://www.yidianyidi.org/theme/stylesheets/home.css?1299845146" "Mozilla/5.0 (Windows NT 6.1; WOW64; rv:7.0.1) Gecko/20100101 Firefox/7.0.1"
125.69.74.14 - - [13/Oct/2011:16:21:00 +0800] "GET /project HTTP/1.1" 304 - "http://www.yidianyidi.org/" "Mozilla/5.0 (Windows NT 6.1; WOW64; rv:7.0.1) Gecko/20100101 Firefox/7.0.1"
125.69.74.14 - - [13/Oct/2011:16:21:01 +0800] "GET /stylesheets/theme.css?1299845153 HTTP/1.1" 304 - "http://www.yidianyidi.org/project" "Mozilla/5.0 (Windows NT 6.1; WOW64; rv:7.0.1) Gecko/20100101 Firefox/7.0.1"
125.69.74.14 - - [13/Oct/2011:16:21:01 +0800] "GET /stylesheets/project.css?1299845148 HTTP/1.1" 304 - "http://www.yidianyidi.org/project" "Mozilla/5.0 (Windows NT 6.1; WOW64; rv:7.0.1) Gecko/20100101 Firefox/7.0.1"
125.69.74.14 - - [13/Oct/2011:16:21:01 +0800] "GET /theme/stylesheets/application.css?1299845140 HTTP/1.1" 304 - "http://www.yidianyidi.org/project" "Mozilla/5.0 (Windows NT 6.1; WOW64; rv:7.0.1) Gecko/20100101 Firefox/7.0.1"
125.69.74.14 - - [13/Oct/2011:16:21:01 +0800] "GET /theme/stylesheets/formatting.css?1299845142 HTTP/1.1" 304 - "http://www.yidianyidi.org/project" "Mozilla/5.0 (Windows NT 6.1; WOW64; rv:7.0.1) Gecko/20100101 Firefox/7.0.1"
125.69.74.14 - - [13/Oct/2011:16:21:07 +0800] "GET /project/%E9%9D%92%E6%B5%B7%E7%9C%81%E8%BE%BE%E6%97%A5%E5%8E%BF%E7%89%B9%E5%90%88%E5%9C%9F%E4%B9%A1%E6%B0%B4%E5%A4%84%E7%90%86%E9%A1%B9%E7%9B%AE%E6%8A%A5%E5%91%8A HTTP/1.1" 200 6589 "http://www.yidianyidi.org/project" "Mozilla/5.0 (Windows NT 6.1; WOW64; rv:7.0.1) Gecko/20100101 Firefox/7.0.1"
125.69.74.14 - - [13/Oct/2011:16:21:08 +0800] "GET /stylesheets/theme.css?1299845153 HTTP/1.1" 304 - "http://www.yidianyidi.org/project/%E9%9D%92%E6%B5%B7%E7%9C%81%E8%BE%BE%E6%97%A5%E5%8E%BF%E7%89%B9%E5%90%88%E5%9C%9F%E4%B9%A1%E6%B0%B4%E5%A4%84%E7%90%86%E9%A1%B9%E7%9B%AE%E6%8A%A5%E5%91%8A" "Mozilla/5.0 (Windows NT 6.1; WOW64; rv:7.0.1) Gecko/20100101 Firefox/7.0.1"
125.69.74.14 - - [13/Oct/2011:16:21:08 +0800] "GET /stylesheets/project.css?1299845148 HTTP/1.1" 304 - "http://www.yidianyidi.org/project/%E9%9D%92%E6%B5%B7%E7%9C%81%E8%BE%BE%E6%97%A5%E5%8E%BF%E7%89%B9%E5%90%88%E5%9C%9F%E4%B9%A1%E6%B0%B4%E5%A4%84%E7%90%86%E9%A1%B9%E7%9B%AE%E6%8A%A5%E5%91%8A" "Mozilla/5.0 (Windows NT 6.1; WOW64; rv:7.0.1) Gecko/20100101 Firefox/7.0.1"
125.69.74.14 - - [13/Oct/2011:16:21:08 +0800] "GET /theme/stylesheets/application.css?1299845140 HTTP/1.1" 304 - "http://www.yidianyidi.org/project/%E9%9D%92%E6%B5%B7%E7%9C%81%E8%BE%BE%E6%97%A5%E5%8E%BF%E7%89%B9%E5%90%88%E5%9C%9F%E4%B9%A1%E6%B0%B4%E5%A4%84%E7%90%86%E9%A1%B9%E7%9B%AE%E6%8A%A5%E5%91%8A" "Mozilla/5.0 (Windows NT 6.1; WOW64; rv:7.0.1) Gecko/20100101 Firefox/7.0.1"
125.69.74.14 - - [13/Oct/2011:16:21:08 +0800] "GET /theme/stylesheets/formatting.css?1299845142 HTTP/1.1" 304 - "http://www.yidianyidi.org/project/%E9%9D%92%E6%B5%B7%E7%9C%81%E8%BE%BE%E6%97%A5%E5%8E%BF%E7%89%B9%E5%90%88%E5%9C%9F%E4%B9%A1%E6%B0%B4%E5%A4%84%E7%90%86%E9%A1%B9%E7%9B%AE%E6%8A%A5%E5%91%8A" "Mozilla/5.0 (Windows NT 6.1; WOW64; rv:7.0.1) Gecko/20100101 Firefox/7.0.1"
125.69.74.14 - - [13/Oct/2011:16:21:08 +0800] "GET /theme/images/blue-left-arrow-5x9.png HTTP/1.1" 200 971 "http://www.yidianyidi.org/theme/stylesheets/formatting.css?1299845142" "Mozilla/5.0 (Windows NT 6.1; WOW64; rv:7.0.1) Gecko/20100101 Firefox/7.0.1"
125.69.74.14 - - [13/Oct/2011:16:21:08 +0800] "GET /theme/images/blue-right-arrow-5x9.png HTTP/1.1" 200 157 "http://www.yidianyidi.org/theme/stylesheets/formatting.css?1299845142" "Mozilla/5.0 (Windows NT 6.1; WOW64; rv:7.0.1) Gecko/20100101 Firefox/7.0.1"
125.69.74.14 - - [13/Oct/2011:16:21:13 +0800] "GET /project/%E7%94%98%E5%AD%9C%E6%9C%AC%E6%97%A5%E6%9D%91%E6%B0%B4%E6%B1%A1%E6%9F%93%E6%B2%BB%E7%90%86%E9%A1%B9%E7%9B%AE%E8%AE%A1%E5%88%92%E4%B9%A6 HTTP/1.1" 200 6659 "http://www.yidianyidi.org/project/%E9%9D%92%E6%B5%B7%E7%9C%81%E8%BE%BE%E6%97%A5%E5%8E%BF%E7%89%B9%E5%90%88%E5%9C%9F%E4%B9%A1%E6%B0%B4%E5%A4%84%E7%90%86%E9%A1%B9%E7%9B%AE%E6%8A%A5%E5%91%8A" "Mozilla/5.0 (Windows NT 6.1; WOW64; rv:7.0.1) Gecko/20100101 Firefox/7.0.1"
125.69.74.14 - - [13/Oct/2011:16:21:13 +0800] "GET /stylesheets/theme.css?1299845153 HTTP/1.1" 304 - "http://www.yidianyidi.org/project/%E7%94%98%E5%AD%9C%E6%9C%AC%E6%97%A5%E6%9D%91%E6%B0%B4%E6%B1%A1%E6%9F%93%E6%B2%BB%E7%90%86%E9%A1%B9%E7%9B%AE%E8%AE%A1%E5%88%92%E4%B9%A6" "Mozilla/5.0 (Windows NT 6.1; WOW64; rv:7.0.1) Gecko/20100101 Firefox/7.0.1"
125.69.74.14 - - [13/Oct/2011:16:21:13 +0800] "GET /theme/stylesheets/formatting.css?1299845142 HTTP/1.1" 304 - "http://www.yidianyidi.org/project/%E7%94%98%E5%AD%9C%E6%9C%AC%E6%97%A5%E6%9D%91%E6%B0%B4%E6%B1%A1%E6%9F%93%E6%B2%BB%E7%90%86%E9%A1%B9%E7%9B%AE%E8%AE%A1%E5%88%92%E4%B9%A6" "Mozilla/5.0 (Windows NT 6.1; WOW64; rv:7.0.1) Gecko/20100101 Firefox/7.0.1"
125.69.74.14 - - [13/Oct/2011:16:21:14 +0800] "GET /stylesheets/project.css?1299845148 HTTP/1.1" 304 - "http://www.yidianyidi.org/project/%E7%94%98%E5%AD%9C%E6%9C%AC%E6%97%A5%E6%9D%91%E6%B0%B4%E6%B1%A1%E6%9F%93%E6%B2%BB%E7%90%86%E9%A1%B9%E7%9B%AE%E8%AE%A1%E5%88%92%E4%B9%A6" "Mozilla/5.0 (Windows NT 6.1; WOW64; rv:7.0.1) Gecko/20100101 Firefox/7.0.1"
125.69.74.14 - - [13/Oct/2011:16:21:14 +0800] "GET /theme/stylesheets/application.css?1299845140 HTTP/1.1" 304 - "http://www.yidianyidi.org/project/%E7%94%98%E5%AD%9C%E6%9C%AC%E6%97%A5%E6%9D%91%E6%B0%B4%E6%B1%A1%E6%9F%93%E6%B2%BB%E7%90%86%E9%A1%B9%E7%9B%AE%E8%AE%A1%E5%88%92%E4%B9%A6" "Mozilla/5.0 (Windows NT 6.1; WOW64; rv:7.0.1) Gecko/20100101 Firefox/7.0.1"
125.69.74.14 - - [13/Oct/2011:16:21:18 +0800] "GET /project/%E9%AB%98%E5%8E%9F%E6%B4%97%E6%BE%A1%E5%AE%A4%E9%A1%B9%E7%9B%AE%E8%AE%A1%E5%88%92%E4%B9%A6 HTTP/1.1" 200 6896 "http://www.yidianyidi.org/project/%E7%94%98%E5%AD%9C%E6%9C%AC%E6%97%A5%E6%9D%91%E6%B0%B4%E6%B1%A1%E6%9F%93%E6%B2%BB%E7%90%86%E9%A1%B9%E7%9B%AE%E8%AE%A1%E5%88%92%E4%B9%A6" "Mozilla/5.0 (Windows NT 6.1; WOW64; rv:7.0.1) Gecko/20100101 Firefox/7.0.1"
125.69.74.14 - - [13/Oct/2011:16:21:18 +0800] "GET /theme/stylesheets/application.css?1299845140 HTTP/1.1" 304 - "http://www.yidianyidi.org/project/%E9%AB%98%E5%8E%9F%E6%B4%97%E6%BE%A1%E5%AE%A4%E9%A1%B9%E7%9B%AE%E8%AE%A1%E5%88%92%E4%B9%A6" "Mozilla/5.0 (Windows NT 6.1; WOW64; rv:7.0.1) Gecko/20100101 Firefox/7.0.1"
125.69.74.14 - - [13/Oct/2011:16:21:18 +0800] "GET /stylesheets/theme.css?1299845153 HTTP/1.1" 304 - "http://www.yidianyidi.org/project/%E9%AB%98%E5%8E%9F%E6%B4%97%E6%BE%A1%E5%AE%A4%E9%A1%B9%E7%9B%AE%E8%AE%A1%E5%88%92%E4%B9%A6" "Mozilla/5.0 (Windows NT 6.1; WOW64; rv:7.0.1) Gecko/20100101 Firefox/7.0.1"
125.69.74.14 - - [13/Oct/2011:16:21:19 +0800] "GET /stylesheets/project.css?1299845148 HTTP/1.1" 304 - "http://www.yidianyidi.org/project/%E9%AB%98%E5%8E%9F%E6%B4%97%E6%BE%A1%E5%AE%A4%E9%A1%B9%E7%9B%AE%E8%AE%A1%E5%88%92%E4%B9%A6" "Mozilla/5.0 (Windows NT 6.1; WOW64; rv:7.0.1) Gecko/20100101 Firefox/7.0.1"
125.69.74.14 - - [13/Oct/2011:16:21:21 +0800] "GET /theme/stylesheets/formatting.css?1299845142 HTTP/1.1" 304 - "http://www.yidianyidi.org/project/%E9%AB%98%E5%8E%9F%E6%B4%97%E6%BE%A1%E5%AE%A4%E9%A1%B9%E7%9B%AE%E8%AE%A1%E5%88%92%E4%B9%A6" "Mozilla/5.0 (Windows NT 6.1; WOW64; rv:7.0.1) Gecko/20100101 Firefox/7.0.1"
125.69.74.14 - - [13/Oct/2011:16:21:24 +0800] "GET /project/categories/%E9%A1%B9%E7%9B%AE%E8%BF%9B%E5%B1%95%E6%8A%A5%E5%91%8A HTTP/1.1" 200 7863 "http://www.yidianyidi.org/project/%E9%AB%98%E5%8E%9F%E6%B4%97%E6%BE%A1%E5%AE%A4%E9%A1%B9%E7%9B%AE%E8%AE%A1%E5%88%92%E4%B9%A6" "Mozilla/5.0 (Windows NT 6.1; WOW64; rv:7.0.1) Gecko/20100101 Firefox/7.0.1"
125.69.74.14 - - [13/Oct/2011:16:21:24 +0800] "GET /theme/stylesheets/application.css?1299845140 HTTP/1.1" 304 - "http://www.yidianyidi.org/project/categories/%E9%A1%B9%E7%9B%AE%E8%BF%9B%E5%B1%95%E6%8A%A5%E5%91%8A" "Mozilla/5.0 (Windows NT 6.1; WOW64; rv:7.0.1) Gecko/20100101 Firefox/7.0.1"
125.69.74.14 - - [13/Oct/2011:16:21:24 +0800] "GET /stylesheets/project.css?1299845148 HTTP/1.1" 304 - "http://www.yidianyidi.org/project/categories/%E9%A1%B9%E7%9B%AE%E8%BF%9B%E5%B1%95%E6%8A%A5%E5%91%8A" "Mozilla/5.0 (Windows NT 6.1; WOW64; rv:7.0.1) Gecko/20100101 Firefox/7.0.1"
125.69.74.14 - - [13/Oct/2011:16:21:24 +0800] "GET /stylesheets/theme.css?1299845153 HTTP/1.1" 304 - "http://www.yidianyidi.org/project/categories/%E9%A1%B9%E7%9B%AE%E8%BF%9B%E5%B1%95%E6%8A%A5%E5%91%8A" "Mozilla/5.0 (Windows NT 6.1; WOW64; rv:7.0.1) Gecko/20100101 Firefox/7.0.1"
125.69.74.14 - - [13/Oct/2011:16:21:24 +0800] "GET /theme/stylesheets/formatting.css?1299845142 HTTP/1.1" 304 - "http://www.yidianyidi.org/project/categories/%E9%A1%B9%E7%9B%AE%E8%BF%9B%E5%B1%95%E6%8A%A5%E5%91%8A" "Mozilla/5.0 (Windows NT 6.1; WOW64; rv:7.0.1) Gecko/20100101 Firefox/7.0.1"
125.69.74.14 - - [13/Oct/2011:16:21:29 +0800] "GET /project/categories/%E9%A1%B9%E7%9B%AE%E5%AE%8C%E6%88%90%E6%8A%A5%E5%91%8A HTTP/1.1" 200 10584 "http://www.yidianyidi.org/project/categories/%E9%A1%B9%E7%9B%AE%E8%BF%9B%E5%B1%95%E6%8A%A5%E5%91%8A" "Mozilla/5.0 (Windows NT 6.1; WOW64; rv:7.0.1) Gecko/20100101 Firefox/7.0.1"
125.69.74.14 - - [13/Oct/2011:16:21:30 +0800] "GET /stylesheets/theme.css?1299845153 HTTP/1.1" 304 - "http://www.yidianyidi.org/project/categories/%E9%A1%B9%E7%9B%AE%E5%AE%8C%E6%88%90%E6%8A%A5%E5%91%8A" "Mozilla/5.0 (Windows NT 6.1; WOW64; rv:7.0.1) Gecko/20100101 Firefox/7.0.1"
125.69.74.14 - - [13/Oct/2011:16:21:30 +0800] "GET /stylesheets/project.css?1299845148 HTTP/1.1" 304 - "http://www.yidianyidi.org/project/categories/%E9%A1%B9%E7%9B%AE%E5%AE%8C%E6%88%90%E6%8A%A5%E5%91%8A" "Mozilla/5.0 (Windows NT 6.1; WOW64; rv:7.0.1) Gecko/20100101 Firefox/7.0.1"
125.69.74.14 - - [13/Oct/2011:16:21:30 +0800] "GET /theme/stylesheets/application.css?1299845140 HTTP/1.1" 304 - "http://www.yidianyidi.org/project/categories/%E9%A1%B9%E7%9B%AE%E5%AE%8C%E6%88%90%E6%8A%A5%E5%91%8A" "Mozilla/5.0 (Windows NT 6.1; WOW64; rv:7.0.1) Gecko/20100101 Firefox/7.0.1"
125.69.74.14 - - [13/Oct/2011:16:21:30 +0800] "GET /theme/stylesheets/formatting.css?1299845142 HTTP/1.1" 304 - "http://www.yidianyidi.org/project/categories/%E9%A1%B9%E7%9B%AE%E5%AE%8C%E6%88%90%E6%8A%A5%E5%91%8A" "Mozilla/5.0 (Windows NT 6.1; WOW64; rv:7.0.1) Gecko/20100101 Firefox/7.0.1"
125.69.74.14 - - [13/Oct/2011:16:21:41 +0800] "GET /project/categories/%E9%A1%B9%E7%9B%AE%E8%BF%9B%E5%B1%95%E6%8A%A5%E5%91%8A HTTP/1.1" 304 - "http://www.yidianyidi.org/project/categories/%E9%A1%B9%E7%9B%AE%E5%AE%8C%E6%88%90%E6%8A%A5%E5%91%8A" "Mozilla/5.0 (Windows NT 6.1; WOW64; rv:7.0.1) Gecko/20100101 Firefox/7.0.1"
125.69.74.14 - - [13/Oct/2011:16:21:42 +0800] "GET /stylesheets/theme.css?1299845153 HTTP/1.1" 304 - "http://www.yidianyidi.org/project/categories/%E9%A1%B9%E7%9B%AE%E8%BF%9B%E5%B1%95%E6%8A%A5%E5%91%8A" "Mozilla/5.0 (Windows NT 6.1; WOW64; rv:7.0.1) Gecko/20100101 Firefox/7.0.1"
125.69.74.14 - - [13/Oct/2011:16:21:42 +0800] "GET /theme/stylesheets/application.css?1299845140 HTTP/1.1" 304 - "http://www.yidianyidi.org/project/categories/%E9%A1%B9%E7%9B%AE%E8%BF%9B%E5%B1%95%E6%8A%A5%E5%91%8A" "Mozilla/5.0 (Windows NT 6.1; WOW64; rv:7.0.1) Gecko/20100101 Firefox/7.0.1"
125.69.74.14 - - [13/Oct/2011:16:21:42 +0800] "GET /theme/stylesheets/formatting.css?1299845142 HTTP/1.1" 304 - "http://www.yidianyidi.org/project/categories/%E9%A1%B9%E7%9B%AE%E8%BF%9B%E5%B1%95%E6%8A%A5%E5%91%8A" "Mozilla/5.0 (Windows NT 6.1; WOW64; rv:7.0.1) Gecko/20100101 Firefox/7.0.1"
125.69.74.14 - - [13/Oct/2011:16:21:42 +0800] "GET /stylesheets/project.css?1299845148 HTTP/1.1" 304 - "http://www.yidianyidi.org/project/categories/%E9%A1%B9%E7%9B%AE%E8%BF%9B%E5%B1%95%E6%8A%A5%E5%91%8A" "Mozilla/5.0 (Windows NT 6.1; WOW64; rv:7.0.1) Gecko/20100101 Firefox/7.0.1"
182.151.187.253 - - [13/Oct/2011:16:21:48 +0800] "GET /guan-yu-wo-men HTTP/1.1" 302 125 "http://www.yidianyidi.org/" "Mozilla/5.0 (Windows NT 6.1; WOW64) AppleWebKit/535.1 (KHTML, like Gecko) Chrome/14.0.835.202 Safari/535.1"
182.151.187.253 - - [13/Oct/2011:16:21:49 +0800] "GET /guan-yu-wo-men/ren-yuan-yu-zu-zhi HTTP/1.1" 200 7546 "http://www.yidianyidi.org/" "Mozilla/5.0 (Windows NT 6.1; WOW64) AppleWebKit/535.1 (KHTML, like Gecko) Chrome/14.0.835.202 Safari/535.1"
125.69.74.14 - - [13/Oct/2011:16:21:49 +0800] "GET /project/%E7%8E%89%E6%A0%91%E7%8F%8D%E7%A7%A6%E4%B8%AD%E5%BF%83%E5%AF%84%E6%A0%A1%E6%B4%97%E6%BE%A1%E5%AE%A4%E9%A1%B9%E7%9B%AE%E5%8F%8D%E9%A6%88%E6%8A%A5%E5%91%8A HTTP/1.1" 200 7677 "http://www.yidianyidi.org/project/categories/%E9%A1%B9%E7%9B%AE%E8%BF%9B%E5%B1%95%E6%8A%A5%E5%91%8A" "Mozilla/5.0 (Windows NT 6.1; WOW64; rv:7.0.1) Gecko/20100101 Firefox/7.0.1"
125.69.74.14 - - [13/Oct/2011:16:21:50 +0800] "GET /stylesheets/theme.css?1299845153 HTTP/1.1" 304 - "http://www.yidianyidi.org/project/%E7%8E%89%E6%A0%91%E7%8F%8D%E7%A7%A6%E4%B8%AD%E5%BF%83%E5%AF%84%E6%A0%A1%E6%B4%97%E6%BE%A1%E5%AE%A4%E9%A1%B9%E7%9B%AE%E5%8F%8D%E9%A6%88%E6%8A%A5%E5%91%8A" "Mozilla/5.0 (Windows NT 6.1; WOW64; rv:7.0.1) Gecko/20100101 Firefox/7.0.1"
125.69.74.14 - - [13/Oct/2011:16:21:50 +0800] "GET /theme/stylesheets/formatting.css?1299845142 HTTP/1.1" 304 - "http://www.yidianyidi.org/project/%E7%8E%89%E6%A0%91%E7%8F%8D%E7%A7%A6%E4%B8%AD%E5%BF%83%E5%AF%84%E6%A0%A1%E6%B4%97%E6%BE%A1%E5%AE%A4%E9%A1%B9%E7%9B%AE%E5%8F%8D%E9%A6%88%E6%8A%A5%E5%91%8A" "Mozilla/5.0 (Windows NT 6.1; WOW64; rv:7.0.1) Gecko/20100101 Firefox/7.0.1"
125.69.74.14 - - [13/Oct/2011:16:21:50 +0800] "GET /stylesheets/project.css?1299845148 HTTP/1.1" 304 - "http://www.yidianyidi.org/project/%E7%8E%89%E6%A0%91%E7%8F%8D%E7%A7%A6%E4%B8%AD%E5%BF%83%E5%AF%84%E6%A0%A1%E6%B4%97%E6%BE%A1%E5%AE%A4%E9%A1%B9%E7%9B%AE%E5%8F%8D%E9%A6%88%E6%8A%A5%E5%91%8A" "Mozilla/5.0 (Windows NT 6.1; WOW64; rv:7.0.1) Gecko/20100101 Firefox/7.0.1"
125.69.74.14 - - [13/Oct/2011:16:21:50 +0800] "GET /theme/stylesheets/application.css?1299845140 HTTP/1.1" 304 - "http://www.yidianyidi.org/project/%E7%8E%89%E6%A0%91%E7%8F%8D%E7%A7%A6%E4%B8%AD%E5%BF%83%E5%AF%84%E6%A0%A1%E6%B4%97%E6%BE%A1%E5%AE%A4%E9%A1%B9%E7%9B%AE%E5%8F%8D%E9%A6%88%E6%8A%A5%E5%91%8A" "Mozilla/5.0 (Windows NT 6.1; WOW64; rv:7.0.1) Gecko/20100101 Firefox/7.0.1"
182.151.187.253 - - [13/Oct/2011:16:21:50 +0800] "GET /javascripts/jquery/jquery-ui-1.8.7.custom.min.js?1299845911 HTTP/1.1" 200 16597 "http://www.yidianyidi.org/guan-yu-wo-men/ren-yuan-yu-zu-zhi" "Mozilla/5.0 (Windows NT 6.1; WOW64) AppleWebKit/535.1 (KHTML, like Gecko) Chrome/14.0.835.202 Safari/535.1"
182.151.187.253 - - [13/Oct/2011:16:21:50 +0800] "GET /stylesheets/jquery-ui-1.8.7.custom.css?1299845149 HTTP/1.1" 200 20785 "http://www.yidianyidi.org/guan-yu-wo-men/ren-yuan-yu-zu-zhi" "Mozilla/5.0 (Windows NT 6.1; WOW64) AppleWebKit/535.1 (KHTML, like Gecko) Chrome/14.0.835.202 Safari/535.1"
182.151.187.253 - - [13/Oct/2011:16:21:50 +0800] "GET /javascripts/jquery/jquery-1.4.4.min.js?1299845907 HTTP/1.1" 200 78601 "http://www.yidianyidi.org/guan-yu-wo-men/ren-yuan-yu-zu-zhi" "Mozilla/5.0 (Windows NT 6.1; WOW64) AppleWebKit/535.1 (KHTML, like Gecko) Chrome/14.0.835.202 Safari/535.1"
125.69.74.14 - - [13/Oct/2011:16:22:27 +0800] "GET / HTTP/1.1" 304 - "http://www.yidianyidi.org/project/%E7%8E%89%E6%A0%91%E7%8F%8D%E7%A7%A6%E4%B8%AD%E5%BF%83%E5%AF%84%E6%A0%A1%E6%B4%97%E6%BE%A1%E5%AE%A4%E9%A1%B9%E7%9B%AE%E5%8F%8D%E9%A6%88%E6%8A%A5%E5%91%8A" "Mozilla/5.0 (Windows NT 6.1; WOW64; rv:7.0.1) Gecko/20100101 Firefox/7.0.1"
125.69.74.14 - - [13/Oct/2011:16:22:27 +0800] "GET /stylesheets/theme.css?1299845153 HTTP/1.1" 304 - "http://www.yidianyidi.org/" "Mozilla/5.0 (Windows NT 6.1; WOW64; rv:7.0.1) Gecko/20100101 Firefox/7.0.1"
125.69.74.14 - - [13/Oct/2011:16:22:27 +0800] "GET /javascripts/refinery/easySlider1.7.js?1299845937 HTTP/1.1" 304 - "http://www.yidianyidi.org/" "Mozilla/5.0 (Windows NT 6.1; WOW64; rv:7.0.1) Gecko/20100101 Firefox/7.0.1"
125.69.74.14 - - [13/Oct/2011:16:22:27 +0800] "GET /theme/stylesheets/formatting.css?1299845142 HTTP/1.1" 304 - "http://www.yidianyidi.org/" "Mozilla/5.0 (Windows NT 6.1; WOW64; rv:7.0.1) Gecko/20100101 Firefox/7.0.1"
125.69.74.14 - - [13/Oct/2011:16:22:27 +0800] "GET /theme/stylesheets/application.css?1299845140 HTTP/1.1" 304 - "http://www.yidianyidi.org/" "Mozilla/5.0 (Windows NT 6.1; WOW64; rv:7.0.1) Gecko/20100101 Firefox/7.0.1"
125.69.74.14 - - [13/Oct/2011:16:22:27 +0800] "GET /theme/stylesheets/home.css?1299845146 HTTP/1.1" 304 - "http://www.yidianyidi.org/" "Mozilla/5.0 (Windows NT 6.1; WOW64; rv:7.0.1) Gecko/20100101 Firefox/7.0.1"
125.69.74.14 - - [13/Oct/2011:16:22:28 +0800] "GET /javascripts/refinery/jquery.js?1299845946 HTTP/1.1" 304 - "http://www.yidianyidi.org/" "Mozilla/5.0 (Windows NT 6.1; WOW64; rv:7.0.1) Gecko/20100101 Firefox/7.0.1"
182.151.187.253 - - [13/Oct/2011:16:22:36 +0800] "GET /guan-yu-wo-men/wo-men-de-huo-ban HTTP/1.1" 200 5674 "http://www.yidianyidi.org/guan-yu-wo-men/ren-yuan-yu-zu-zhi" "Mozilla/5.0 (Windows NT 6.1; WOW64) AppleWebKit/535.1 (KHTML, like Gecko) Chrome/14.0.835.202 Safari/535.1"
220.181.51.167 - - [13/Oct/2011:16:25:15 +0800] "GET /system/images/0000/0096/1_large.jpg HTTP/1.1" 200 36297 "http://image.baidu.com/" "Mozilla/4.0i(compatible;MSIE 6.0)"
58.246.43.2 - - [13/Oct/2011:16:29:43 +0800] "GET / HTTP/1.1" 503 406 "-" "Mozilla/5.0 (Windows NT 6.1) AppleWebKit/535.1 (KHTML, like Gecko) Chrome/14.0.835.202 Safari/535.1"
58.246.43.2 - - [13/Oct/2011:16:29:43 +0800] "GET /favicon.ico HTTP/1.1" 503 406 "-" "Mozilla/5.0 (Windows NT 6.1) AppleWebKit/535.1 (KHTML, like Gecko) Chrome/14.0.835.202 Safari/535.1"
220.181.108.171 - - [13/Oct/2011:16:33:34 +0800] "GET / HTTP/1.1" 503 402 "-" "Mozilla/5.0 (compatible; Baiduspider/2.0; +http://www.baidu.com/search/spider.html)"
123.125.71.100 - - [13/Oct/2011:16:33:54 +0800] "GET / HTTP/1.1" 503 402 "-" "Mozilla/5.0 (compatible; Baiduspider/2.0; +http://www.baidu.com/search/spider.html)"
31.184.236.224 - - [13/Oct/2011:16:38:46 +0800] "GET http://proxy.parser.by/check_proxy.php HTTP/1.1" 503 403 "http://proxy.parser.by/referrer.php" "-"
125.69.72.180 - - [13/Oct/2011:16:51:43 +0800] "GET /theme/stylesheets/formatting.css?1294142496 HTTP/1.1" 503 406 "-" "Mozilla/4.0 (compatible;)"
61.135.249.166 - - [13/Oct/2011:16:53:10 +0800] "GET / HTTP/1.1" 503 402 "-" "Mozilla/5.0 (compatible; YodaoBot/1.0; http://www.yodao.com/help/webmaster/spider/; )"
220.128.167.98 - - [13/Oct/2011:16:55:46 +0800] "GET / HTTP/1.1" 503 406 "http://www.google.com/search?q=%E4%B8%80%E9%BB%9E%E4%B8%80%E6%BB%B4&btnG=Google+%E6%90%9C%E7%B4%A2&hl=zh-CN&client=firefox-a&hs=BPx&rls=org.mozilla%3Azh-CN%3Aofficial&channel=np&biw=1280&bih=862&sa=2" "Mozilla/5.0 (Windows NT 5.1; rv:7.0.1) Gecko/20100101 Firefox/7.0.1"
220.128.167.98 - - [13/Oct/2011:16:55:46 +0800] "GET /favicon.ico HTTP/1.1" 503 406 "-" "Mozilla/5.0 (Windows NT 5.1; rv:7.0.1) Gecko/20100101 Firefox/7.0.1"
220.128.167.98 - - [13/Oct/2011:16:55:47 +0800] "GET /favicon.ico HTTP/1.1" 503 406 "-" "Mozilla/5.0 (Windows NT 5.1; rv:7.0.1) Gecko/20100101 Firefox/7.0.1"
203.208.60.195 - - [13/Oct/2011:17:01:32 +0800] "GET /robots.txt HTTP/1.1" 503 406 "-" "Mozilla/5.0 (compatible; Googlebot/2.1; +http://www.google.com/bot.html)"
157.55.50.12 - - [13/Oct/2011:17:02:43 +0800] "GET /robots.txt HTTP/1.1" 503 402 "-" "Mozilla/5.0 (compatible; bingbot/2.0; +http://www.bing.com/bingbot.htm)"
58.246.55.210 - - [13/Oct/2011:17:04:36 +0800] "GET / HTTP/1.1" 503 402 "http://www.buy42.com/buy42/directdonation.do?randomnum=9AEE13E99D8FC3E57FEBF8283075A8B8&action=infolist&select_id=12" "Mozilla/4.0 (compatible; MSIE 8.0; Windows NT 5.1; Trident/4.0; Mozilla/4.0 (compatible; MSIE 6.0; Windows NT 5.1; SV1) ; .NET CLR 2.0.50727; .NET CLR 3.0.4506.2152; .NET CLR 3.5.30729; CIBA; 360SE)"
58.246.55.210 - - [13/Oct/2011:17:04:37 +0800] "GET /favicon.ico HTTP/1.1" 503 402 "-" "Mozilla/4.0 (compatible; MSIE 8.0; Windows NT 5.1; Trident/4.0; Mozilla/4.0 (compatible; MSIE 6.0; Windows NT 5.1; SV1) ; .NET CLR 2.0.50727; .NET CLR 3.0.4506.2152; .NET CLR 3.5.30729; CIBA; 360SE; 360SE)"
88.135.201.228 - - [13/Oct/2011:17:10:46 +0800] "GET /robots.txt HTTP/1.0" 503 406 "-" "Mozilla/5.0 (compatible; MJ12bot/v1.4.0; http://www.majestic12.co.uk/bot.php?+)"
31.184.236.224 - - [13/Oct/2011:17:10:48 +0800] "GET http://proxy.parser.by/check_proxy.php HTTP/1.1" 503 403 "http://proxy.parser.by/referrer.php" "-"
123.125.71.17 - - [13/Oct/2011:17:22:08 +0800] "GET /news/year/2011?page=1 HTTP/1.1" 503 406 "-" "Mozilla/5.0 (compatible; Baiduspider/2.0; +http://www.baidu.com/search/spider.html)"
203.208.60.195 - - [13/Oct/2011:17:36:15 +0800] "GET /robots.txt HTTP/1.1" 503 406 "-" "Mozilla/5.0 (compatible; Googlebot/2.1; +http://www.google.com/bot.html)"
203.208.60.181 - - [13/Oct/2011:17:39:05 +0800] "GET /robots.txt HTTP/1.1" 503 402 "-" "Mozilla/5.0 (compatible; Googlebot/2.1; +http://www.google.com/bot.html)"
31.184.236.224 - - [13/Oct/2011:17:42:48 +0800] "GET http://proxy.parser.by/check_proxy.php HTTP/1.1" 503 403 "http://proxy.parser.by/referrer.php" "-"
207.46.199.185 - - [13/Oct/2011:18:03:59 +0800] "GET /robots.txt HTTP/1.1" 503 402 "-" "Mozilla/5.0 (compatible; bingbot/2.0; +http://www.bing.com/bingbot.htm)"
31.184.236.224 - - [13/Oct/2011:18:14:45 +0800] "GET http://proxy.parser.by/check_proxy.php HTTP/1.1" 503 403 "http://proxy.parser.by/referrer.php" "-"
123.125.71.103 - - [13/Oct/2011:18:32:42 +0800] "GET / HTTP/1.1" 503 402 "-" "Mozilla/5.0 (compatible; Baiduspider/2.0; +http://www.baidu.com/search/spider.html)"
220.181.108.174 - - [13/Oct/2011:18:33:11 +0800] "GET / HTTP/1.1" 503 402 "-" "Mozilla/5.0 (compatible; Baiduspider/2.0; +http://www.baidu.com/search/spider.html)"
125.72.92.114 - - [13/Oct/2011:18:34:30 +0800] "GET /system/images/0000/0050/lemao01_medium.png HTTP/1.1" 503 406 "http://image.baidu.com/i?ct=503316480&z=0&tn=baiduimagedetail&word=%C7%E0%BA%A3%BE%C3%C3%C0%EA%B0%D2%BD%D4%BA&in=7921&cl=2&lm=-1&pn=0&rn=1&di=19598443035&ln=2000&fr=&fmq=&ic=&s=&se=&sme=0&tab=&width=&height=&face=&is=&istype=" "Mozilla/4.0 (compatible; MSIE 7.0; Windows NT 5.1; Trident/4.0; .NET CLR 2.0.50727; .NET CLR 3.0.4506.2152; .NET CLR 3.5.30729; Media Center PC 6.0)"
125.72.92.114 - - [13/Oct/2011:18:35:02 +0800] "GET /system/images/0000/0064/_____medium.jpg HTTP/1.1" 503 406 "http://image.baidu.com/i?ct=503316480&z=0&tn=baiduimagedetail&word=%C7%E0%BA%A3%BE%C3%C3%C0%EA%B0%D2%BD%D4%BA&in=7921&cl=2&lm=-1&pn=0&rn=1&di=19598443035&ln=2000&fr=&fmq=&ic=&s=&se=&sme=0&tab=&width=&height=&face=&is=&istype=" "Mozilla/4.0 (compatible; MSIE 7.0; Windows NT 5.1; Trident/4.0; .NET CLR 2.0.50727; .NET CLR 3.0.4506.2152; .NET CLR 3.5.30729; Media Center PC 6.0)"
31.184.236.224 - - [13/Oct/2011:18:48:26 +0800] "GET http://proxy.parser.by/check_proxy.php HTTP/1.1" 503 403 "http://proxy.parser.by/referrer.php" "-"
120.197.83.198 - - [13/Oct/2011:19:02:34 +0800] "GET / HTTP/1.1" 503 406 "-" "Nokia7373"
114.80.93.71 - - [13/Oct/2011:19:02:42 +0800] "GET / HTTP/1.1" 503 406 "-" "Mozilla/4.0 (compatible; MSIE 6.0; Windows NT 5.1)"
203.208.60.210 - - [13/Oct/2011:19:03:46 +0800] "GET /robots.txt HTTP/1.1" 503 406 "-" "Mozilla/5.0 (compatible; Googlebot/2.1; +http://www.google.com/bot.html)"
120.197.83.198 - - [13/Oct/2011:19:04:12 +0800] "GET / HTTP/1.1" 503 406 "-" "Nokia7373"
61.135.249.17 - - [13/Oct/2011:19:11:41 +0800] "GET /robots.txt HTTP/1.1" 503 402 "-" "Mozilla/5.0 (compatible;YodaoBot-Image/1.0;http://www.youdao.com/help/webmaster/spider/;)"
61.135.249.17 - - [13/Oct/2011:19:11:41 +0800] "GET /theme/images/site/header2.jpg HTTP/1.1" 503 402 "http://image.youdao.com/imagesa?q=youdao&ue=utf8&thumbpos=7#pos=12&stid=509e418f9b33f9f3" "Mozilla/5.0 (compatible;YodaoBot-Image/1.0;http://www.youdao.com/help/webmaster/spider/;)"
61.135.249.17 - - [13/Oct/2011:19:11:41 +0800] "GET /system/images/0000/0075/lemao_story00_large.jpg HTTP/1.1" 503 402 "http://image.youdao.com/imagesa?q=youdao&ue=utf8&thumbpos=7#pos=12&stid=509e418f9b33f9f3" "Mozilla/5.0 (compatible;YodaoBot-Image/1.0;http://www.youdao.com/help/webmaster/spider/;)"
61.135.249.17 - - [13/Oct/2011:19:11:41 +0800] "GET /system/images/0000/0082/lemao_story01_large.jpg HTTP/1.1" 503 402 "http://image.youdao.com/imagesa?q=youdao&ue=utf8&thumbpos=7#pos=12&stid=509e418f9b33f9f3" "Mozilla/5.0 (compatible;YodaoBot-Image/1.0;http://www.youdao.com/help/webmaster/spider/;)"
61.135.249.17 - - [13/Oct/2011:19:11:41 +0800] "GET /theme/images/site/text_size_1.gif HTTP/1.1" 503 402 "http://image.youdao.com/imagesa?q=youdao&ue=utf8&thumbpos=7#pos=12&stid=509e418f9b33f9f3" "Mozilla/5.0 (compatible;YodaoBot-Image/1.0;http://www.youdao.com/help/webmaster/spider/;)"
61.135.249.17 - - [13/Oct/2011:19:11:41 +0800] "GET /theme/images/site/text_size_2.gif HTTP/1.1" 503 402 "http://image.youdao.com/imagesa?q=youdao&ue=utf8&thumbpos=7#pos=12&stid=509e418f9b33f9f3" "Mozilla/5.0 (compatible;YodaoBot-Image/1.0;http://www.youdao.com/help/webmaster/spider/;)"
61.135.249.17 - - [13/Oct/2011:19:11:41 +0800] "GET /theme/images/bitbybit-logo.jpg HTTP/1.1" 503 402 "http://image.youdao.com/imagesa?q=youdao&ue=utf8&thumbpos=7#pos=12&stid=509e418f9b33f9f3" "Mozilla/5.0 (compatible;YodaoBot-Image/1.0;http://www.youdao.com/help/webmaster/spider/;)"
61.135.249.17 - - [13/Oct/2011:19:11:41 +0800] "GET /theme/images/site/diandi.jpg HTTP/1.1" 503 402 "http://image.youdao.com/imagesa?q=youdao&ue=utf8&thumbpos=7#pos=12&stid=509e418f9b33f9f3" "Mozilla/5.0 (compatible;YodaoBot-Image/1.0;http://www.youdao.com/help/webmaster/spider/;)"
61.135.249.17 - - [13/Oct/2011:19:11:41 +0800] "GET /theme/images/sinaweibo.png HTTP/1.1" 503 402 "http://image.youdao.com/imagesa?q=youdao&ue=utf8&thumbpos=7#pos=12&stid=509e418f9b33f9f3" "Mozilla/5.0 (compatible;YodaoBot-Image/1.0;http://www.youdao.com/help/webmaster/spider/;)"
61.135.249.17 - - [13/Oct/2011:19:11:41 +0800] "GET /theme/images/youkulogo.png HTTP/1.1" 503 402 "http://image.youdao.com/imagesa?q=youdao&ue=utf8&thumbpos=7#pos=12&stid=509e418f9b33f9f3" "Mozilla/5.0 (compatible;YodaoBot-Image/1.0;http://www.youdao.com/help/webmaster/spider/;)"
61.135.249.17 - - [13/Oct/2011:19:11:41 +0800] "GET /theme/images/sinablog.png HTTP/1.1" 503 402 "http://image.youdao.com/imagesa?q=youdao&ue=utf8&thumbpos=7#pos=12&stid=509e418f9b33f9f3" "Mozilla/5.0 (compatible;YodaoBot-Image/1.0;http://www.youdao.com/help/webmaster/spider/;)"
123.125.71.25 - - [13/Oct/2011:19:17:05 +0800] "GET /project?page=2 HTTP/1.1" 503 406 "-" "Mozilla/5.0 (compatible; Baiduspider/2.0; +http://www.baidu.com/search/spider.html)"
61.135.248.228 - - [13/Oct/2011:19:30:21 +0800] "GET / HTTP/1.1" 503 402 "-" "Mozilla/5.0 (compatible; YodaoBot/1.0; http://www.yodao.com/help/webmaster/spider/; )"
123.125.71.12 - - [13/Oct/2011:19:31:40 +0800] "GET /robots.txt HTTP/1.1" 503 402 "-" "Baiduspider+(+http://www.baidu.com/search/spider.htm)"
204.236.235.245 - - [13/Oct/2011:19:33:51 +0800] "GET /robots.txt HTTP/1.0" 503 406 "-" "ia_archiver (+http://www.alexa.com/site/help/webmasters; crawler@alexa.com)"
116.225.232.65 - - [13/Oct/2011:19:39:07 +0800] "GET / HTTP/1.1" 503 406 "-" "Mozilla/5.0 (iPhone; U; CPU iPhone OS 4_3_5 like Mac OS X; zh-cn) AppleWebKit/533.17.9 (KHTML, like Gecko) Version/5.0.2 Mobile/8L1 Safari/6533.18.5"
116.225.232.65 - - [13/Oct/2011:19:39:11 +0800] "GET / HTTP/1.1" 503 406 "-" "Mozilla/5.0 (iPhone; U; CPU iPhone OS 4_3_5 like Mac OS X; zh-cn) AppleWebKit/533.17.9 (KHTML, like Gecko) Version/5.0.2 Mobile/8L1 Safari/6533.18.5"
116.225.232.65 - - [13/Oct/2011:19:39:16 +0800] "GET / HTTP/1.1" 503 406 "-" "Mozilla/5.0 (iPhone; U; CPU iPhone OS 4_3_5 like Mac OS X; zh-cn) AppleWebKit/533.17.9 (KHTML, like Gecko) Version/5.0.2 Mobile/8L1 Safari/6533.18.5"
116.225.232.65 - - [13/Oct/2011:19:40:06 +0800] "GET / HTTP/1.1" 503 406 "-" "Mozilla/5.0 (iPhone; U; CPU iPhone OS 4_3_5 like Mac OS X; zh-cn) AppleWebKit/533.17.9 (KHTML, like Gecko) Version/5.0.2 Mobile/8L1 Safari/6533.18.5"
116.225.232.65 - - [13/Oct/2011:19:40:11 +0800] "GET / HTTP/1.1" 503 406 "-" "Mozilla/5.0 (iPhone; U; CPU iPhone OS 4_3_5 like Mac OS X; zh-cn) AppleWebKit/533.17.9 (KHTML, like Gecko) Version/5.0.2 Mobile/8L1 Safari/6533.18.5"
116.225.232.65 - - [13/Oct/2011:19:40:14 +0800] "GET / HTTP/1.1" 503 406 "-" "Mozilla/5.0 (iPhone; U; CPU iPhone OS 4_3_5 like Mac OS X; zh-cn) AppleWebKit/533.17.9 (KHTML, like Gecko) Version/5.0.2 Mobile/8L1 Safari/6533.18.5"
31.184.236.15 - - [13/Oct/2011:19:52:04 +0800] "GET http://proxy.parser.by/check_proxy.php HTTP/1.1" 503 403 "http://proxy.parser.by/referrer.php" "-"
220.181.51.227 - - [13/Oct/2011:19:55:22 +0800] "GET /system/images/0000/0050/lemao01_medium.png HTTP/1.0" 503 406 "http://image.baidu.com/" "Mozilla/4.0i(compatible;MSIE 6.0)"
220.181.51.224 - - [13/Oct/2011:19:55:22 +0800] "GET /system/images/0000/0064/_____medium.jpg HTTP/1.0" 503 406 "http://image.baidu.com/" "Mozilla/4.0i(compatible;MSIE 6.0)"
31.184.236.15 - - [13/Oct/2011:20:23:56 +0800] "GET http://proxy.parser.by/check_proxy.php HTTP/1.1" 503 403 "http://proxy.parser.by/referrer.php" "-"
203.208.60.195 - - [13/Oct/2011:20:30:42 +0800] "GET /robots.txt HTTP/1.1" 503 406 "-" "Mozilla/5.0 (compatible; Googlebot/2.1; +http://www.google.com/bot.html)"
123.125.71.101 - - [13/Oct/2011:20:33:59 +0800] "GET / HTTP/1.1" 503 402 "-" "Mozilla/5.0 (compatible; Baiduspider/2.0; +http://www.baidu.com/search/spider.html)"
31.184.236.15 - - [13/Oct/2011:20:55:53 +0800] "GET http://proxy.parser.by/check_proxy.php HTTP/1.1" 503 403 "http://proxy.parser.by/referrer.php" "-"
123.147.251.101 - - [13/Oct/2011:21:11:38 +0800] "GET / HTTP/1.1" 503 406 "-" "Mozilla/4.0 (compatible; MSIE 8.0; Windows NT 5.1; Trident/4.0; SMT Player 3.9.1.430; .NET CLR 1.1.4322; InfoPath.2; .NET CLR 2.0.50727; 360SE)"
123.147.251.101 - - [13/Oct/2011:21:11:40 +0800] "GET /favicon.ico HTTP/1.1" 503 406 "-" "Mozilla/4.0 (compatible; MSIE 8.0; Windows NT 5.1; Trident/4.0; SMT Player 3.9.1.430; .NET CLR 1.1.4322; InfoPath.2; .NET CLR 2.0.50727; 360SE; 360SE)"
123.147.251.101 - - [13/Oct/2011:21:11:50 +0800] "GET / HTTP/1.1" 503 406 "-" "Mozilla/4.0 (compatible; MSIE 8.0; Windows NT 5.1; Trident/4.0; SMT Player 3.9.1.430; .NET CLR 1.1.4322; InfoPath.2; .NET CLR 2.0.50727; 360SE)"
58.19.99.37 - - [13/Oct/2011:21:17:38 +0800] "GET / HTTP/1.1" 503 406 "-" "Mozilla/4.0 (compatible; MSIE 8.0; Windows NT 5.1; Trident/4.0; .NET CLR 2.0.50727; TheWorld)"
58.19.99.37 - - [13/Oct/2011:21:17:39 +0800] "GET /favicon.ico HTTP/1.1" 503 406 "-" "Mozilla/4.0 (compatible; MSIE 8.0; Windows NT 5.1; Trident/4.0; .NET CLR 2.0.50727; TheWorld)"
123.125.71.38 - - [13/Oct/2011:21:19:19 +0800] "GET /project/%E9%AB%98%E5%8E%9F%E6%B4%97%E6%BE%A1%E5%AE%A4%E9%A1%B9%E7%9B%AE%E8%AE%A1%E5%88%92%E4%B9%A6 HTTP/1.1" 503 406 "-" "Mozilla/5.0 (compatible; Baiduspider/2.0; +http://www.baidu.com/search/spider.html)"
31.184.236.15 - - [13/Oct/2011:21:27:56 +0800] "GET http://proxy.parser.by/check_proxy.php HTTP/1.1" 503 403 "http://proxy.parser.by/referrer.php" "-"
222.65.95.24 - - [13/Oct/2011:21:48:57 +0800] "GET /favicon.ico HTTP/1.1" 503 406 "-" "Mozilla/4.0 (compatible; MSIE 5.00; Windows 98)"
203.208.60.181 - - [13/Oct/2011:21:57:21 +0800] "GET /robots.txt HTTP/1.1" 503 402 "-" "Mozilla/5.0 (compatible; Googlebot/2.1; +http://www.google.com/bot.html)"
124.115.0.18 - - [13/Oct/2011:22:01:09 +0800] "GET /news?page=3 HTTP/1.1" 503 402 "-" "Sosospider+(+http://help.soso.com/webspider.htm)"
31.184.236.15 - - [13/Oct/2011:22:01:58 +0800] "GET http://proxy.parser.by/check_proxy.php HTTP/1.1" 503 403 "http://proxy.parser.by/referrer.php" "-"
61.135.249.153 - - [13/Oct/2011:22:11:30 +0800] "GET / HTTP/1.1" 503 402 "-" "Mozilla/5.0 (compatible; YodaoBot/1.0; http://www.yodao.com/help/webmaster/spider/; )"
124.115.0.110 - - [13/Oct/2011:22:12:16 +0800] "GET /inquiries/new HTTP/1.1" 503 402 "-" "Sosospider+(+http://help.soso.com/webspider.htm)"
124.115.4.194 - - [13/Oct/2011:22:13:37 +0800] "GET / HTTP/1.1" 503 406 "-" "Sosospider+(+http://help.soso.com/webspider.htm)"
124.115.0.28 - - [13/Oct/2011:22:23:23 +0800] "GET /project/%E8%BE%BE%E6%97%A5%E7%89%A9%E8%B5%84%E5%B8%AE%E5%8A%A9%E9%A1%B9%E7%9B%AE%E5%AE%8C%E6%88%90%E6%8A%A5%E5%91%8A HTTP/1.1" 503 402 "-" "Sosospider+(+http://help.soso.com/webspider.htm)"
203.208.60.163 - - [13/Oct/2011:22:26:14 +0800] "GET /robots.txt HTTP/1.1" 503 406 "-" "Mozilla/5.0 (compatible; Googlebot/2.1; +http://www.google.com/bot.html)"
123.125.71.108 - - [13/Oct/2011:22:31:26 +0800] "GET / HTTP/1.1" 503 402 "-" "Mozilla/5.0 (compatible; Baiduspider/2.0; +http://www.baidu.com/search/spider.html)"
220.181.108.165 - - [13/Oct/2011:22:31:54 +0800] "GET / HTTP/1.1" 503 402 "-" "Mozilla/5.0 (compatible; Baiduspider/2.0; +http://www.baidu.com/search/spider.html)"
124.115.0.141 - - [13/Oct/2011:22:34:30 +0800] "GET /project/%E7%8E%89%E6%A0%91%E4%B8%8B%E6%8B%89%E7%A7%80%E9%95%87%E4%B8%AD%E5%BF%83%E5%AF%84%E5%AE%BF%E5%AD%A6%E6%A0%A1%E8%94%AC%E8%8F%9C%E6%A3%9A%E9%A1%B9%E7%9B%AE HTTP/1.1" 503 402 "-" "Sosospider+(+http://help.soso.com/webspider.htm)"
31.184.236.15 - - [13/Oct/2011:22:35:06 +0800] "GET http://proxy.parser.by/check_proxy.php HTTP/1.1" 503 403 "http://proxy.parser.by/referrer.php" "-"
182.150.218.180 - - [13/Oct/2011:22:39:39 +0800] "GET / HTTP/1.1" 503 406 "-" "Mozilla/5.0 (Windows NT 6.1; WOW64; rv:7.0.1) Gecko/20100101 Firefox/7.0.1"
182.150.218.180 - - [13/Oct/2011:22:48:29 +0800] "GET /theme/stylesheets/application.css?1299845140 HTTP/1.1" 304 - "http://www.yidianyidi.org/" "Mozilla/5.0 (Windows NT 6.1; WOW64; rv:7.0.1) Gecko/20100101 Firefox/7.0.1"
182.150.218.180 - - [13/Oct/2011:22:48:29 +0800] "GET /stylesheets/theme.css?1299845153 HTTP/1.1" 304 - "http://www.yidianyidi.org/" "Mozilla/5.0 (Windows NT 6.1; WOW64; rv:7.0.1) Gecko/20100101 Firefox/7.0.1"
182.150.218.180 - - [13/Oct/2011:22:48:29 +0800] "GET /javascripts/refinery/jquery.js?1299845946 HTTP/1.1" 304 - "http://www.yidianyidi.org/" "Mozilla/5.0 (Windows NT 6.1; WOW64; rv:7.0.1) Gecko/20100101 Firefox/7.0.1"
182.150.218.180 - - [13/Oct/2011:22:48:29 +0800] "GET /theme/stylesheets/formatting.css?1299845142 HTTP/1.1" 304 - "http://www.yidianyidi.org/" "Mozilla/5.0 (Windows NT 6.1; WOW64; rv:7.0.1) Gecko/20100101 Firefox/7.0.1"
182.150.218.180 - - [13/Oct/2011:22:48:30 +0800] "GET /theme/images/bitbybit-logo.jpg HTTP/1.1" 304 - "http://www.yidianyidi.org/" "Mozilla/5.0 (Windows NT 6.1; WOW64; rv:7.0.1) Gecko/20100101 Firefox/7.0.1"
182.150.218.180 - - [13/Oct/2011:22:48:30 +0800] "GET /stylesheets/refinery/application.css HTTP/1.1" 304 - "http://www.yidianyidi.org/theme/stylesheets/application.css?1299845140" "Mozilla/5.0 (Windows NT 6.1; WOW64; rv:7.0.1) Gecko/20100101 Firefox/7.0.1"
182.150.218.180 - - [13/Oct/2011:22:48:30 +0800] "GET /stylesheets/refinery/theme.css HTTP/1.1" 304 - "http://www.yidianyidi.org/stylesheets/theme.css?1299845153" "Mozilla/5.0 (Windows NT 6.1; WOW64; rv:7.0.1) Gecko/20100101 Firefox/7.0.1"
182.150.218.180 - - [13/Oct/2011:22:48:30 +0800] "GET /stylesheets/refinery/formatting.css HTTP/1.1" 304 - "http://www.yidianyidi.org/theme/stylesheets/formatting.css?1299845142" "Mozilla/5.0 (Windows NT 6.1; WOW64; rv:7.0.1) Gecko/20100101 Firefox/7.0.1"
182.150.218.180 - - [13/Oct/2011:22:48:31 +0800] "GET /theme/stylesheets/home.css?1299845146 HTTP/1.1" 304 - "http://www.yidianyidi.org/" "Mozilla/5.0 (Windows NT 6.1; WOW64; rv:7.0.1) Gecko/20100101 Firefox/7.0.1"
182.150.218.180 - - [13/Oct/2011:22:48:31 +0800] "GET /theme/images/sinablog.png HTTP/1.1" 304 - "http://www.yidianyidi.org/" "Mozilla/5.0 (Windows NT 6.1; WOW64; rv:7.0.1) Gecko/20100101 Firefox/7.0.1"
182.150.218.180 - - [13/Oct/2011:22:48:31 +0800] "GET /stylesheets/refinery/home.css HTTP/1.1" 304 - "http://www.yidianyidi.org/theme/stylesheets/home.css?1299845146" "Mozilla/5.0 (Windows NT 6.1; WOW64; rv:7.0.1) Gecko/20100101 Firefox/7.0.1"
182.150.218.180 - - [13/Oct/2011:22:48:33 +0800] "GET /theme/images/youkulogo.png HTTP/1.1" 304 - "http://www.yidianyidi.org/" "Mozilla/5.0 (Windows NT 6.1; WOW64; rv:7.0.1) Gecko/20100101 Firefox/7.0.1"
182.150.218.180 - - [13/Oct/2011:22:48:34 +0800] "GET /theme/images/sinaweibo.png HTTP/1.1" 304 - "http://www.yidianyidi.org/" "Mozilla/5.0 (Windows NT 6.1; WOW64; rv:7.0.1) Gecko/20100101 Firefox/7.0.1"
182.150.218.180 - - [13/Oct/2011:22:48:35 +0800] "GET /javascripts/refinery/easySlider1.7.js?1299845937 HTTP/1.1" 304 - "http://www.yidianyidi.org/" "Mozilla/5.0 (Windows NT 6.1; WOW64; rv:7.0.1) Gecko/20100101 Firefox/7.0.1"
182.150.218.180 - - [13/Oct/2011:22:48:35 +0800] "GET /theme/images/ga2-orange-bar.gif HTTP/1.1" 304 - "http://www.yidianyidi.org/theme/stylesheets/application.css?1299845140" "Mozilla/5.0 (Windows NT 6.1; WOW64; rv:7.0.1) Gecko/20100101 Firefox/7.0.1"
182.150.218.180 - - [13/Oct/2011:22:48:35 +0800] "GET /theme/images/ga2-orange-bar-hover.gif HTTP/1.1" 304 - "http://www.yidianyidi.org/theme/stylesheets/application.css?1299845140" "Mozilla/5.0 (Windows NT 6.1; WOW64; rv:7.0.1) Gecko/20100101 Firefox/7.0.1"
182.150.218.180 - - [13/Oct/2011:22:48:38 +0800] "GET /theme/images/home/07.000.jpg HTTP/1.1" 304 - "http://www.yidianyidi.org/" "Mozilla/5.0 (Windows NT 6.1; WOW64; rv:7.0.1) Gecko/20100101 Firefox/7.0.1"
182.150.218.180 - - [13/Oct/2011:22:48:38 +0800] "GET /theme/images/home/03.000.jpg HTTP/1.1" 304 - "http://www.yidianyidi.org/" "Mozilla/5.0 (Windows NT 6.1; WOW64; rv:7.0.1) Gecko/20100101 Firefox/7.0.1"
182.150.218.180 - - [13/Oct/2011:22:48:39 +0800] "GET /theme/images/home/06.000.jpg HTTP/1.1" 304 - "http://www.yidianyidi.org/" "Mozilla/5.0 (Windows NT 6.1; WOW64; rv:7.0.1) Gecko/20100101 Firefox/7.0.1"
182.150.218.180 - - [13/Oct/2011:22:48:41 +0800] "GET /theme/images/home/01.000.jpg HTTP/1.1" 304 - "http://www.yidianyidi.org/" "Mozilla/5.0 (Windows NT 6.1; WOW64; rv:7.0.1) Gecko/20100101 Firefox/7.0.1"
182.150.218.180 - - [13/Oct/2011:22:48:41 +0800] "GET /theme/images/home/02.000.jpg HTTP/1.1" 304 - "http://www.yidianyidi.org/" "Mozilla/5.0 (Windows NT 6.1; WOW64; rv:7.0.1) Gecko/20100101 Firefox/7.0.1"
182.150.218.180 - - [13/Oct/2011:22:48:41 +0800] "GET /theme/images/ga2-orange-bar-divider.gif HTTP/1.1" 304 - "http://www.yidianyidi.org/theme/stylesheets/application.css?1299845140" "Mozilla/5.0 (Windows NT 6.1; WOW64; rv:7.0.1) Gecko/20100101 Firefox/7.0.1"
182.150.218.180 - - [13/Oct/2011:22:48:27 +0800] "GET / HTTP/1.1" 200 19361 "-" "Mozilla/5.0 (Windows NT 6.1; WOW64; rv:7.0.1) Gecko/20100101 Firefox/7.0.1"
182.150.218.180 - - [13/Oct/2011:22:49:14 +0800] "GET /theme/images/home/04.000.jpg HTTP/1.1" 304 - "http://www.yidianyidi.org/" "Mozilla/5.0 (Windows NT 6.1; WOW64; rv:7.0.1) Gecko/20100101 Firefox/7.0.1"
182.150.218.180 - - [13/Oct/2011:22:49:14 +0800] "GET /system/images/0000/0047/video-icon.jpg HTTP/1.1" 304 - "http://www.yidianyidi.org/" "Mozilla/5.0 (Windows NT 6.1; WOW64; rv:7.0.1) Gecko/20100101 Firefox/7.0.1"
182.150.218.180 - - [13/Oct/2011:22:49:14 +0800] "GET /system/images/0000/0040/contact_us.png HTTP/1.1" 304 - "http://www.yidianyidi.org/" "Mozilla/5.0 (Windows NT 6.1; WOW64; rv:7.0.1) Gecko/20100101 Firefox/7.0.1"
182.150.218.180 - - [13/Oct/2011:22:49:15 +0800] "GET /theme/images/diandi_small.jpg HTTP/1.1" 304 - "http://www.yidianyidi.org/" "Mozilla/5.0 (Windows NT 6.1; WOW64; rv:7.0.1) Gecko/20100101 Firefox/7.0.1"
182.150.218.180 - - [13/Oct/2011:22:49:15 +0800] "GET /system/images/0000/0054/2010_financial_chart_large.jpg HTTP/1.1" 304 - "http://www.yidianyidi.org/" "Mozilla/5.0 (Windows NT 6.1; WOW64; rv:7.0.1) Gecko/20100101 Firefox/7.0.1"
182.150.218.180 - - [13/Oct/2011:22:49:15 +0800] "GET /theme/images/footer-logo.png HTTP/1.1" 304 - "http://www.yidianyidi.org/theme/stylesheets/application.css?1299845140" "Mozilla/5.0 (Windows NT 6.1; WOW64; rv:7.0.1) Gecko/20100101 Firefox/7.0.1"
182.150.218.180 - - [13/Oct/2011:22:49:15 +0800] "GET /theme/stylesheets/btn_prev.gif HTTP/1.1" 404 - "http://www.yidianyidi.org/theme/stylesheets/home.css?1299845146" "Mozilla/5.0 (Windows NT 6.1; WOW64; rv:7.0.1) Gecko/20100101 Firefox/7.0.1"
182.150.218.180 - - [13/Oct/2011:22:49:15 +0800] "GET /theme/stylesheets/btn_next.gif HTTP/1.1" 404 - "http://www.yidianyidi.org/theme/stylesheets/home.css?1299845146" "Mozilla/5.0 (Windows NT 6.1; WOW64; rv:7.0.1) Gecko/20100101 Firefox/7.0.1"
203.208.60.195 - - [13/Oct/2011:22:55:26 +0800] "GET /robots.txt HTTP/1.1" 503 406 "-" "Mozilla/5.0 (compatible; Googlebot/2.1; +http://www.google.com/bot.html)"
220.181.108.93 - - [13/Oct/2011:22:56:47 +0800] "HEAD /system/images/0000/0089/logo_medium.jpg HTTP/1.1" 503 - "-" "Baiduspider-image+(+http://www.baidu.com/search/spider.htm)"
124.115.0.17 - - [13/Oct/2011:22:59:36 +0800] "GET /contact HTTP/1.1" 503 402 "-" "Sosospider+(+http://help.soso.com/webspider.htm)"
31.184.236.224 - - [13/Oct/2011:23:07:43 +0800] "GET http://proxy.parser.by/check_proxy.php HTTP/1.1" 503 403 "http://proxy.parser.by/referrer.php" "-"
124.115.0.17 - - [13/Oct/2011:23:12:57 +0800] "GET / HTTP/1.1" 503 402 "-" "Sosospider+(+http://help.soso.com/webspider.htm)"
123.125.71.36 - - [13/Oct/2011:23:31:15 +0800] "GET /project/categories/%E7%89%A9%E8%B4%A8%E5%B8%AE%E5%8A%A9%E9%A1%B9%E7%9B%AE HTTP/1.1" 503 406 "-" "Mozilla/5.0 (compatible; Baiduspider/2.0; +http://www.baidu.com/search/spider.html)"
31.184.236.224 - - [14/Oct/2011:00:11:53 +0800] "GET http://proxy.parser.by/check_proxy.php HTTP/1.1" 503 403 "http://proxy.parser.by/referrer.php" "-"
180.152.122.111 - - [14/Oct/2011:00:13:07 +0800] "GET / HTTP/1.1" 503 406 "-" "Mozilla/4.0 (compatible; MSIE 8.0; Windows NT 6.1; Trident/4.0; SLCC2; .NET CLR 2.0.50727; .NET CLR 3.5.30729; .NET CLR 3.0.30729; Media Center PC 6.0; .NET4.0C)"
180.152.122.111 - - [14/Oct/2011:00:13:11 +0800] "GET /favicon.ico HTTP/1.1" 503 406 "-" "Mozilla/4.0 (compatible; MSIE 8.0; Windows NT 6.1; Trident/4.0; SLCC2; .NET CLR 2.0.50727; .NET CLR 3.5.30729; .NET CLR 3.0.30729; Media Center PC 6.0; .NET4.0C)"
157.55.50.12 - - [14/Oct/2011:00:17:17 +0800] "GET /robots.txt HTTP/1.1" 503 402 "-" "Mozilla/5.0 (compatible; bingbot/2.0; +http://www.bing.com/bingbot.htm)"
61.135.249.214 - - [14/Oct/2011:00:21:00 +0800] "GET /robots.txt HTTP/1.1" 503 406 "-" "Mozilla/5.0 (compatible; YoudaoBot/1.0; http://www.youdao.com/help/webmaster/spider/; )"
61.135.249.214 - - [14/Oct/2011:00:21:00 +0800] "GET /news/year/2011?page=1 HTTP/1.1" 503 406 "-" "Mozilla/5.0 (compatible; YoudaoBot/1.0; http://www.youdao.com/help/webmaster/spider/; )"
203.208.60.91 - - [14/Oct/2011:00:22:01 +0800] "GET /robots.txt HTTP/1.1" 503 406 "-" "Mozilla/5.0 (compatible; Googlebot/2.1; +http://www.google.com/bot.html)"
61.135.249.166 - - [14/Oct/2011:00:33:03 +0800] "GET /robots.txt HTTP/1.1" 503 406 "-" "Mozilla/5.0 (compatible;YodaoBot-Image/1.0;http://www.youdao.com/help/webmaster/spider/;)"
61.135.249.166 - - [14/Oct/2011:00:33:03 +0800] "HEAD /system/images/0000/0044/home_news_title.png HTTP/1.1" 503 - "http://image.youdao.com/imagesa?q=youdao&ue=utf8&thumbpos=7#pos=12&stid=509e418f9b33f9f3" "Mozilla/5.0 (compatible;YodaoBot-Image/1.0;http://www.youdao.com/help/webmaster/spider/;)"
61.135.249.166 - - [14/Oct/2011:00:33:03 +0800] "HEAD /theme/images/site/text_size_1.gif HTTP/1.1" 503 - "http://image.youdao.com/imagesa?q=youdao&ue=utf8&thumbpos=7#pos=12&stid=509e418f9b33f9f3" "Mozilla/5.0 (compatible;YodaoBot-Image/1.0;http://www.youdao.com/help/webmaster/spider/;)"
61.135.249.166 - - [14/Oct/2011:00:33:03 +0800] "HEAD /system/images/0000/0107/child01.JPG HTTP/1.1" 503 - "http://image.youdao.com/imagesa?q=youdao&ue=utf8&thumbpos=7#pos=12&stid=509e418f9b33f9f3" "Mozilla/5.0 (compatible;YodaoBot-Image/1.0;http://www.youdao.com/help/webmaster/spider/;)"
61.135.249.166 - - [14/Oct/2011:00:33:03 +0800] "HEAD /theme/images/site/diandi.jpg HTTP/1.1" 503 - "http://image.youdao.com/imagesa?q=youdao&ue=utf8&thumbpos=7#pos=12&stid=509e418f9b33f9f3" "Mozilla/5.0 (compatible;YodaoBot-Image/1.0;http://www.youdao.com/help/webmaster/spider/;)"
61.135.249.166 - - [14/Oct/2011:00:33:03 +0800] "HEAD /system/images/0000/0058/home_voices_title.png HTTP/1.1" 503 - "http://image.youdao.com/imagesa?q=youdao&ue=utf8&thumbpos=7#pos=12&stid=509e418f9b33f9f3" "Mozilla/5.0 (compatible;YodaoBot-Image/1.0;http://www.youdao.com/help/webmaster/spider/;)"
61.135.249.166 - - [14/Oct/2011:00:33:03 +0800] "HEAD /system/images/0000/0065/le_mao.PNG HTTP/1.1" 503 - "http://image.youdao.com/imagesa?q=youdao&ue=utf8&thumbpos=7#pos=12&stid=509e418f9b33f9f3" "Mozilla/5.0 (compatible;YodaoBot-Image/1.0;http://www.youdao.com/help/webmaster/spider/;)"
61.135.249.166 - - [14/Oct/2011:00:33:03 +0800] "HEAD /theme/images/site/header2.jpg HTTP/1.1" 503 - "http://image.youdao.com/imagesa?q=youdao&ue=utf8&thumbpos=7#pos=12&stid=509e418f9b33f9f3" "Mozilla/5.0 (compatible;YodaoBot-Image/1.0;http://www.youdao.com/help/webmaster/spider/;)"
61.135.249.166 - - [14/Oct/2011:00:33:03 +0800] "HEAD /system/images/0000/0135/DSC06958_side_body.JPG HTTP/1.1" 503 - "http://image.youdao.com/imagesa?q=youdao&ue=utf8&thumbpos=7#pos=12&stid=509e418f9b33f9f3" "Mozilla/5.0 (compatible;YodaoBot-Image/1.0;http://www.youdao.com/help/webmaster/spider/;)"
61.135.249.166 - - [14/Oct/2011:00:33:03 +0800] "HEAD /theme/images/site/text_size_2.gif HTTP/1.1" 503 - "http://image.youdao.com/imagesa?q=youdao&ue=utf8&thumbpos=7#pos=12&stid=509e418f9b33f9f3" "Mozilla/5.0 (compatible;YodaoBot-Image/1.0;http://www.youdao.com/help/webmaster/spider/;)"
123.125.71.109 - - [14/Oct/2011:00:48:28 +0800] "GET / HTTP/1.1" 503 402 "-" "Mozilla/5.0 (compatible; Baiduspider/2.0; +http://www.baidu.com/search/spider.html)"
220.181.108.185 - - [14/Oct/2011:00:49:20 +0800] "GET / HTTP/1.1" 503 402 "-" "Mozilla/5.0 (compatible; Baiduspider/2.0; +http://www.baidu.com/search/spider.html)"
61.135.249.45 - - [14/Oct/2011:00:49:33 +0800] "GET / HTTP/1.1" 503 402 "-" "Mozilla/5.0 (compatible; YodaoBot/1.0; http://www.yodao.com/help/webmaster/spider/; )"
123.125.71.104 - - [14/Oct/2011:01:12:02 +0800] "GET /news/%E4%B8%80%E7%82%B9%E4%B8%80%E6%BB%B42011%E5%B9%B47%E6%9C%88%E9%9D%92%E6%B5%B7%E8%80%83%E5%AF%9F%E6%B4%BB%E5%8A%A8%E6%80%BB%E7%BB%93 HTTP/1.1" 503 406 "-" "Mozilla/5.0 (compatible; Baiduspider/2.0; +http://www.baidu.com/search/spider.html)"
31.184.236.224 - - [14/Oct/2011:01:15:47 +0800] "GET http://proxy.parser.by/check_proxy.php HTTP/1.1" 503 403 "http://proxy.parser.by/referrer.php" "-"
31.184.236.224 - - [14/Oct/2011:01:47:53 +0800] "GET http://proxy.parser.by/check_proxy.php HTTP/1.1" 503 403 "http://proxy.parser.by/referrer.php" "-"
203.208.60.181 - - [14/Oct/2011:01:49:00 +0800] "GET /robots.txt HTTP/1.1" 503 402 "-" "Mozilla/5.0 (compatible; Googlebot/2.1; +http://www.google.com/bot.html)"
61.135.249.214 - - [14/Oct/2011:01:49:52 +0800] "GET /guan-yu-wo-men/ren-yuan-yu-zu-zhi HTTP/1.1" 503 406 "-" "Mozilla/5.0 (compatible; YoudaoBot/1.0; http://www.youdao.com/help/webmaster/spider/; )"
207.46.13.98 - - [14/Oct/2011:01:57:58 +0800] "GET /robots.txt HTTP/1.1" 503 402 "-" "Mozilla/5.0 (compatible; bingbot/2.0; +http://www.bing.com/bingbot.htm)"
207.46.13.98 - - [14/Oct/2011:01:59:00 +0800] "GET /news HTTP/1.1" 503 402 "-" "Mozilla/5.0 (compatible; bingbot/2.0; +http://www.bing.com/bingbot.htm)"
207.46.13.98 - - [14/Oct/2011:02:00:29 +0800] "GET /news HTTP/1.0" 503 402 "-" "Mozilla/5.0 (compatible; bingbot/2.0; +http://www.bing.com/bingbot.htm)"
220.181.125.43 - - [14/Oct/2011:02:15:01 +0800] "GET /session/new HTTP/1.1" 503 406 "-" "Sogou web spider/4.0(+http://www.sogou.com/docs/help/webmasters.htm#07)"
203.208.60.91 - - [14/Oct/2011:02:17:49 +0800] "GET /robots.txt HTTP/1.1" 503 406 "-" "Mozilla/5.0 (compatible; Googlebot/2.1; +http://www.google.com/bot.html)"
31.184.236.224 - - [14/Oct/2011:02:19:55 +0800] "GET http://proxy.parser.by/check_proxy.php HTTP/1.1" 503 403 "http://proxy.parser.by/referrer.php" "-"
123.125.71.100 - - [14/Oct/2011:02:32:14 +0800] "GET / HTTP/1.1" 503 402 "-" "Mozilla/5.0 (compatible; Baiduspider/2.0; +http://www.baidu.com/search/spider.html)"
220.181.108.186 - - [14/Oct/2011:02:32:41 +0800] "GET / HTTP/1.1" 503 402 "-" "Mozilla/5.0 (compatible; Baiduspider/2.0; +http://www.baidu.com/search/spider.html)"
124.115.4.194 - - [14/Oct/2011:02:33:44 +0800] "GET / HTTP/1.1" 503 406 "-" "Sosospider+(+http://help.soso.com/webspider.htm)"
31.184.236.224 - - [14/Oct/2011:02:51:43 +0800] "GET http://proxy.parser.by/check_proxy.php HTTP/1.1" 503 403 "http://proxy.parser.by/referrer.php" "-"
123.125.71.101 - - [14/Oct/2011:02:52:37 +0800] "GET /news HTTP/1.1" 503 406 "-" "Mozilla/5.0 (compatible; Baiduspider/2.0; +http://www.baidu.com/search/spider.html)"
207.46.13.98 - - [14/Oct/2011:03:00:30 +0800] "GET /news HTTP/1.0" 503 402 "-" "Mozilla/5.0 (compatible; bingbot/2.0; +http://www.bing.com/bingbot.htm)"
61.135.248.180 - - [14/Oct/2011:03:17:08 +0800] "GET / HTTP/1.1" 503 402 "-" "Mozilla/5.0 (compatible; YodaoBot/1.0; http://www.yodao.com/help/webmaster/spider/; )"
222.186.24.98 - - [14/Oct/2011:03:22:42 +0800] "GET http://www.baidu.com/ HTTP/1.1" 503 401 "-" "Mozilla/4.0 (compatible; MSIE 6.0; Windows NT 5.1; SV1; .NET CLR 2.0.50727; .NET CLR 3.0.04506.648; .NET CLR 3.5.21022)"
114.80.93.71 - - [14/Oct/2011:03:35:09 +0800] "GET / HTTP/1.1" 503 402 "-" "Mozilla/4.0 (compatible; MSIE 6.0; Windows NT 5.1)"
203.208.60.181 - - [14/Oct/2011:03:44:28 +0800] "GET /robots.txt HTTP/1.1" 503 402 "-" "Mozilla/5.0 (compatible; Googlebot/2.1; +http://www.google.com/bot.html)"
202.102.233.166 - - [14/Oct/2011:03:51:22 +0800] "GET / HTTP/1.1" 503 406 "http://www.yidianyidi.org/" "Mozilla/4.0 (compatible; MSIE 8.0; Windows NT 6.1; Trident/4.0; SLCC2; .NET CLR 2.0.50727; .NET CLR 3.5.30729; .NET CLR 3.0.30729; Media Center PC 6.0)"
31.184.236.224 - - [14/Oct/2011:04:27:43 +0800] "GET http://proxy.parser.by/check_proxy.php HTTP/1.1" 503 403 "http://proxy.parser.by/referrer.php" "-"
124.115.0.107 - - [14/Oct/2011:04:32:57 +0800] "GET /xin-wen-dong-tai--2/shi-pin-zi-liao HTTP/1.1" 503 402 "-" "Sosospider+(+http://help.soso.com/webspider.htm)"
123.125.71.117 - - [14/Oct/2011:04:33:12 +0800] "GET /news?page=3 HTTP/1.1" 503 406 "-" "Mozilla/5.0 (compatible; Baiduspider/2.0; +http://www.baidu.com/search/spider.html)"
66.249.67.172 - - [14/Oct/2011:04:39:38 +0800] "GET /robots.txt HTTP/1.1" 503 406 "-" "Mozilla/5.0 (compatible; Googlebot/2.1; +http://www.google.com/bot.html)"
