125.69.74.14 - - [13/Oct/2011:16:17:20 +0800] "GET /stylesheets/refinery/ui.css?1299845987 HTTP/1.1" 200 2061 "http://www.yidianyidi.org/session/new" "Mozilla/5.0 (Windows NT 6.1; WOW64; rv:7.0.1) Gecko/20100101 Firefox/7.0.1"
125.70.53.70 - - [13/Oct/2011:16:17:19 +0800] "GET /theme/images/home/03.000.jpg HTTP/1.1" 200 35396 "http://www.yidianyidi.org/" "Mozilla/4.0 (compatible; MSIE 6.0; Windows NT 5.1; SV1; GTB6.6; InfoPath.2; SE 2.X MetaSr 1.0)"
125.69.74.14 - - [13/Oct/2011:16:17:21 +0800] "GET /stylesheets/refinery/tooltips.css?1299845984 HTTP/1.1" 200 1183 "http://www.yidianyidi.org/session/new" "Mozilla/5.0 (Windows NT 6.1; WOW64; rv:7.0.1) Gecko/20100101 Firefox/7.0.1"
125.69.74.14 - - [13/Oct/2011:16:17:21 +0800] "GET /stylesheets/wymeditor/skins/refinery/skin.css?1299847292 HTTP/1.1" 200 11180 "http://www.yidianyidi.org/session/new" "Mozilla/5.0 (Windows NT 6.1; WOW64; rv:7.0.1) Gecko/20100101 Firefox/7.0.1"
125.69.74.14 - - [13/Oct/2011:16:17:21 +0800] "GET /javascripts/jquery/jquery.textTruncate.js?1299845921 HTTP/1.1" 200 5054 "http://www.yidianyidi.org/session/new" "Mozilla/5.0 (Windows NT 6.1; WOW64; rv:7.0.1) Gecko/20100101 Firefox/7.0.1"
125.70.53.70 - - [13/Oct/2011:16:17:19 +0800] "GET /theme/images/home/01.000.jpg HTTP/1.1" 200 38587 "http://www.yidianyidi.org/" "Mozilla/4.0 (compatible; MSIE 6.0; Windows NT 5.1; SV1; GTB6.6; InfoPath.2; SE 2.X MetaSr 1.0)"
125.69.74.14 - - [13/Oct/2011:16:17:20 +0800] "GET /stylesheets/refinery/refinery.css?1299845977 HTTP/1.1" 200 33022 "http://www.yidianyidi.org/session/new" "Mozilla/5.0 (Windows NT 6.1; WOW64; rv:7.0.1) Gecko/20100101 Firefox/7.0.1"
125.69.74.14 - - [13/Oct/2011:16:17:21 +0800] "GET /javascripts/jquery/jquery.html5-placeholder-shim.js?1299845915 HTTP/1.1" 200 2238 "http://www.yidianyidi.org/session/new" "Mozilla/5.0 (Windows NT 6.1; WOW64; rv:7.0.1) Gecko/20100101 Firefox/7.0.1"
125.69.74.14 - - [13/Oct/2011:16:17:21 +0800] "GET /javascripts/jquery/jquery.timers.js?1299845927 HTTP/1.1" 200 3056 "http://www.yidianyidi.org/session/new" "Mozilla/5.0 (Windows NT 6.1; WOW64; rv:7.0.1) Gecko/20100101 Firefox/7.0.1"
125.69.74.14 - - [13/Oct/2011:16:17:21 +0800] "GET /javascripts/refinery/i18n.js?1299845939 HTTP/1.1" 200 8260 "http://www.yidianyidi.org/session/new" "Mozilla/5.0 (Windows NT 6.1; WOW64; rv:7.0.1) Gecko/20100101 Firefox/7.0.1"
125.69.74.14 - - [13/Oct/2011:16:17:21 +0800] "GET /javascripts/jquery-ui-custom-min.js?1299845130 HTTP/1.1" 200 76195 "http://www.yidianyidi.org/session/new" "Mozilla/5.0 (Windows NT 6.1; WOW64; rv:7.0.1) Gecko/20100101 Firefox/7.0.1"
125.69.74.14 - - [13/Oct/2011:16:17:21 +0800] "GET /javascripts/admin.js?1299845117 HTTP/1.1" 200 284 "http://www.yidianyidi.org/session/new" "Mozilla/5.0 (Windows NT 6.1; WOW64; rv:7.0.1) Gecko/20100101 Firefox/7.0.1"
125.69.74.14 - - [13/Oct/2011:16:17:22 +0800] "GET /javascripts/refinery/boot_wym.js?1299845934 HTTP/1.1" 200 8077 "http://www.yidianyidi.org/session/new" "Mozilla/5.0 (Windows NT 6.1; WOW64; rv:7.0.1) Gecko/20100101 Firefox/7.0.1"
125.70.53.70 - - [13/Oct/2011:16:17:22 +0800] "GET /system/images/0000/0047/video-icon.jpg HTTP/1.1" 200 13322 "http://www.yidianyidi.org/" "Mozilla/4.0 (compatible; MSIE 6.0; Windows NT 5.1; SV1; GTB6.6; InfoPath.2; SE 2.X MetaSr 1.0)"
125.70.53.70 - - [13/Oct/2011:16:17:21 +0800] "GET /theme/images/home/02.000.jpg HTTP/1.1" 200 45599 "http://www.yidianyidi.org/" "Mozilla/4.0 (compatible; MSIE 6.0; Windows NT 5.1; SV1; GTB6.6; InfoPath.2; SE 2.X MetaSr 1.0)"
125.70.53.70 - - [13/Oct/2011:16:17:23 +0800] "GET /theme/images/diandi_small.jpg HTTP/1.1" 200 4920 "http://www.yidianyidi.org/" "Mozilla/4.0 (compatible; MSIE 6.0; Windows NT 5.1; SV1; GTB6.6; InfoPath.2; SE 2.X MetaSr 1.0)"
125.70.53.70 - - [13/Oct/2011:16:17:19 +0800] "GET /theme/images/home/06.000.jpg HTTP/1.1" 200 75609 "http://www.yidianyidi.org/" "Mozilla/4.0 (compatible; MSIE 6.0; Windows NT 5.1; SV1; GTB6.6; InfoPath.2; SE 2.X MetaSr 1.0)"
125.69.74.14 - - [13/Oct/2011:16:17:22 +0800] "GET /javascripts/refinery/admin.js?1299845938 HTTP/1.1" 200 34991 "http://www.yidianyidi.org/session/new" "Mozilla/5.0 (Windows NT 6.1; WOW64; rv:7.0.1) Gecko/20100101 Firefox/7.0.1"
125.69.74.14 - - [13/Oct/2011:16:17:24 +0800] "GET /javascripts/jquery/jquery.corner.js?1299845911 HTTP/1.1" 200 10672 "http://www.yidianyidi.org/session/new" "Mozilla/5.0 (Windows NT 6.1; WOW64; rv:7.0.1) Gecko/20100101 Firefox/7.0.1"
125.70.53.70 - - [13/Oct/2011:16:17:24 +0800] "GET /theme/images/footer-logo.png HTTP/1.1" 200 10765 "http://www.yidianyidi.org/" "Mozilla/4.0 (compatible; MSIE 6.0; Windows NT 5.1; SV1; GTB6.6; InfoPath.2; SE 2.X MetaSr 1.0)"
125.69.74.14 - - [13/Oct/2011:16:17:21 +0800] "GET /javascripts/wymeditor/jquery.refinery.wymeditor.js?1299845979 HTTP/1.1" 200 157092 "http://www.yidianyidi.org/session/new" "Mozilla/5.0 (Windows NT 6.1; WOW64; rv:7.0.1) Gecko/20100101 Firefox/7.0.1"
125.69.74.14 - - [13/Oct/2011:16:17:24 +0800] "GET /javascripts/jquery/jquery.jcarousel.js?1299845924 HTTP/1.1" 200 30623 "http://www.yidianyidi.org/session/new" "Mozilla/5.0 (Windows NT 6.1; WOW64; rv:7.0.1) Gecko/20100101 Firefox/7.0.1"
125.69.74.14 - - [13/Oct/2011:16:17:21 +0800] "GET /javascripts/jquery.js?1299845141 HTTP/1.1" 200 163855 "http://www.yidianyidi.org/session/new" "Mozilla/5.0 (Windows NT 6.1; WOW64; rv:7.0.1) Gecko/20100101 Firefox/7.0.1"
::1 - - [13/Oct/2011:16:17:25 +0800] "OPTIONS * HTTP/1.0" 200 - "-" "Apache/2.2.3 (CentOS) (internal dummy connection)"
125.70.53.70 - - [13/Oct/2011:16:17:25 +0800] "GET /theme/images/home/04.000.jpg HTTP/1.1" 200 51645 "http://www.yidianyidi.org/" "Mozilla/4.0 (compatible; MSIE 6.0; Windows NT 5.1; SV1; GTB6.6; InfoPath.2; SE 2.X MetaSr 1.0)"
::1 - - [13/Oct/2011:16:17:27 +0800] "OPTIONS * HTTP/1.0" 200 - "-" "Apache/2.2.3 (CentOS) (internal dummy connection)"
125.70.53.70 - - [13/Oct/2011:16:17:27 +0800] "GET /theme/stylesheets/btn_next.gif HTTP/1.1" 404 - "http://www.yidianyidi.org/" "Mozilla/4.0 (compatible; MSIE 6.0; Windows NT 5.1; SV1; GTB6.6; InfoPath.2; SE 2.X MetaSr 1.0)"
125.69.74.14 - - [13/Oct/2011:16:17:27 +0800] "GET /images/refinery/text_field_background.png HTTP/1.1" 200 190 "http://www.yidianyidi.org/stylesheets/refinery/refinery.css?1299845977" "Mozilla/5.0 (Windows NT 6.1; WOW64; rv:7.0.1) Gecko/20100101 Firefox/7.0.1"
125.69.74.14 - - [13/Oct/2011:16:17:27 +0800] "GET /images/refinery/page_bg.png HTTP/1.1" 200 136 "http://www.yidianyidi.org/stylesheets/refinery/refinery.css?1299845977" "Mozilla/5.0 (Windows NT 6.1; WOW64; rv:7.0.1) Gecko/20100101 Firefox/7.0.1"
125.70.53.70 - - [13/Oct/2011:16:17:28 +0800] "GET /theme/stylesheets/btn_prev.gif HTTP/1.1" 404 - "http://www.yidianyidi.org/" "Mozilla/4.0 (compatible; MSIE 6.0; Windows NT 5.1; SV1; GTB6.6; InfoPath.2; SE 2.X MetaSr 1.0)"
::1 - - [13/Oct/2011:16:17:28 +0800] "OPTIONS * HTTP/1.0" 200 - "-" "Apache/2.2.3 (CentOS) (internal dummy connection)"
125.70.53.70 - - [13/Oct/2011:16:17:26 +0800] "GET /system/images/0000/0054/2010_financial_chart_large.jpg HTTP/1.1" 200 51606 "http://www.yidianyidi.org/" "Mozilla/4.0 (compatible; MSIE 6.0; Windows NT 5.1; SV1; GTB6.6; InfoPath.2; SE 2.X MetaSr 1.0)"
::1 - - [13/Oct/2011:16:17:29 +0800] "OPTIONS * HTTP/1.0" 200 - "-" "Apache/2.2.3 (CentOS) (internal dummy connection)"
125.70.53.70 - - [13/Oct/2011:16:17:29 +0800] "GET /system/images/0000/0040/contact_us.png HTTP/1.1" 200 4820 "http://www.yidianyidi.org/" "Mozilla/4.0 (compatible; MSIE 6.0; Windows NT 5.1; SV1; GTB6.6; InfoPath.2; SE 2.X MetaSr 1.0)"
::1 - - [13/Oct/2011:16:17:30 +0800] "OPTIONS * HTTP/1.0" 200 - "-" "Apache/2.2.3 (CentOS) (internal dummy connection)"
125.70.53.70 - - [13/Oct/2011:16:17:30 +0800] "GET /theme/images/home/07.000.jpg HTTP/1.1" 200 47754 "http://www.yidianyidi.org/" "Mozilla/4.0 (compatible; MSIE 6.0; Windows NT 5.1; SV1; GTB6.6; InfoPath.2; SE 2.X MetaSr 1.0)"
125.70.53.70 - - [13/Oct/2011:16:17:30 +0800] "GET /theme/images/home/04.000.jpg HTTP/1.1" 200 39754 "http://www.yidianyidi.org/" "Mozilla/4.0 (compatible; MSIE 6.0; Windows NT 5.1; SV1; GTB6.6; InfoPath.2; SE 2.X MetaSr 1.0)"
125.69.74.14 - - [13/Oct/2011:16:17:38 +0800] "POST /session HTTP/1.1" 302 100 "http://www.yidianyidi.org/session/new" "Mozilla/5.0 (Windows NT 6.1; WOW64; rv:7.0.1) Gecko/20100101 Firefox/7.0.1"
125.69.74.14 - - [13/Oct/2011:16:17:38 +0800] "GET /refinery HTTP/1.1" 200 10868 "http://www.yidianyidi.org/session/new" "Mozilla/5.0 (Windows NT 6.1; WOW64; rv:7.0.1) Gecko/20100101 Firefox/7.0.1"
125.69.74.14 - - [13/Oct/2011:16:17:39 +0800] "GET /stylesheets/refinery/site_bar.css?1299845985 HTTP/1.1" 304 - "http://www.yidianyidi.org/refinery" "Mozilla/5.0 (Windows NT 6.1; WOW64; rv:7.0.1) Gecko/20100101 Firefox/7.0.1"
125.69.74.14 - - [13/Oct/2011:16:17:39 +0800] "GET /stylesheets/refinery/refinery.css?1299845977 HTTP/1.1" 304 - "http://www.yidianyidi.org/refinery" "Mozilla/5.0 (Windows NT 6.1; WOW64; rv:7.0.1) Gecko/20100101 Firefox/7.0.1"
125.69.74.14 - - [13/Oct/2011:16:17:39 +0800] "GET /stylesheets/refinery/ui.css?1299845987 HTTP/1.1" 304 - "http://www.yidianyidi.org/refinery" "Mozilla/5.0 (Windows NT 6.1; WOW64; rv:7.0.1) Gecko/20100101 Firefox/7.0.1"
125.69.74.14 - - [13/Oct/2011:16:17:39 +0800] "GET /stylesheets/refinery/tooltips.css?1299845984 HTTP/1.1" 304 - "http://www.yidianyidi.org/refinery" "Mozilla/5.0 (Windows NT 6.1; WOW64; rv:7.0.1) Gecko/20100101 Firefox/7.0.1"
125.69.74.14 - - [13/Oct/2011:16:17:39 +0800] "GET /stylesheets/wymeditor/skins/refinery/skin.css?1299847292 HTTP/1.1" 304 - "http://www.yidianyidi.org/refinery" "Mozilla/5.0 (Windows NT 6.1; WOW64; rv:7.0.1) Gecko/20100101 Firefox/7.0.1"
125.69.74.14 - - [13/Oct/2011:16:17:39 +0800] "GET /javascripts/jquery.js?1299845141 HTTP/1.1" 304 - "http://www.yidianyidi.org/refinery" "Mozilla/5.0 (Windows NT 6.1; WOW64; rv:7.0.1) Gecko/20100101 Firefox/7.0.1"
125.69.74.14 - - [13/Oct/2011:16:17:39 +0800] "GET /javascripts/jquery-ui-custom-min.js?1299845130 HTTP/1.1" 304 - "http://www.yidianyidi.org/refinery" "Mozilla/5.0 (Windows NT 6.1; WOW64; rv:7.0.1) Gecko/20100101 Firefox/7.0.1"
125.69.74.14 - - [13/Oct/2011:16:17:39 +0800] "GET /javascripts/jquery/jquery.corner.js?1299845911 HTTP/1.1" 304 - "http://www.yidianyidi.org/refinery" "Mozilla/5.0 (Windows NT 6.1; WOW64; rv:7.0.1) Gecko/20100101 Firefox/7.0.1"
125.69.74.14 - - [13/Oct/2011:16:17:39 +0800] "GET /javascripts/jquery/jquery.html5-placeholder-shim.js?1299845915 HTTP/1.1" 304 - "http://www.yidianyidi.org/refinery" "Mozilla/5.0 (Windows NT 6.1; WOW64; rv:7.0.1) Gecko/20100101 Firefox/7.0.1"
125.69.74.14 - - [13/Oct/2011:16:17:39 +0800] "GET /javascripts/jquery/jquery.jcarousel.js?1299845924 HTTP/1.1" 304 - "http://www.yidianyidi.org/refinery" "Mozilla/5.0 (Windows NT 6.1; WOW64; rv:7.0.1) Gecko/20100101 Firefox/7.0.1"
125.69.74.14 - - [13/Oct/2011:16:17:39 +0800] "GET /javascripts/refinery/i18n.js?1299845939 HTTP/1.1" 304 - "http://www.yidianyidi.org/refinery" "Mozilla/5.0 (Windows NT 6.1; WOW64; rv:7.0.1) Gecko/20100101 Firefox/7.0.1"
125.69.74.14 - - [13/Oct/2011:16:17:39 +0800] "GET /javascripts/wymeditor/jquery.refinery.wymeditor.js?1299845979 HTTP/1.1" 304 - "http://www.yidianyidi.org/refinery" "Mozilla/5.0 (Windows NT 6.1; WOW64; rv:7.0.1) Gecko/20100101 Firefox/7.0.1"
125.69.74.14 - - [13/Oct/2011:16:17:39 +0800] "GET /javascripts/admin.js?1299845117 HTTP/1.1" 304 - "http://www.yidianyidi.org/refinery" "Mozilla/5.0 (Windows NT 6.1; WOW64; rv:7.0.1) Gecko/20100101 Firefox/7.0.1"
125.69.74.14 - - [13/Oct/2011:16:17:39 +0800] "GET /javascripts/refinery/admin.js?1299845938 HTTP/1.1" 304 - "http://www.yidianyidi.org/refinery" "Mozilla/5.0 (Windows NT 6.1; WOW64; rv:7.0.1) Gecko/20100101 Firefox/7.0.1"
125.69.74.14 - - [13/Oct/2011:16:17:39 +0800] "GET /images/refinery/logo-site-bar.png?1299845881 HTTP/1.1" 200 7092 "http://www.yidianyidi.org/refinery" "Mozilla/5.0 (Windows NT 6.1; WOW64; rv:7.0.1) Gecko/20100101 Firefox/7.0.1"
125.69.74.14 - - [13/Oct/2011:16:17:40 +0800] "GET /images/refinery/icons/arrow_switch.png?1299846347 HTTP/1.1" 200 683 "http://www.yidianyidi.org/refinery" "Mozilla/5.0 (Windows NT 6.1; WOW64; rv:7.0.1) Gecko/20100101 Firefox/7.0.1"
125.69.74.14 - - [13/Oct/2011:16:17:40 +0800] "GET /images/refinery/icons/tick.png?1299846379 HTTP/1.1" 200 537 "http://www.yidianyidi.org/refinery" "Mozilla/5.0 (Windows NT 6.1; WOW64; rv:7.0.1) Gecko/20100101 Firefox/7.0.1"
125.69.74.14 - - [13/Oct/2011:16:17:42 +0800] "GET /javascripts/jquery/jquery.textTruncate.js?1299845921 HTTP/1.1" 304 - "http://www.yidianyidi.org/refinery" "Mozilla/5.0 (Windows NT 6.1; WOW64; rv:7.0.1) Gecko/20100101 Firefox/7.0.1"
125.69.74.14 - - [13/Oct/2011:16:17:42 +0800] "GET /javascripts/jquery/jquery.timers.js?1299845927 HTTP/1.1" 304 - "http://www.yidianyidi.org/refinery" "Mozilla/5.0 (Windows NT 6.1; WOW64; rv:7.0.1) Gecko/20100101 Firefox/7.0.1"
125.69.74.14 - - [13/Oct/2011:16:17:42 +0800] "GET /javascripts/refinery/boot_wym.js?1299845934 HTTP/1.1" 304 - "http://www.yidianyidi.org/refinery" "Mozilla/5.0 (Windows NT 6.1; WOW64; rv:7.0.1) Gecko/20100101 Firefox/7.0.1"
125.69.74.14 - - [13/Oct/2011:16:17:50 +0800] "GET /images/refinery/icons/application_edit.png HTTP/1.1" 200 703 "http://www.yidianyidi.org/stylesheets/refinery/refinery.css?1299845977" "Mozilla/5.0 (Windows NT 6.1; WOW64; rv:7.0.1) Gecko/20100101 Firefox/7.0.1"
125.69.74.14 - - [13/Oct/2011:16:17:50 +0800] "GET /images/refinery/orange_button.png HTTP/1.1" 200 969 "http://www.yidianyidi.org/stylesheets/refinery/site_bar.css?1299845985" "Mozilla/5.0 (Windows NT 6.1; WOW64; rv:7.0.1) Gecko/20100101 Firefox/7.0.1"
125.69.74.14 - - [13/Oct/2011:16:17:50 +0800] "GET /images/refinery/nav_inactive_background.png HTTP/1.1" 200 932 "http://www.yidianyidi.org/stylesheets/refinery/refinery.css?1299845977" "Mozilla/5.0 (Windows NT 6.1; WOW64; rv:7.0.1) Gecko/20100101 Firefox/7.0.1"
125.69.74.14 - - [13/Oct/2011:16:17:50 +0800] "GET /images/refinery/icons/add.png HTTP/1.1" 200 733 "http://www.yidianyidi.org/stylesheets/refinery/refinery.css?1299845977" "Mozilla/5.0 (Windows NT 6.1; WOW64; rv:7.0.1) Gecko/20100101 Firefox/7.0.1"
125.69.74.14 - - [13/Oct/2011:16:17:50 +0800] "GET /images/refinery/icons/application_go.png HTTP/1.1" 200 634 "http://www.yidianyidi.org/stylesheets/refinery/refinery.css?1299845977" "Mozilla/5.0 (Windows NT 6.1; WOW64; rv:7.0.1) Gecko/20100101 Firefox/7.0.1"
125.69.74.14 - - [13/Oct/2011:16:17:50 +0800] "GET /images/refinery/icons/accept.png HTTP/1.1" 200 781 "http://www.yidianyidi.org/stylesheets/refinery/refinery.css?1299845977" "Mozilla/5.0 (Windows NT 6.1; WOW64; rv:7.0.1) Gecko/20100101 Firefox/7.0.1"
125.69.74.14 - - [13/Oct/2011:16:17:50 +0800] "GET /images/refinery/carousel-right.png HTTP/1.1" 200 1021 "http://www.yidianyidi.org/refinery" "Mozilla/5.0 (Windows NT 6.1; WOW64; rv:7.0.1) Gecko/20100101 Firefox/7.0.1"
125.69.74.14 - - [13/Oct/2011:16:17:50 +0800] "GET /images/refinery/carousel-left.png HTTP/1.1" 200 1029 "http://www.yidianyidi.org/refinery" "Mozilla/5.0 (Windows NT 6.1; WOW64; rv:7.0.1) Gecko/20100101 Firefox/7.0.1"
125.69.74.14 - - [13/Oct/2011:16:17:50 +0800] "GET /images/refinery/icons/flags/en.png HTTP/1.1" 200 496 "http://www.yidianyidi.org/refinery" "Mozilla/5.0 (Windows NT 6.1; WOW64; rv:7.0.1) Gecko/20100101 Firefox/7.0.1"
124.115.0.22 - - [13/Oct/2011:16:18:57 +0800] "GET / HTTP/1.1" 200 19361 "-" "Sosospider+(+http://help.soso.com/webspider.htm)"
125.69.74.14 - - [13/Oct/2011:16:19:15 +0800] "GET /refinery/inquiries/4 HTTP/1.1" 200 5983 "http://www.yidianyidi.org/refinery" "Mozilla/5.0 (Windows NT 6.1; WOW64; rv:7.0.1) Gecko/20100101 Firefox/7.0.1"
125.69.74.14 - - [13/Oct/2011:16:19:16 +0800] "GET /stylesheets/refinery/site_bar.css?1299845985 HTTP/1.1" 304 - "http://www.yidianyidi.org/refinery/inquiries/4" "Mozilla/5.0 (Windows NT 6.1; WOW64; rv:7.0.1) Gecko/20100101 Firefox/7.0.1"
125.69.74.14 - - [13/Oct/2011:16:19:16 +0800] "GET /stylesheets/refinery/tooltips.css?1299845984 HTTP/1.1" 304 - "http://www.yidianyidi.org/refinery/inquiries/4" "Mozilla/5.0 (Windows NT 6.1; WOW64; rv:7.0.1) Gecko/20100101 Firefox/7.0.1"
125.69.74.14 - - [13/Oct/2011:16:19:16 +0800] "GET /stylesheets/refinery/refinery.css?1299845977 HTTP/1.1" 304 - "http://www.yidianyidi.org/refinery/inquiries/4" "Mozilla/5.0 (Windows NT 6.1; WOW64; rv:7.0.1) Gecko/20100101 Firefox/7.0.1"
125.69.74.14 - - [13/Oct/2011:16:19:16 +0800] "GET /stylesheets/refinery/ui.css?1299845987 HTTP/1.1" 304 - "http://www.yidianyidi.org/refinery/inquiries/4" "Mozilla/5.0 (Windows NT 6.1; WOW64; rv:7.0.1) Gecko/20100101 Firefox/7.0.1"
125.69.74.14 - - [13/Oct/2011:16:19:16 +0800] "GET /stylesheets/wymeditor/skins/refinery/skin.css?1299847292 HTTP/1.1" 304 - "http://www.yidianyidi.org/refinery/inquiries/4" "Mozilla/5.0 (Windows NT 6.1; WOW64; rv:7.0.1) Gecko/20100101 Firefox/7.0.1"
125.69.74.14 - - [13/Oct/2011:16:19:16 +0800] "GET /javascripts/jquery.js?1299845141 HTTP/1.1" 304 - "http://www.yidianyidi.org/refinery/inquiries/4" "Mozilla/5.0 (Windows NT 6.1; WOW64; rv:7.0.1) Gecko/20100101 Firefox/7.0.1"
125.69.74.14 - - [13/Oct/2011:16:19:16 +0800] "GET /javascripts/jquery-ui-custom-min.js?1299845130 HTTP/1.1" 304 - "http://www.yidianyidi.org/refinery/inquiries/4" "Mozilla/5.0 (Windows NT 6.1; WOW64; rv:7.0.1) Gecko/20100101 Firefox/7.0.1"
125.69.74.14 - - [13/Oct/2011:16:19:16 +0800] "GET /javascripts/jquery/jquery.corner.js?1299845911 HTTP/1.1" 304 - "http://www.yidianyidi.org/refinery/inquiries/4" "Mozilla/5.0 (Windows NT 6.1; WOW64; rv:7.0.1) Gecko/20100101 Firefox/7.0.1"
125.69.74.14 - - [13/Oct/2011:16:19:16 +0800] "GET /javascripts/jquery/jquery.html5-placeholder-shim.js?1299845915 HTTP/1.1" 304 - "http://www.yidianyidi.org/refinery/inquiries/4" "Mozilla/5.0 (Windows NT 6.1; WOW64; rv:7.0.1) Gecko/20100101 Firefox/7.0.1"
125.69.74.14 - - [13/Oct/2011:16:19:16 +0800] "GET /javascripts/jquery/jquery.textTruncate.js?1299845921 HTTP/1.1" 304 - "http://www.yidianyidi.org/refinery/inquiries/4" "Mozilla/5.0 (Windows NT 6.1; WOW64; rv:7.0.1) Gecko/20100101 Firefox/7.0.1"
125.69.74.14 - - [13/Oct/2011:16:19:16 +0800] "GET /javascripts/jquery/jquery.timers.js?1299845927 HTTP/1.1" 304 - "http://www.yidianyidi.org/refinery/inquiries/4" "Mozilla/5.0 (Windows NT 6.1; WOW64; rv:7.0.1) Gecko/20100101 Firefox/7.0.1"
125.69.74.14 - - [13/Oct/2011:16:19:16 +0800] "GET /javascripts/wymeditor/jquery.refinery.wymeditor.js?1299845979 HTTP/1.1" 304 - "http://www.yidianyidi.org/refinery/inquiries/4" "Mozilla/5.0 (Windows NT 6.1; WOW64; rv:7.0.1) Gecko/20100101 Firefox/7.0.1"
125.69.74.14 - - [13/Oct/2011:16:19:16 +0800] "GET /javascripts/refinery/i18n.js?1299845939 HTTP/1.1" 304 - "http://www.yidianyidi.org/refinery/inquiries/4" "Mozilla/5.0 (Windows NT 6.1; WOW64; rv:7.0.1) Gecko/20100101 Firefox/7.0.1"
125.69.74.14 - - [13/Oct/2011:16:19:16 +0800] "GET /javascripts/refinery/boot_wym.js?1299845934 HTTP/1.1" 304 - "http://www.yidianyidi.org/refinery/inquiries/4" "Mozilla/5.0 (Windows NT 6.1; WOW64; rv:7.0.1) Gecko/20100101 Firefox/7.0.1"
125.69.74.14 - - [13/Oct/2011:16:19:16 +0800] "GET /javascripts/refinery/admin.js?1299845938 HTTP/1.1" 304 - "http://www.yidianyidi.org/refinery/inquiries/4" "Mozilla/5.0 (Windows NT 6.1; WOW64; rv:7.0.1) Gecko/20100101 Firefox/7.0.1"
125.69.74.14 - - [13/Oct/2011:16:19:16 +0800] "GET /javascripts/jquery/jquery.jcarousel.js?1299845924 HTTP/1.1" 304 - "http://www.yidianyidi.org/refinery/inquiries/4" "Mozilla/5.0 (Windows NT 6.1; WOW64; rv:7.0.1) Gecko/20100101 Firefox/7.0.1"
125.69.74.14 - - [13/Oct/2011:16:19:16 +0800] "GET /javascripts/admin.js?1299845117 HTTP/1.1" 304 - "http://www.yidianyidi.org/refinery/inquiries/4" "Mozilla/5.0 (Windows NT 6.1; WOW64; rv:7.0.1) Gecko/20100101 Firefox/7.0.1"
125.69.74.14 - - [13/Oct/2011:16:19:25 +0800] "GET /images/refinery/icons/delete.png HTTP/1.1" 200 715 "http://www.yidianyidi.org/stylesheets/refinery/refinery.css?1299845977" "Mozilla/5.0 (Windows NT 6.1; WOW64; rv:7.0.1) Gecko/20100101 Firefox/7.0.1"
125.69.74.14 - - [13/Oct/2011:16:19:26 +0800] "GET /images/refinery/icons/arrow_left.png HTTP/1.1" 200 345 "http://www.yidianyidi.org/stylesheets/refinery/refinery.css?1299845977" "Mozilla/5.0 (Windows NT 6.1; WOW64; rv:7.0.1) Gecko/20100101 Firefox/7.0.1"
125.69.74.14 - - [13/Oct/2011:16:19:30 +0800] "GET /refinery/inquiries HTTP/1.1" 200 13398 "http://www.yidianyidi.org/refinery/inquiries/4" "Mozilla/5.0 (Windows NT 6.1; WOW64; rv:7.0.1) Gecko/20100101 Firefox/7.0.1"
125.69.74.14 - - [13/Oct/2011:16:19:30 +0800] "GET /stylesheets/refinery/site_bar.css?1299845985 HTTP/1.1" 304 - "http://www.yidianyidi.org/refinery/inquiries" "Mozilla/5.0 (Windows NT 6.1; WOW64; rv:7.0.1) Gecko/20100101 Firefox/7.0.1"
125.69.74.14 - - [13/Oct/2011:16:19:30 +0800] "GET /stylesheets/refinery/ui.css?1299845987 HTTP/1.1" 304 - "http://www.yidianyidi.org/refinery/inquiries" "Mozilla/5.0 (Windows NT 6.1; WOW64; rv:7.0.1) Gecko/20100101 Firefox/7.0.1"
125.69.74.14 - - [13/Oct/2011:16:19:30 +0800] "GET /stylesheets/wymeditor/skins/refinery/skin.css?1299847292 HTTP/1.1" 304 - "http://www.yidianyidi.org/refinery/inquiries" "Mozilla/5.0 (Windows NT 6.1; WOW64; rv:7.0.1) Gecko/20100101 Firefox/7.0.1"
125.69.74.14 - - [13/Oct/2011:16:19:30 +0800] "GET /javascripts/jquery.js?1299845141 HTTP/1.1" 304 - "http://www.yidianyidi.org/refinery/inquiries" "Mozilla/5.0 (Windows NT 6.1; WOW64; rv:7.0.1) Gecko/20100101 Firefox/7.0.1"
125.69.74.14 - - [13/Oct/2011:16:19:30 +0800] "GET /javascripts/jquery-ui-custom-min.js?1299845130 HTTP/1.1" 304 - "http://www.yidianyidi.org/refinery/inquiries" "Mozilla/5.0 (Windows NT 6.1; WOW64; rv:7.0.1) Gecko/20100101 Firefox/7.0.1"
125.69.74.14 - - [13/Oct/2011:16:19:31 +0800] "GET /javascripts/jquery/jquery.corner.js?1299845911 HTTP/1.1" 304 - "http://www.yidianyidi.org/refinery/inquiries" "Mozilla/5.0 (Windows NT 6.1; WOW64; rv:7.0.1) Gecko/20100101 Firefox/7.0.1"
125.69.74.14 - - [13/Oct/2011:16:19:31 +0800] "GET /javascripts/jquery/jquery.textTruncate.js?1299845921 HTTP/1.1" 304 - "http://www.yidianyidi.org/refinery/inquiries" "Mozilla/5.0 (Windows NT 6.1; WOW64; rv:7.0.1) Gecko/20100101 Firefox/7.0.1"
125.69.74.14 - - [13/Oct/2011:16:19:31 +0800] "GET /javascripts/jquery/jquery.html5-placeholder-shim.js?1299845915 HTTP/1.1" 304 - "http://www.yidianyidi.org/refinery/inquiries" "Mozilla/5.0 (Windows NT 6.1; WOW64; rv:7.0.1) Gecko/20100101 Firefox/7.0.1"
125.69.74.14 - - [13/Oct/2011:16:19:33 +0800] "GET /stylesheets/refinery/tooltips.css?1299845984 HTTP/1.1" 304 - "http://www.yidianyidi.org/refinery/inquiries" "Mozilla/5.0 (Windows NT 6.1; WOW64; rv:7.0.1) Gecko/20100101 Firefox/7.0.1"
125.69.74.14 - - [13/Oct/2011:16:19:33 +0800] "GET /javascripts/jquery/jquery.jcarousel.js?1299845924 HTTP/1.1" 304 - "http://www.yidianyidi.org/refinery/inquiries" "Mozilla/5.0 (Windows NT 6.1; WOW64; rv:7.0.1) Gecko/20100101 Firefox/7.0.1"
125.69.74.14 - - [13/Oct/2011:16:19:34 +0800] "GET /javascripts/jquery/jquery.timers.js?1299845927 HTTP/1.1" 304 - "http://www.yidianyidi.org/refinery/inquiries" "Mozilla/5.0 (Windows NT 6.1; WOW64; rv:7.0.1) Gecko/20100101 Firefox/7.0.1"
125.69.74.14 - - [13/Oct/2011:16:19:34 +0800] "GET /javascripts/wymeditor/jquery.refinery.wymeditor.js?1299845979 HTTP/1.1" 304 - "http://www.yidianyidi.org/refinery/inquiries" "Mozilla/5.0 (Windows NT 6.1; WOW64; rv:7.0.1) Gecko/20100101 Firefox/7.0.1"
125.69.74.14 - - [13/Oct/2011:16:19:34 +0800] "GET /javascripts/admin.js?1299845117 HTTP/1.1" 304 - "http://www.yidianyidi.org/refinery/inquiries" "Mozilla/5.0 (Windows NT 6.1; WOW64; rv:7.0.1) Gecko/20100101 Firefox/7.0.1"
125.69.74.14 - - [13/Oct/2011:16:19:34 +0800] "GET /stylesheets/refinery/refinery.css?1299845977 HTTP/1.1" 304 - "http://www.yidianyidi.org/refinery/inquiries" "Mozilla/5.0 (Windows NT 6.1; WOW64; rv:7.0.1) Gecko/20100101 Firefox/7.0.1"
125.69.74.14 - - [13/Oct/2011:16:19:35 +0800] "GET /javascripts/refinery/admin.js?1299845938 HTTP/1.1" 304 - "http://www.yidianyidi.org/refinery/inquiries" "Mozilla/5.0 (Windows NT 6.1; WOW64; rv:7.0.1) Gecko/20100101 Firefox/7.0.1"
125.69.74.14 - - [13/Oct/2011:16:19:35 +0800] "GET /images/refinery/icons/delete.png?1299846357 HTTP/1.1" 200 715 "http://www.yidianyidi.org/refinery/inquiries" "Mozilla/5.0 (Windows NT 6.1; WOW64; rv:7.0.1) Gecko/20100101 Firefox/7.0.1"
125.69.74.14 - - [13/Oct/2011:16:19:35 +0800] "GET /images/refinery/icons/zoom.png?1299846387 HTTP/1.1" 200 692 "http://www.yidianyidi.org/refinery/inquiries" "Mozilla/5.0 (Windows NT 6.1; WOW64; rv:7.0.1) Gecko/20100101 Firefox/7.0.1"
125.69.74.14 - - [13/Oct/2011:16:19:35 +0800] "GET /images/refinery/icons/bin_closed.png?1299846349 HTTP/1.1" 200 363 "http://www.yidianyidi.org/refinery/inquiries" "Mozilla/5.0 (Windows NT 6.1; WOW64; rv:7.0.1) Gecko/20100101 Firefox/7.0.1"
125.69.74.14 - - [13/Oct/2011:16:19:37 +0800] "GET /javascripts/refinery/i18n.js?1299845939 HTTP/1.1" 304 - "http://www.yidianyidi.org/refinery/inquiries" "Mozilla/5.0 (Windows NT 6.1; WOW64; rv:7.0.1) Gecko/20100101 Firefox/7.0.1"
125.69.74.14 - - [13/Oct/2011:16:19:37 +0800] "GET /javascripts/refinery/boot_wym.js?1299845934 HTTP/1.1" 304 - "http://www.yidianyidi.org/refinery/inquiries" "Mozilla/5.0 (Windows NT 6.1; WOW64; rv:7.0.1) Gecko/20100101 Firefox/7.0.1"
125.69.74.14 - - [13/Oct/2011:16:19:38 +0800] "GET /images/refinery/icons/bin_closed.png HTTP/1.1" 200 363 "http://www.yidianyidi.org/stylesheets/refinery/refinery.css?1299845977" "Mozilla/5.0 (Windows NT 6.1; WOW64; rv:7.0.1) Gecko/20100101 Firefox/7.0.1"
125.69.74.14 - - [13/Oct/2011:16:19:38 +0800] "GET /images/refinery/icons/user_comment.png HTTP/1.1" 200 743 "http://www.yidianyidi.org/stylesheets/refinery/refinery.css?1299845977" "Mozilla/5.0 (Windows NT 6.1; WOW64; rv:7.0.1) Gecko/20100101 Firefox/7.0.1"
125.69.74.14 - - [13/Oct/2011:16:19:38 +0800] "GET /images/refinery/icons/email.png HTTP/1.1" 200 641 "http://www.yidianyidi.org/stylesheets/refinery/refinery.css?1299845977" "Mozilla/5.0 (Windows NT 6.1; WOW64; rv:7.0.1) Gecko/20100101 Firefox/7.0.1"
125.69.74.14 - - [13/Oct/2011:16:19:38 +0800] "GET /images/refinery/icons/email_edit.png HTTP/1.1" 200 756 "http://www.yidianyidi.org/stylesheets/refinery/refinery.css?1299845977" "Mozilla/5.0 (Windows NT 6.1; WOW64; rv:7.0.1) Gecko/20100101 Firefox/7.0.1"
125.69.74.14 - - [13/Oct/2011:16:19:48 +0800] "GET /images/refinery/tooltip-nib.png HTTP/1.1" 200 1196 "http://www.yidianyidi.org/refinery/inquiries" "Mozilla/5.0 (Windows NT 6.1; WOW64; rv:7.0.1) Gecko/20100101 Firefox/7.0.1"
125.69.74.14 - - [13/Oct/2011:16:19:49 +0800] "GET /refinery/inquiries/13 HTTP/1.1" 200 5814 "http://www.yidianyidi.org/refinery/inquiries" "Mozilla/5.0 (Windows NT 6.1; WOW64; rv:7.0.1) Gecko/20100101 Firefox/7.0.1"
125.69.74.14 - - [13/Oct/2011:16:19:50 +0800] "GET /stylesheets/refinery/site_bar.css?1299845985 HTTP/1.1" 304 - "http://www.yidianyidi.org/refinery/inquiries/13" "Mozilla/5.0 (Windows NT 6.1; WOW64; rv:7.0.1) Gecko/20100101 Firefox/7.0.1"
125.69.74.14 - - [13/Oct/2011:16:19:50 +0800] "GET /stylesheets/refinery/ui.css?1299845987 HTTP/1.1" 304 - "http://www.yidianyidi.org/refinery/inquiries/13" "Mozilla/5.0 (Windows NT 6.1; WOW64; rv:7.0.1) Gecko/20100101 Firefox/7.0.1"
125.69.74.14 - - [13/Oct/2011:16:19:50 +0800] "GET /stylesheets/refinery/tooltips.css?1299845984 HTTP/1.1" 304 - "http://www.yidianyidi.org/refinery/inquiries/13" "Mozilla/5.0 (Windows NT 6.1; WOW64; rv:7.0.1) Gecko/20100101 Firefox/7.0.1"
125.69.74.14 - - [13/Oct/2011:16:19:50 +0800] "GET /stylesheets/refinery/refinery.css?1299845977 HTTP/1.1" 304 - "http://www.yidianyidi.org/refinery/inquiries/13" "Mozilla/5.0 (Windows NT 6.1; WOW64; rv:7.0.1) Gecko/20100101 Firefox/7.0.1"
125.69.74.14 - - [13/Oct/2011:16:19:50 +0800] "GET /stylesheets/wymeditor/skins/refinery/skin.css?1299847292 HTTP/1.1" 304 - "http://www.yidianyidi.org/refinery/inquiries/13" "Mozilla/5.0 (Windows NT 6.1; WOW64; rv:7.0.1) Gecko/20100101 Firefox/7.0.1"
125.69.74.14 - - [13/Oct/2011:16:19:50 +0800] "GET /javascripts/jquery.js?1299845141 HTTP/1.1" 304 - "http://www.yidianyidi.org/refinery/inquiries/13" "Mozilla/5.0 (Windows NT 6.1; WOW64; rv:7.0.1) Gecko/20100101 Firefox/7.0.1"
125.69.74.14 - - [13/Oct/2011:16:19:50 +0800] "GET /javascripts/jquery-ui-custom-min.js?1299845130 HTTP/1.1" 304 - "http://www.yidianyidi.org/refinery/inquiries/13" "Mozilla/5.0 (Windows NT 6.1; WOW64; rv:7.0.1) Gecko/20100101 Firefox/7.0.1"
125.69.74.14 - - [13/Oct/2011:16:19:50 +0800] "GET /javascripts/jquery/jquery.timers.js?1299845927 HTTP/1.1" 304 - "http://www.yidianyidi.org/refinery/inquiries/13" "Mozilla/5.0 (Windows NT 6.1; WOW64; rv:7.0.1) Gecko/20100101 Firefox/7.0.1"
125.69.74.14 - - [13/Oct/2011:16:19:50 +0800] "GET /javascripts/jquery/jquery.textTruncate.js?1299845921 HTTP/1.1" 304 - "http://www.yidianyidi.org/refinery/inquiries/13" "Mozilla/5.0 (Windows NT 6.1; WOW64; rv:7.0.1) Gecko/20100101 Firefox/7.0.1"
125.69.74.14 - - [13/Oct/2011:16:19:50 +0800] "GET /javascripts/jquery/jquery.corner.js?1299845911 HTTP/1.1" 304 - "http://www.yidianyidi.org/refinery/inquiries/13" "Mozilla/5.0 (Windows NT 6.1; WOW64; rv:7.0.1) Gecko/20100101 Firefox/7.0.1"
125.69.74.14 - - [13/Oct/2011:16:19:50 +0800] "GET /javascripts/jquery/jquery.html5-placeholder-shim.js?1299845915 HTTP/1.1" 304 - "http://www.yidianyidi.org/refinery/inquiries/13" "Mozilla/5.0 (Windows NT 6.1; WOW64; rv:7.0.1) Gecko/20100101 Firefox/7.0.1"
125.69.74.14 - - [13/Oct/2011:16:19:50 +0800] "GET /javascripts/jquery/jquery.jcarousel.js?1299845924 HTTP/1.1" 304 - "http://www.yidianyidi.org/refinery/inquiries/13" "Mozilla/5.0 (Windows NT 6.1; WOW64; rv:7.0.1) Gecko/20100101 Firefox/7.0.1"
125.69.74.14 - - [13/Oct/2011:16:19:50 +0800] "GET /javascripts/refinery/i18n.js?1299845939 HTTP/1.1" 304 - "http://www.yidianyidi.org/refinery/inquiries/13" "Mozilla/5.0 (Windows NT 6.1; WOW64; rv:7.0.1) Gecko/20100101 Firefox/7.0.1"
125.69.74.14 - - [13/Oct/2011:16:19:50 +0800] "GET /javascripts/wymeditor/jquery.refinery.wymeditor.js?1299845979 HTTP/1.1" 304 - "http://www.yidianyidi.org/refinery/inquiries/13" "Mozilla/5.0 (Windows NT 6.1; WOW64; rv:7.0.1) Gecko/20100101 Firefox/7.0.1"
125.69.74.14 - - [13/Oct/2011:16:19:50 +0800] "GET /javascripts/admin.js?1299845117 HTTP/1.1" 304 - "http://www.yidianyidi.org/refinery/inquiries/13" "Mozilla/5.0 (Windows NT 6.1; WOW64; rv:7.0.1) Gecko/20100101 Firefox/7.0.1"
125.69.74.14 - - [13/Oct/2011:16:19:50 +0800] "GET /javascripts/refinery/boot_wym.js?1299845934 HTTP/1.1" 304 - "http://www.yidianyidi.org/refinery/inquiries/13" "Mozilla/5.0 (Windows NT 6.1; WOW64; rv:7.0.1) Gecko/20100101 Firefox/7.0.1"
125.69.74.14 - - [13/Oct/2011:16:19:50 +0800] "GET /javascripts/refinery/admin.js?1299845938 HTTP/1.1" 304 - "http://www.yidianyidi.org/refinery/inquiries/13" "Mozilla/5.0 (Windows NT 6.1; WOW64; rv:7.0.1) Gecko/20100101 Firefox/7.0.1"
125.69.74.14 - - [13/Oct/2011:16:20:03 +0800] "GET /refinery/inquiries HTTP/1.1" 304 - "http://www.yidianyidi.org/refinery/inquiries/13" "Mozilla/5.0 (Windows NT 6.1; WOW64; rv:7.0.1) Gecko/20100101 Firefox/7.0.1"
125.69.74.14 - - [13/Oct/2011:16:20:04 +0800] "GET /stylesheets/refinery/site_bar.css?1299845985 HTTP/1.1" 304 - "http://www.yidianyidi.org/refinery/inquiries" "Mozilla/5.0 (Windows NT 6.1; WOW64; rv:7.0.1) Gecko/20100101 Firefox/7.0.1"
125.69.74.14 - - [13/Oct/2011:16:20:04 +0800] "GET /stylesheets/refinery/ui.css?1299845987 HTTP/1.1" 304 - "http://www.yidianyidi.org/refinery/inquiries" "Mozilla/5.0 (Windows NT 6.1; WOW64; rv:7.0.1) Gecko/20100101 Firefox/7.0.1"
125.69.74.14 - - [13/Oct/2011:16:20:04 +0800] "GET /stylesheets/wymeditor/skins/refinery/skin.css?1299847292 HTTP/1.1" 304 - "http://www.yidianyidi.org/refinery/inquiries" "Mozilla/5.0 (Windows NT 6.1; WOW64; rv:7.0.1) Gecko/20100101 Firefox/7.0.1"
125.69.74.14 - - [13/Oct/2011:16:20:04 +0800] "GET /stylesheets/refinery/tooltips.css?1299845984 HTTP/1.1" 304 - "http://www.yidianyidi.org/refinery/inquiries" "Mozilla/5.0 (Windows NT 6.1; WOW64; rv:7.0.1) Gecko/20100101 Firefox/7.0.1"
125.69.74.14 - - [13/Oct/2011:16:20:04 +0800] "GET /javascripts/jquery.js?1299845141 HTTP/1.1" 304 - "http://www.yidianyidi.org/refinery/inquiries" "Mozilla/5.0 (Windows NT 6.1; WOW64; rv:7.0.1) Gecko/20100101 Firefox/7.0.1"
125.69.74.14 - - [13/Oct/2011:16:20:04 +0800] "GET /javascripts/jquery-ui-custom-min.js?1299845130 HTTP/1.1" 304 - "http://www.yidianyidi.org/refinery/inquiries" "Mozilla/5.0 (Windows NT 6.1; WOW64; rv:7.0.1) Gecko/20100101 Firefox/7.0.1"
125.69.74.14 - - [13/Oct/2011:16:20:04 +0800] "GET /javascripts/jquery/jquery.corner.js?1299845911 HTTP/1.1" 304 - "http://www.yidianyidi.org/refinery/inquiries" "Mozilla/5.0 (Windows NT 6.1; WOW64; rv:7.0.1) Gecko/20100101 Firefox/7.0.1"
125.69.74.14 - - [13/Oct/2011:16:20:04 +0800] "GET /javascripts/jquery/jquery.textTruncate.js?1299845921 HTTP/1.1" 304 - "http://www.yidianyidi.org/refinery/inquiries" "Mozilla/5.0 (Windows NT 6.1; WOW64; rv:7.0.1) Gecko/20100101 Firefox/7.0.1"
125.69.74.14 - - [13/Oct/2011:16:20:04 +0800] "GET /javascripts/jquery/jquery.timers.js?1299845927 HTTP/1.1" 304 - "http://www.yidianyidi.org/refinery/inquiries" "Mozilla/5.0 (Windows NT 6.1; WOW64; rv:7.0.1) Gecko/20100101 Firefox/7.0.1"
125.69.74.14 - - [13/Oct/2011:16:20:07 +0800] "GET /javascripts/jquery/jquery.jcarousel.js?1299845924 HTTP/1.1" 304 - "http://www.yidianyidi.org/refinery/inquiries" "Mozilla/5.0 (Windows NT 6.1; WOW64; rv:7.0.1) Gecko/20100101 Firefox/7.0.1"
125.69.74.14 - - [13/Oct/2011:16:20:07 +0800] "GET /javascripts/wymeditor/jquery.refinery.wymeditor.js?1299845979 HTTP/1.1" 304 - "http://www.yidianyidi.org/refinery/inquiries" "Mozilla/5.0 (Windows NT 6.1; WOW64; rv:7.0.1) Gecko/20100101 Firefox/7.0.1"
125.69.74.14 - - [13/Oct/2011:16:20:07 +0800] "GET /javascripts/jquery/jquery.html5-placeholder-shim.js?1299845915 HTTP/1.1" 304 - "http://www.yidianyidi.org/refinery/inquiries" "Mozilla/5.0 (Windows NT 6.1; WOW64; rv:7.0.1) Gecko/20100101 Firefox/7.0.1"
125.69.74.14 - - [13/Oct/2011:16:20:07 +0800] "GET /javascripts/admin.js?1299845117 HTTP/1.1" 304 - "http://www.yidianyidi.org/refinery/inquiries" "Mozilla/5.0 (Windows NT 6.1; WOW64; rv:7.0.1) Gecko/20100101 Firefox/7.0.1"
125.69.74.14 - - [13/Oct/2011:16:20:07 +0800] "GET /javascripts/refinery/boot_wym.js?1299845934 HTTP/1.1" 304 - "http://www.yidianyidi.org/refinery/inquiries" "Mozilla/5.0 (Windows NT 6.1; WOW64; rv:7.0.1) Gecko/20100101 Firefox/7.0.1"
125.69.74.14 - - [13/Oct/2011:16:20:07 +0800] "GET /javascripts/refinery/admin.js?1299845938 HTTP/1.1" 304 - "http://www.yidianyidi.org/refinery/inquiries" "Mozilla/5.0 (Windows NT 6.1; WOW64; rv:7.0.1) Gecko/20100101 Firefox/7.0.1"
125.69.74.14 - - [13/Oct/2011:16:20:07 +0800] "GET /stylesheets/refinery/refinery.css?1299845977 HTTP/1.1" 304 - "http://www.yidianyidi.org/refinery/inquiries" "Mozilla/5.0 (Windows NT 6.1; WOW64; rv:7.0.1) Gecko/20100101 Firefox/7.0.1"
182.151.187.253 - - [13/Oct/2011:16:20:10 +0800] "GET /theme/stylesheets/application.css?1299845140 HTTP/1.1" 200 4552 "http://www.yidianyidi.org/" "Mozilla/5.0 (Windows NT 6.1; WOW64) AppleWebKit/535.1 (KHTML, like Gecko) Chrome/14.0.835.202 Safari/535.1"
182.151.187.253 - - [13/Oct/2011:16:20:10 +0800] "GET /theme/stylesheets/formatting.css?1299845142 HTTP/1.1" 200 5329 "http://www.yidianyidi.org/" "Mozilla/5.0 (Windows NT 6.1; WOW64) AppleWebKit/535.1 (KHTML, like Gecko) Chrome/14.0.835.202 Safari/535.1"
125.69.74.14 - - [13/Oct/2011:16:20:10 +0800] "GET /javascripts/refinery/i18n.js?1299845939 HTTP/1.1" 304 - "http://www.yidianyidi.org/refinery/inquiries" "Mozilla/5.0 (Windows NT 6.1; WOW64; rv:7.0.1) Gecko/20100101 Firefox/7.0.1"
182.151.187.253 - - [13/Oct/2011:16:20:09 +0800] "GET / HTTP/1.1" 200 19361 "-" "Mozilla/5.0 (Windows NT 6.1; WOW64) AppleWebKit/535.1 (KHTML, like Gecko) Chrome/14.0.835.202 Safari/535.1"
182.151.187.253 - - [13/Oct/2011:16:20:10 +0800] "GET /stylesheets/theme.css?1299845153 HTTP/1.1" 200 47 "http://www.yidianyidi.org/" "Mozilla/5.0 (Windows NT 6.1; WOW64) AppleWebKit/535.1 (KHTML, like Gecko) Chrome/14.0.835.202 Safari/535.1"
182.151.187.253 - - [13/Oct/2011:16:20:10 +0800] "GET /theme/stylesheets/home.css?1299845146 HTTP/1.1" 200 5639 "http://www.yidianyidi.org/" "Mozilla/5.0 (Windows NT 6.1; WOW64) AppleWebKit/535.1 (KHTML, like Gecko) Chrome/14.0.835.202 Safari/535.1"
182.151.187.253 - - [13/Oct/2011:16:20:11 +0800] "GET /javascripts/refinery/easySlider1.7.js?1299845937 HTTP/1.1" 200 5980 "http://www.yidianyidi.org/" "Mozilla/5.0 (Windows NT 6.1; WOW64) AppleWebKit/535.1 (KHTML, like Gecko) Chrome/14.0.835.202 Safari/535.1"
182.151.187.253 - - [13/Oct/2011:16:20:11 +0800] "GET /stylesheets/refinery/theme.css HTTP/1.1" 200 532 "http://www.yidianyidi.org/" "Mozilla/5.0 (Windows NT 6.1; WOW64) AppleWebKit/535.1 (KHTML, like Gecko) Chrome/14.0.835.202 Safari/535.1"
182.151.187.253 - - [13/Oct/2011:16:20:11 +0800] "GET /stylesheets/refinery/formatting.css HTTP/1.1" 200 950 "http://www.yidianyidi.org/" "Mozilla/5.0 (Windows NT 6.1; WOW64) AppleWebKit/535.1 (KHTML, like Gecko) Chrome/14.0.835.202 Safari/535.1"
182.151.187.253 - - [13/Oct/2011:16:20:11 +0800] "GET /javascripts/refinery/jquery.js?1299845946 HTTP/1.1" 200 54267 "http://www.yidianyidi.org/" "Mozilla/5.0 (Windows NT 6.1; WOW64) AppleWebKit/535.1 (KHTML, like Gecko) Chrome/14.0.835.202 Safari/535.1"
182.151.187.253 - - [13/Oct/2011:16:20:12 +0800] "GET /stylesheets/refinery/home.css HTTP/1.1" 200 - "http://www.yidianyidi.org/" "Mozilla/5.0 (Windows NT 6.1; WOW64) AppleWebKit/535.1 (KHTML, like Gecko) Chrome/14.0.835.202 Safari/535.1"
182.151.187.253 - - [13/Oct/2011:16:20:13 +0800] "GET /stylesheets/refinery/application.css HTTP/1.1" 200 709 "http://www.yidianyidi.org/" "Mozilla/5.0 (Windows NT 6.1; WOW64) AppleWebKit/535.1 (KHTML, like Gecko) Chrome/14.0.835.202 Safari/535.1"
182.151.187.253 - - [13/Oct/2011:16:20:17 +0800] "GET /theme/images/ga2-orange-bar.gif HTTP/1.1" 200 154 "http://www.yidianyidi.org/" "Mozilla/5.0 (Windows NT 6.1; WOW64) AppleWebKit/535.1 (KHTML, like Gecko) Chrome/14.0.835.202 Safari/535.1"
182.151.187.253 - - [13/Oct/2011:16:20:17 +0800] "GET /theme/images/youkulogo.png HTTP/1.1" 200 930 "http://www.yidianyidi.org/" "Mozilla/5.0 (Windows NT 6.1; WOW64) AppleWebKit/535.1 (KHTML, like Gecko) Chrome/14.0.835.202 Safari/535.1"
182.151.187.253 - - [13/Oct/2011:16:20:17 +0800] "GET /theme/images/sinablog.png HTTP/1.1" 200 1181 "http://www.yidianyidi.org/" "Mozilla/5.0 (Windows NT 6.1; WOW64) AppleWebKit/535.1 (KHTML, like Gecko) Chrome/14.0.835.202 Safari/535.1"
182.151.187.253 - - [13/Oct/2011:16:20:17 +0800] "GET /theme/images/sinaweibo.png HTTP/1.1" 200 7385 "http://www.yidianyidi.org/" "Mozilla/5.0 (Windows NT 6.1; WOW64) AppleWebKit/535.1 (KHTML, like Gecko) Chrome/14.0.835.202 Safari/535.1"
182.151.187.253 - - [13/Oct/2011:16:20:17 +0800] "GET /theme/images/home/03.000.jpg HTTP/1.1" 200 35396 "http://www.yidianyidi.org/" "Mozilla/5.0 (Windows NT 6.1; WOW64) AppleWebKit/535.1 (KHTML, like Gecko) Chrome/14.0.835.202 Safari/535.1"
125.69.74.14 - - [13/Oct/2011:16:20:19 +0800] "GET /refinery/inquiries/12 HTTP/1.1" 200 5853 "http://www.yidianyidi.org/refinery/inquiries" "Mozilla/5.0 (Windows NT 6.1; WOW64; rv:7.0.1) Gecko/20100101 Firefox/7.0.1"
125.69.74.14 - - [13/Oct/2011:16:20:19 +0800] "GET /stylesheets/refinery/site_bar.css?1299845985 HTTP/1.1" 304 - "http://www.yidianyidi.org/refinery/inquiries/12" "Mozilla/5.0 (Windows NT 6.1; WOW64; rv:7.0.1) Gecko/20100101 Firefox/7.0.1"
182.151.187.253 - - [13/Oct/2011:16:20:17 +0800] "GET /theme/images/bitbybit-logo.jpg HTTP/1.1" 200 29303 "http://www.yidianyidi.org/" "Mozilla/5.0 (Windows NT 6.1; WOW64) AppleWebKit/535.1 (KHTML, like Gecko) Chrome/14.0.835.202 Safari/535.1"
182.151.187.253 - - [13/Oct/2011:16:20:17 +0800] "GET /theme/images/home/07.000.jpg HTTP/1.1" 200 49622 "http://www.yidianyidi.org/" "Mozilla/5.0 (Windows NT 6.1; WOW64) AppleWebKit/535.1 (KHTML, like Gecko) Chrome/14.0.835.202 Safari/535.1"
125.69.74.14 - - [13/Oct/2011:16:20:20 +0800] "GET /stylesheets/refinery/refinery.css?1299845977 HTTP/1.1" 304 - "http://www.yidianyidi.org/refinery/inquiries/12" "Mozilla/5.0 (Windows NT 6.1; WOW64; rv:7.0.1) Gecko/20100101 Firefox/7.0.1"
125.69.74.14 - - [13/Oct/2011:16:20:20 +0800] "GET /stylesheets/refinery/ui.css?1299845987 HTTP/1.1" 304 - "http://www.yidianyidi.org/refinery/inquiries/12" "Mozilla/5.0 (Windows NT 6.1; WOW64; rv:7.0.1) Gecko/20100101 Firefox/7.0.1"
125.69.74.14 - - [13/Oct/2011:16:20:20 +0800] "GET /stylesheets/refinery/tooltips.css?1299845984 HTTP/1.1" 304 - "http://www.yidianyidi.org/refinery/inquiries/12" "Mozilla/5.0 (Windows NT 6.1; WOW64; rv:7.0.1) Gecko/20100101 Firefox/7.0.1"
125.69.74.14 - - [13/Oct/2011:16:20:20 +0800] "GET /javascripts/jquery.js?1299845141 HTTP/1.1" 304 - "http://www.yidianyidi.org/refinery/inquiries/12" "Mozilla/5.0 (Windows NT 6.1; WOW64; rv:7.0.1) Gecko/20100101 Firefox/7.0.1"
125.69.74.14 - - [13/Oct/2011:16:20:20 +0800] "GET /javascripts/jquery-ui-custom-min.js?1299845130 HTTP/1.1" 304 - "http://www.yidianyidi.org/refinery/inquiries/12" "Mozilla/5.0 (Windows NT 6.1; WOW64; rv:7.0.1) Gecko/20100101 Firefox/7.0.1"
125.69.74.14 - - [13/Oct/2011:16:20:20 +0800] "GET /javascripts/jquery/jquery.corner.js?1299845911 HTTP/1.1" 304 - "http://www.yidianyidi.org/refinery/inquiries/12" "Mozilla/5.0 (Windows NT 6.1; WOW64; rv:7.0.1) Gecko/20100101 Firefox/7.0.1"
125.69.74.14 - - [13/Oct/2011:16:20:20 +0800] "GET /javascripts/jquery/jquery.textTruncate.js?1299845921 HTTP/1.1" 304 - "http://www.yidianyidi.org/refinery/inquiries/12" "Mozilla/5.0 (Windows NT 6.1; WOW64; rv:7.0.1) Gecko/20100101 Firefox/7.0.1"
125.69.74.14 - - [13/Oct/2011:16:20:20 +0800] "GET /javascripts/jquery/jquery.html5-placeholder-shim.js?1299845915 HTTP/1.1" 304 - "http://www.yidianyidi.org/refinery/inquiries/12" "Mozilla/5.0 (Windows NT 6.1; WOW64; rv:7.0.1) Gecko/20100101 Firefox/7.0.1"
182.151.187.253 - - [13/Oct/2011:16:20:17 +0800] "GET /theme/images/home/06.000.jpg HTTP/1.1" 200 75609 "http://www.yidianyidi.org/" "Mozilla/5.0 (Windows NT 6.1; WOW64) AppleWebKit/535.1 (KHTML, like Gecko) Chrome/14.0.835.202 Safari/535.1"
182.151.187.253 - - [13/Oct/2011:16:20:21 +0800] "GET /system/images/0000/0040/contact_us.png HTTP/1.1" 200 4820 "http://www.yidianyidi.org/" "Mozilla/5.0 (Windows NT 6.1; WOW64) AppleWebKit/535.1 (KHTML, like Gecko) Chrome/14.0.835.202 Safari/535.1"
182.151.187.253 - - [13/Oct/2011:16:20:20 +0800] "GET /system/images/0000/0047/video-icon.jpg HTTP/1.1" 200 13322 "http://www.yidianyidi.org/" "Mozilla/5.0 (Windows NT 6.1; WOW64) AppleWebKit/535.1 (KHTML, like Gecko) Chrome/14.0.835.202 Safari/535.1"
182.151.187.253 - - [13/Oct/2011:16:20:22 +0800] "GET /theme/images/diandi_small.jpg HTTP/1.1" 200 4920 "http://www.yidianyidi.org/" "Mozilla/5.0 (Windows NT 6.1; WOW64) AppleWebKit/535.1 (KHTML, like Gecko) Chrome/14.0.835.202 Safari/535.1"
125.69.74.14 - - [13/Oct/2011:16:20:22 +0800] "GET /javascripts/refinery/i18n.js?1299845939 HTTP/1.1" 304 - "http://www.yidianyidi.org/refinery/inquiries/12" "Mozilla/5.0 (Windows NT 6.1; WOW64; rv:7.0.1) Gecko/20100101 Firefox/7.0.1"
::1 - - [13/Oct/2011:16:20:23 +0800] "OPTIONS * HTTP/1.0" 200 - "-" "Apache/2.2.3 (CentOS) (internal dummy connection)"
125.69.74.14 - - [13/Oct/2011:16:20:23 +0800] "GET /javascripts/admin.js?1299845117 HTTP/1.1" 304 - "http://www.yidianyidi.org/refinery/inquiries/12" "Mozilla/5.0 (Windows NT 6.1; WOW64; rv:7.0.1) Gecko/20100101 Firefox/7.0.1"
182.151.187.253 - - [13/Oct/2011:16:20:18 +0800] "GET /theme/images/home/01.000.jpg HTTP/1.1" 200 38587 "http://www.yidianyidi.org/" "Mozilla/5.0 (Windows NT 6.1; WOW64) AppleWebKit/535.1 (KHTML, like Gecko) Chrome/14.0.835.202 Safari/535.1"
125.69.74.14 - - [13/Oct/2011:16:20:23 +0800] "GET /javascripts/jquery/jquery.jcarousel.js?1299845924 HTTP/1.1" 304 - "http://www.yidianyidi.org/refinery/inquiries/12" "Mozilla/5.0 (Windows NT 6.1; WOW64; rv:7.0.1) Gecko/20100101 Firefox/7.0.1"
125.69.74.14 - - [13/Oct/2011:16:20:23 +0800] "GET /javascripts/refinery/boot_wym.js?1299845934 HTTP/1.1" 304 - "http://www.yidianyidi.org/refinery/inquiries/12" "Mozilla/5.0 (Windows NT 6.1; WOW64; rv:7.0.1) Gecko/20100101 Firefox/7.0.1"
182.151.187.253 - - [13/Oct/2011:16:20:20 +0800] "GET /theme/images/home/02.000.jpg HTTP/1.1" 200 45599 "http://www.yidianyidi.org/" "Mozilla/5.0 (Windows NT 6.1; WOW64) AppleWebKit/535.1 (KHTML, like Gecko) Chrome/14.0.835.202 Safari/535.1"
125.69.74.14 - - [13/Oct/2011:16:20:23 +0800] "GET /javascripts/refinery/admin.js?1299845938 HTTP/1.1" 304 - "http://www.yidianyidi.org/refinery/inquiries/12" "Mozilla/5.0 (Windows NT 6.1; WOW64; rv:7.0.1) Gecko/20100101 Firefox/7.0.1"
125.69.74.14 - - [13/Oct/2011:16:20:23 +0800] "GET /stylesheets/wymeditor/skins/refinery/skin.css?1299847292 HTTP/1.1" 304 - "http://www.yidianyidi.org/refinery/inquiries/12" "Mozilla/5.0 (Windows NT 6.1; WOW64; rv:7.0.1) Gecko/20100101 Firefox/7.0.1"
182.151.187.253 - - [13/Oct/2011:16:20:22 +0800] "GET /system/images/0000/0054/2010_financial_chart_large.jpg HTTP/1.1" 200 51606 "http://www.yidianyidi.org/" "Mozilla/5.0 (Windows NT 6.1; WOW64) AppleWebKit/535.1 (KHTML, like Gecko) Chrome/14.0.835.202 Safari/535.1"
::1 - - [13/Oct/2011:16:20:24 +0800] "OPTIONS * HTTP/1.0" 200 - "-" "Apache/2.2.3 (CentOS) (internal dummy connection)"
125.69.74.14 - - [13/Oct/2011:16:20:24 +0800] "GET /javascripts/jquery/jquery.timers.js?1299845927 HTTP/1.1" 304 - "http://www.yidianyidi.org/refinery/inquiries/12" "Mozilla/5.0 (Windows NT 6.1; WOW64; rv:7.0.1) Gecko/20100101 Firefox/7.0.1"
182.151.187.253 - - [13/Oct/2011:16:20:21 +0800] "GET /theme/images/home/04.000.jpg HTTP/1.1" 200 51645 "http://www.yidianyidi.org/" "Mozilla/5.0 (Windows NT 6.1; WOW64) AppleWebKit/535.1 (KHTML, like Gecko) Chrome/14.0.835.202 Safari/535.1"
125.69.74.14 - - [13/Oct/2011:16:20:25 +0800] "GET /javascripts/wymeditor/jquery.refinery.wymeditor.js?1299845979 HTTP/1.1" 304 - "http://www.yidianyidi.org/refinery/inquiries/12" "Mozilla/5.0 (Windows NT 6.1; WOW64; rv:7.0.1) Gecko/20100101 Firefox/7.0.1"
::1 - - [13/Oct/2011:16:20:27 +0800] "OPTIONS * HTTP/1.0" 200 - "-" "Apache/2.2.3 (CentOS) (internal dummy connection)"
::1 - - [13/Oct/2011:16:20:28 +0800] "OPTIONS * HTTP/1.0" 200 - "-" "Apache/2.2.3 (CentOS) (internal dummy connection)"
::1 - - [13/Oct/2011:16:20:29 +0800] "OPTIONS * HTTP/1.0" 200 - "-" "Apache/2.2.3 (CentOS) (internal dummy connection)"
182.151.187.253 - - [13/Oct/2011:16:20:31 +0800] "GET /theme/images/ga2-orange-bar-hover.gif HTTP/1.1" 200 990 "http://www.yidianyidi.org/" "Mozilla/5.0 (Windows NT 6.1; WOW64) AppleWebKit/535.1 (KHTML, like Gecko) Chrome/14.0.835.202 Safari/535.1"
182.151.187.253 - - [13/Oct/2011:16:20:31 +0800] "GET /theme/images/ga2-orange-bar-divider.gif HTTP/1.1" 200 930 "http://www.yidianyidi.org/" "Mozilla/5.0 (Windows NT 6.1; WOW64) AppleWebKit/535.1 (KHTML, like Gecko) Chrome/14.0.835.202 Safari/535.1"
182.151.187.253 - - [13/Oct/2011:16:20:31 +0800] "GET /theme/images/footer-logo.png HTTP/1.1" 200 10765 "http://www.yidianyidi.org/" "Mozilla/5.0 (Windows NT 6.1; WOW64) AppleWebKit/535.1 (KHTML, like Gecko) Chrome/14.0.835.202 Safari/535.1"
182.151.187.253 - - [13/Oct/2011:16:20:31 +0800] "GET /theme/stylesheets/btn_prev.gif HTTP/1.1" 404 - "http://www.yidianyidi.org/" "Mozilla/5.0 (Windows NT 6.1; WOW64) AppleWebKit/535.1 (KHTML, like Gecko) Chrome/14.0.835.202 Safari/535.1"
182.151.187.253 - - [13/Oct/2011:16:20:32 +0800] "GET /theme/stylesheets/btn_next.gif HTTP/1.1" 404 - "http://www.yidianyidi.org/" "Mozilla/5.0 (Windows NT 6.1; WOW64) AppleWebKit/535.1 (KHTML, like Gecko) Chrome/14.0.835.202 Safari/535.1"
::1 - - [13/Oct/2011:16:20:33 +0800] "OPTIONS * HTTP/1.0" 200 - "-" "Apache/2.2.3 (CentOS) (internal dummy connection)"
182.151.187.253 - - [13/Oct/2011:16:20:33 +0800] "GET /favicon.ico HTTP/1.1" 200 1150 "-" "Mozilla/5.0 (Windows NT 6.1; WOW64) AppleWebKit/535.1 (KHTML, like Gecko) Chrome/14.0.835.202 Safari/535.1"
125.69.74.14 - - [13/Oct/2011:16:20:38 +0800] "GET /logout HTTP/1.1" 302 92 "http://www.yidianyidi.org/refinery/inquiries/12" "Mozilla/5.0 (Windows NT 6.1; WOW64; rv:7.0.1) Gecko/20100101 Firefox/7.0.1"
125.69.74.14 - - [13/Oct/2011:16:20:38 +0800] "GET / HTTP/1.1" 304 - "http://www.yidianyidi.org/refinery/inquiries/12" "Mozilla/5.0 (Windows NT 6.1; WOW64; rv:7.0.1) Gecko/20100101 Firefox/7.0.1"
125.69.74.14 - - [13/Oct/2011:16:20:49 +0800] "GET /stylesheets/theme.css?1299845153 HTTP/1.1" 304 - "http://www.yidianyidi.org/" "Mozilla/5.0 (Windows NT 6.1; WOW64; rv:7.0.1) Gecko/20100101 Firefox/7.0.1"
125.69.74.14 - - [13/Oct/2011:16:20:49 +0800] "GET /javascripts/refinery/jquery.js?1299845946 HTTP/1.1" 304 - "http://www.yidianyidi.org/" "Mozilla/5.0 (Windows NT 6.1; WOW64; rv:7.0.1) Gecko/20100101 Firefox/7.0.1"
125.69.74.14 - - [13/Oct/2011:16:20:49 +0800] "GET /theme/stylesheets/formatting.css?1299845142 HTTP/1.1" 304 - "http://www.yidianyidi.org/" "Mozilla/5.0 (Windows NT 6.1; WOW64; rv:7.0.1) Gecko/20100101 Firefox/7.0.1"
125.69.74.14 - - [13/Oct/2011:16:20:49 +0800] "GET /theme/stylesheets/application.css?1299845140 HTTP/1.1" 304 - "http://www.yidianyidi.org/" "Mozilla/5.0 (Windows NT 6.1; WOW64; rv:7.0.1) Gecko/20100101 Firefox/7.0.1"
125.69.74.14 - - [13/Oct/2011:16:20:49 +0800] "GET /theme/stylesheets/home.css?1299845146 HTTP/1.1" 304 - "http://www.yidianyidi.org/" "Mozilla/5.0 (Windows NT 6.1; WOW64; rv:7.0.1) Gecko/20100101 Firefox/7.0.1"
125.69.74.14 - - [13/Oct/2011:16:20:49 +0800] "GET /javascripts/refinery/easySlider1.7.js?1299845937 HTTP/1.1" 304 - "http://www.yidianyidi.org/" "Mozilla/5.0 (Windows NT 6.1; WOW64; rv:7.0.1) Gecko/20100101 Firefox/7.0.1"
125.69.74.14 - - [13/Oct/2011:16:20:52 +0800] "GET /theme/stylesheets/btn_prev.gif HTTP/1.1" 404 - "http://www.yidianyidi.org/theme/stylesheets/home.css?1299845146" "Mozilla/5.0 (Windows NT 6.1; WOW64; rv:7.0.1) Gecko/20100101 Firefox/7.0.1"
