124.115.1.7 - - [12/Oct/2011:22:34:14 +0800] "GET /project/%E9%AB%98%E5%8E%9F%E6%B4%97%E6%BE%A1%E5%AE%A4%E9%A1%B9%E7%9B%AE%E8%AE%A1%E5%88%92%E4%B9%A6 HTTP/1.1" 503 406 "-" "Mozilla/4.0 (compatible; MSIE 6.0; Windows NT 5.1)"
93.158.147.8 - - [12/Oct/2011:22:49:06 +0800] "GET /robots.txt HTTP/1.1" 503 406 "-" "Mozilla/5.0 (compatible; YandexBot/3.0; +http://yandex.com/bots)"
93.158.147.8 - - [12/Oct/2011:22:49:06 +0800] "GET /robots.txt HTTP/1.1" 503 402 "-" "Mozilla/5.0 (compatible; YandexBot/3.0; +http://yandex.com/bots)"
93.158.147.8 - - [12/Oct/2011:22:49:07 +0800] "GET / HTTP/1.1" 503 406 "-" "Mozilla/5.0 (compatible; YandexBot/3.0; +http://yandex.com/bots)"
93.158.147.8 - - [12/Oct/2011:22:49:07 +0800] "GET / HTTP/1.1" 503 402 "-" "Mozilla/5.0 (compatible; YandexBot/3.0; +http://yandex.com/bots)"
93.158.147.8 - - [12/Oct/2011:22:49:08 +0800] "GET / HTTP/1.1" 503 406 "-" "Mozilla/5.0 (compatible; YandexBot/3.0; +http://yandex.com/bots)"
93.158.147.8 - - [12/Oct/2011:22:49:08 +0800] "GET / HTTP/1.1" 503 402 "-" "Mozilla/5.0 (compatible; YandexBot/3.0; +http://yandex.com/bots)"
31.184.236.15 - - [12/Oct/2011:23:01:30 +0800] "GET http://proxy.parser.by/check_proxy.php HTTP/1.1" 503 403 "http://proxy.parser.by/referrer.php" "-"
203.208.60.181 - - [12/Oct/2011:23:20:20 +0800] "GET /robots.txt HTTP/1.1" 503 402 "-" "Mozilla/5.0 (compatible; Googlebot/2.1; +http://www.google.com/bot.html)"
31.184.236.15 - - [12/Oct/2011:23:33:33 +0800] "GET http://proxy.parser.by/check_proxy.php HTTP/1.1" 503 403 "http://proxy.parser.by/referrer.php" "-"
123.125.71.116 - - [12/Oct/2011:23:49:09 +0800] "GET /project/%E7%8E%89%E6%A0%91%E7%8F%8D%E7%A7%A6%E4%B8%AD%E5%BF%83%E5%AF%84%E6%A0%A1%E6%B4%97%E6%BE%A1%E5%AE%A4%E9%A1%B9%E7%9B%AE%E5%8F%8D%E9%A6%88%E6%8A%A5%E5%91%8A HTTP/1.1" 503 406 "-" "Mozilla/5.0 (compatible; Baiduspider/2.0; +http://www.baidu.com/search/spider.html)"
31.184.236.15 - - [13/Oct/2011:00:05:32 +0800] "GET http://proxy.parser.by/check_proxy.php HTTP/1.1" 503 403 "http://proxy.parser.by/referrer.php" "-"
182.148.78.111 - - [13/Oct/2011:00:25:57 +0800] "GET / HTTP/1.1" 503 406 "-" "Mozilla/5.0 (Windows NT 6.1; WOW64; rv:7.0.1) Gecko/20100101 Firefox/7.0.1"
31.184.236.15 - - [13/Oct/2011:00:37:32 +0800] "GET http://proxy.parser.by/check_proxy.php HTTP/1.1" 503 403 "http://proxy.parser.by/referrer.php" "-"
123.125.71.109 - - [13/Oct/2011:00:47:50 +0800] "GET / HTTP/1.1" 503 402 "-" "Mozilla/5.0 (compatible; Baiduspider/2.0; +http://www.baidu.com/search/spider.html)"
220.181.108.180 - - [13/Oct/2011:00:48:39 +0800] "GET / HTTP/1.1" 503 402 "-" "Mozilla/5.0 (compatible; Baiduspider/2.0; +http://www.baidu.com/search/spider.html)"
61.135.249.90 - - [13/Oct/2011:00:50:17 +0800] "GET / HTTP/1.1" 503 402 "-" "Mozilla/5.0 (compatible; YodaoBot/1.0; http://www.yodao.com/help/webmaster/spider/; )"
124.115.0.22 - - [13/Oct/2011:00:51:38 +0800] "GET / HTTP/1.1" 503 406 "-" "Sosospider+(+http://help.soso.com/webspider.htm)"
119.188.2.212 - - [13/Oct/2011:00:53:25 +0800] "GET / HTTP/1.1" 503 406 "http://www.yidianyidi.org/" "Mozilla/4.0 (compatible; MSIE 7.0; Windows NT 5.1)"
123.125.71.94 - - [13/Oct/2011:01:08:16 +0800] "GET /project/categories/%E9%A1%B9%E7%9B%AE%E5%AE%8C%E6%88%90%E6%8A%A5%E5%91%8A?page=2 HTTP/1.1" 503 406 "-" "Mozilla/5.0 (compatible; Baiduspider/2.0; +http://www.baidu.com/search/spider.html)"
31.184.236.15 - - [13/Oct/2011:01:09:31 +0800] "GET http://proxy.parser.by/check_proxy.php HTTP/1.1" 503 403 "http://proxy.parser.by/referrer.php" "-"
203.208.60.181 - - [13/Oct/2011:01:15:19 +0800] "GET /robots.txt HTTP/1.1" 503 402 "-" "Mozilla/5.0 (compatible; Googlebot/2.1; +http://www.google.com/bot.html)"
121.205.5.84 - - [13/Oct/2011:01:36:20 +0800] "GET /system/images/0000/0498/7_large.jpg HTTP/1.1" 503 406 "http://gensun.org/?q=%E7%9B%B4%E7%A9%BF" "Mozilla/5.0 (Windows NT 5.1) AppleWebKit/535.1 (KHTML, like Gecko) Chrome/14.0.822.0 Safari/535.1"
31.184.236.15 - - [13/Oct/2011:01:41:34 +0800] "GET http://proxy.parser.by/check_proxy.php HTTP/1.1" 503 403 "http://proxy.parser.by/referrer.php" "-"
31.184.236.15 - - [13/Oct/2011:02:13:31 +0800] "GET http://proxy.parser.by/check_proxy.php HTTP/1.1" 503 403 "http://proxy.parser.by/referrer.php" "-"
123.125.71.98 - - [13/Oct/2011:02:22:51 +0800] "GET / HTTP/1.1" 503 406 "-" "Mozilla/5.0 (compatible; Baiduspider/2.0; +http://www.baidu.com/search/spider.html)"
220.181.108.178 - - [13/Oct/2011:02:22:56 +0800] "GET / HTTP/1.1" 503 406 "-" "Mozilla/5.0 (compatible; Baiduspider/2.0; +http://www.baidu.com/search/spider.html)"
123.125.71.16 - - [13/Oct/2011:02:27:21 +0800] "GET /project/categories/%E7%89%A9%E8%B4%A8%E5%B8%AE%E5%8A%A9%E9%A1%B9%E7%9B%AE HTTP/1.1" 503 406 "-" "Mozilla/5.0 (compatible; Baiduspider/2.0; +http://www.baidu.com/search/spider.html)"
31.184.236.15 - - [13/Oct/2011:02:45:33 +0800] "GET http://proxy.parser.by/check_proxy.php HTTP/1.1" 503 403 "http://proxy.parser.by/referrer.php" "-"
130.36.147.6 - - [13/Oct/2011:02:51:17 +0800] "GET /javascripts/jquery/jquery-1.4.4.min.js?1299845907 HTTP/1.1" 503 406 "-" "Mozilla/4.0 (compatible;)"
110.75.164.1 - - [13/Oct/2011:02:56:36 +0800] "GET / HTTP/1.1" 503 406 "http://www.yidianyidi.org/" "Mozilla/4.0 (compatible; MSIE 8.0; Windows NT 6.1; WOW64;Trident/4.0; SLCC2; .NET CLR 2.0.50727; .NET CLR 3.5.30729;.NET CLR 3.0.30729; .NET4.0C alisec-pisces/1.12 (unset) )"
203.208.60.181 - - [13/Oct/2011:03:10:31 +0800] "GET /robots.txt HTTP/1.1" 503 402 "-" "Mozilla/5.0 (compatible; Googlebot/2.1; +http://www.google.com/bot.html)"
31.184.236.15 - - [13/Oct/2011:03:17:31 +0800] "GET http://proxy.parser.by/check_proxy.php HTTP/1.1" 503 403 "http://proxy.parser.by/referrer.php" "-"
61.135.249.21 - - [13/Oct/2011:03:25:06 +0800] "GET / HTTP/1.1" 503 402 "-" "Mozilla/5.0 (compatible; YodaoBot/1.0; http://www.yodao.com/help/webmaster/spider/; )"
124.115.0.16 - - [13/Oct/2011:03:28:59 +0800] "GET / HTTP/1.1" 503 402 "-" "Sosospider+(+http://help.soso.com/webspider.htm)"
123.125.71.84 - - [13/Oct/2011:03:46:24 +0800] "GET /news?page=3 HTTP/1.1" 503 406 "-" "Mozilla/5.0 (compatible; Baiduspider/2.0; +http://www.baidu.com/search/spider.html)"
31.184.236.15 - - [13/Oct/2011:03:49:30 +0800] "GET http://proxy.parser.by/check_proxy.php HTTP/1.1" 503 403 "http://proxy.parser.by/referrer.php" "-"
1.202.218.3 - - [13/Oct/2011:03:53:27 +0800] "GET /robots.txt HTTP/1.0" 503 406 "-" "Mozilla/5.0 ()"
1.202.218.3 - - [13/Oct/2011:03:53:29 +0800] "GET /theme/images/sinablog.png HTTP/1.0" 503 406 "http://www.yidianyidi.org/" "jikespider \"Mozilla/5.0"
31.184.236.15 - - [13/Oct/2011:04:21:33 +0800] "GET http://proxy.parser.by/check_proxy.php HTTP/1.1" 503 403 "http://proxy.parser.by/referrer.php" "-"
124.115.6.11 - - [13/Oct/2011:04:32:16 +0800] "GET /robots.txt HTTP/1.1" 503 406 "-" "Sosospider+(+http://help.soso.com/webspider.htm)"
180.76.5.137 - - [13/Oct/2011:04:42:15 +0800] "GET /robots.txt HTTP/1.1" 503 406 "-" "Baiduspider+(+http://www.baidu.com/search/spider.htm)"
31.184.236.15 - - [13/Oct/2011:04:53:31 +0800] "GET http://proxy.parser.by/check_proxy.php HTTP/1.1" 503 403 "http://proxy.parser.by/referrer.php" "-"
123.125.71.24 - - [13/Oct/2011:05:05:29 +0800] "GET /news/%E4%B8%80%E7%82%B9%E4%B8%80%E6%BB%B42011%E5%B9%B47%E6%9C%88%E9%9D%92%E6%B5%B7%E8%80%83%E5%AF%9F%E6%B4%BB%E5%8A%A8%E6%80%BB%E7%BB%93 HTTP/1.1" 503 406 "-" "Mozilla/5.0 (compatible; Baiduspider/2.0; +http://www.baidu.com/search/spider.html)"
203.208.60.181 - - [13/Oct/2011:05:06:21 +0800] "GET /robots.txt HTTP/1.1" 503 402 "-" "Mozilla/5.0 (compatible; Googlebot/2.1; +http://www.google.com/bot.html)"
31.184.236.15 - - [13/Oct/2011:05:25:31 +0800] "GET http://proxy.parser.by/check_proxy.php HTTP/1.1" 503 403 "http://proxy.parser.by/referrer.php" "-"
77.88.27.25 - - [13/Oct/2011:05:31:41 +0800] "GET /robots.txt HTTP/1.1" 503 406 "-" "Mozilla/5.0 (compatible; YandexBot/3.0; +http://yandex.com/bots)"
221.202.112.98 - - [13/Oct/2011:05:34:20 +0800] "GET / HTTP/1.1" 503 406 "http://www.yidianyidi.org/" "Mozilla/4.0 (compatible; MSIE 6.0; Windows NT 5.1; SV1)"
77.88.27.25 - - [13/Oct/2011:05:36:09 +0800] "GET /system/resources/0000/0014/2011xialaxiuxiangshucaipengxiangmufankuibaogao.pdf HTTP/1.1" 503 406 "-" "Mozilla/5.0 (compatible; YandexBot/3.0; +http://yandex.com/bots)"
77.88.27.25 - - [13/Oct/2011:05:36:12 +0800] "GET /system/resources/0000/0014/2011xialaxiuxiangshucaipengxiangmufankuibaogao.pdf HTTP/1.1" 503 406 "-" "Mozilla/5.0 (compatible; YandexBot/3.0; +http://yandex.com/bots)"
77.88.27.25 - - [13/Oct/2011:05:36:26 +0800] "GET /system/resources/0000/0014/2011xialaxiuxiangshucaipengxiangmufankuibaogao.pdf HTTP/1.1" 503 406 "-" "Mozilla/5.0 (compatible; YandexBot/3.0; +http://yandex.com/bots)"
77.88.27.25 - - [13/Oct/2011:05:36:58 +0800] "GET /system/resources/0000/0014/2011xialaxiuxiangshucaipengxiangmufankuibaogao.pdf HTTP/1.1" 503 406 "-" "Mozilla/5.0 (compatible; YandexBot/3.0; +http://yandex.com/bots)"
77.88.27.25 - - [13/Oct/2011:05:37:59 +0800] "GET /system/resources/0000/0015/2011yushuzhenqinxizaoshifankuibaogao.pdf HTTP/1.1" 503 406 "-" "Mozilla/5.0 (compatible; YandexBot/3.0; +http://yandex.com/bots)"
77.88.27.25 - - [13/Oct/2011:05:38:59 +0800] "GET /system/resources/0000/0015/2011yushuzhenqinxizaoshifankuibaogao.pdf HTTP/1.1" 503 406 "-" "Mozilla/5.0 (compatible; YandexBot/3.0; +http://yandex.com/bots)"
77.88.27.25 - - [13/Oct/2011:05:40:58 +0800] "GET /system/resources/0000/0015/2011yushuzhenqinxizaoshifankuibaogao.pdf HTTP/1.1" 503 406 "-" "Mozilla/5.0 (compatible; YandexBot/3.0; +http://yandex.com/bots)"
77.88.27.25 - - [13/Oct/2011:05:43:58 +0800] "GET /system/resources/0000/0015/2011yushuzhenqinxizaoshifankuibaogao.pdf HTTP/1.1" 503 406 "-" "Mozilla/5.0 (compatible; YandexBot/3.0; +http://yandex.com/bots)"
203.208.60.210 - - [13/Oct/2011:05:55:59 +0800] "GET /robots.txt HTTP/1.1" 503 406 "-" "Mozilla/5.0 (compatible; Googlebot/2.1; +http://www.google.com/bot.html)"
31.184.236.15 - - [13/Oct/2011:05:57:31 +0800] "GET http://proxy.parser.by/check_proxy.php HTTP/1.1" 503 403 "http://proxy.parser.by/referrer.php" "-"
61.135.248.184 - - [13/Oct/2011:06:01:57 +0800] "GET / HTTP/1.1" 503 402 "-" "Mozilla/5.0 (compatible; YodaoBot/1.0; http://www.yodao.com/help/webmaster/spider/; )"
203.208.60.181 - - [13/Oct/2011:06:06:41 +0800] "GET /robots.txt HTTP/1.1" 503 402 "-" "Mozilla/5.0 (compatible; Googlebot/2.1; +http://www.google.com/bot.html)"
123.125.71.107 - - [13/Oct/2011:06:21:39 +0800] "GET / HTTP/1.1" 503 406 "-" "Mozilla/5.0 (compatible; Baiduspider/2.0; +http://www.baidu.com/search/spider.html)"
220.181.108.187 - - [13/Oct/2011:06:21:44 +0800] "GET / HTTP/1.1" 503 406 "-" "Mozilla/5.0 (compatible; Baiduspider/2.0; +http://www.baidu.com/search/spider.html)"
123.125.71.114 - - [13/Oct/2011:06:24:31 +0800] "GET /news HTTP/1.1" 503 406 "-" "Mozilla/5.0 (compatible; Baiduspider/2.0; +http://www.baidu.com/search/spider.html)"
202.160.179.27 - - [13/Oct/2011:06:27:38 +0800] "GET /robots.txt HTTP/1.0" 503 402 "-" "Mozilla/5.0 (compatible; Yahoo! Slurp China; http://misc.yahoo.com.cn/help.html)"
202.160.181.184 - - [13/Oct/2011:06:28:34 +0800] "GET /news/%E4%B8%80%E7%82%B9%E4%B8%80%E6%BB%B4%E8%BE%BE%E6%97%A5%E6%B0%B4%E5%A4%84%E7%90%86%E9%A1%B9%E7%9B%AE%E8%BF%9B%E8%A1%8C%E4%B8%AD HTTP/1.0" 503 402 "-" "Mozilla/5.0 (compatible; Yahoo! Slurp China; http://misc.yahoo.com.cn/help.html)"
31.184.236.15 - - [13/Oct/2011:06:29:30 +0800] "GET http://proxy.parser.by/check_proxy.php HTTP/1.1" 503 403 "http://proxy.parser.by/referrer.php" "-"
31.184.236.15 - - [13/Oct/2011:07:01:31 +0800] "GET http://proxy.parser.by/check_proxy.php HTTP/1.1" 503 403 "http://proxy.parser.by/referrer.php" "-"
188.32.22.170 - - [13/Oct/2011:07:02:36 +0800] "GET http://www.proxyjudge.biz/az.php HTTP/1.1" 503 406 "-" "Mozilla/4.0 (compatible; MSIE 6.0; Windows NT 5.1)"
188.32.22.170 - - [13/Oct/2011:07:02:37 +0800] "CONNECT www.google.com:443 HTTP/1.0" 503 403 "-" "-"
188.32.22.170 - - [13/Oct/2011:07:02:37 +0800] "CONNECT maila.microsoft.com:25 HTTP/1.0" 503 407 "-" "-"
93.184.35.45 - - [13/Oct/2011:07:02:53 +0800] "GET / HTTP/1.1" 503 406 "-" "Mozilla/5.0 (X11; U; Linux i686; en-US; rv:1.9.2.10) Gecko/20100914 Firefox/3.6.10"
93.184.35.45 - - [13/Oct/2011:07:02:54 +0800] "GET /favicon.ico HTTP/1.1" 503 406 "-" "Mozilla/5.0 (X11; U; Linux i686; en-US; rv:1.9.2.10) Gecko/20100914 Firefox/3.6.10"
123.125.67.216 - - [13/Oct/2011:07:08:17 +0800] "GET /news/2010\xe4\xb8\x80\xe7\x82\xb9\xe4\xb8\x80\xe6\xbb\xb4\xe6\x88\x90\xe9\x83\xbd\xe6\x85\x88\xe5\x96\x84\xe6\x8b\x8d\xe5\x8d\x96\xe4\xbc\x9a HTTP/1.1" 503 406 "-" "Mozilla/4.0 (compatible; MSIE 7.0; Windows NT 6.0)"
220.181.51.108 - - [13/Oct/2011:07:08:19 +0800] "GET /blog HTTP/1.1" 503 406 "-" "Mozilla/4.0 (compatible; MSIE 7.0; Windows NT 6.0)"
120.197.83.198 - - [13/Oct/2011:07:10:58 +0800] "GET / HTTP/1.1" 503 406 "-" "Nokia7373"
120.197.83.198 - - [13/Oct/2011:07:13:30 +0800] "GET / HTTP/1.1" 503 406 "-" "Nokia7373"
207.46.13.98 - - [13/Oct/2011:07:17:57 +0800] "GET /robots.txt HTTP/1.1" 503 406 "-" "Mozilla/5.0 (compatible; bingbot/2.0; +http://www.bing.com/bingbot.htm)"
207.46.13.98 - - [13/Oct/2011:07:18:29 +0800] "GET / HTTP/1.1" 503 406 "-" "Mozilla/5.0 (compatible; bingbot/2.0; +http://www.bing.com/bingbot.htm)"
207.46.13.98 - - [13/Oct/2011:07:20:01 +0800] "GET / HTTP/1.0" 503 406 "-" "Mozilla/5.0 (compatible; bingbot/2.0; +http://www.bing.com/bingbot.htm)"
203.208.60.181 - - [13/Oct/2011:07:21:01 +0800] "GET /robots.txt HTTP/1.1" 503 402 "-" "Mozilla/5.0 (compatible; Googlebot/2.1; +http://www.google.com/bot.html)"
31.184.236.15 - - [13/Oct/2011:07:33:31 +0800] "GET http://proxy.parser.by/check_proxy.php HTTP/1.1" 503 403 "http://proxy.parser.by/referrer.php" "-"
124.115.0.160 - - [13/Oct/2011:07:57:43 +0800] "GET / HTTP/1.1" 503 406 "-" "Sosospider+(+http://help.soso.com/webspider.htm)"
31.184.236.15 - - [13/Oct/2011:08:05:31 +0800] "GET http://proxy.parser.by/check_proxy.php HTTP/1.1" 503 403 "http://proxy.parser.by/referrer.php" "-"
207.46.13.98 - - [13/Oct/2011:08:20:03 +0800] "GET / HTTP/1.0" 503 406 "-" "Mozilla/5.0 (compatible; bingbot/2.0; +http://www.bing.com/bingbot.htm)"
113.142.9.45 - - [13/Oct/2011:08:20:42 +0800] "GET /system/images/0000/0086/classroom.JPG HTTP/1.1" 503 406 "http://image.soso.com/" "Sosoimagespider+(+http://help.soso.com/soso-image-spider.htm)"
203.208.60.163 - - [13/Oct/2011:08:26:14 +0800] "GET /robots.txt HTTP/1.1" 503 406 "-" "Mozilla/5.0 (compatible; Googlebot/2.1; +http://www.google.com/bot.html)"
61.135.248.206 - - [13/Oct/2011:08:36:54 +0800] "GET / HTTP/1.1" 503 402 "-" "Mozilla/5.0 (compatible; YodaoBot/1.0; http://www.yodao.com/help/webmaster/spider/; )"
139.18.2.209 - - [13/Oct/2011:08:37:01 +0800] "GET /robots.txt HTTP/1.1" 503 406 "-" "findlinks/2.0.1 (+http://wortschatz.uni-leipzig.de/findlinks/)"
31.184.236.15 - - [13/Oct/2011:08:37:33 +0800] "GET http://proxy.parser.by/check_proxy.php HTTP/1.1" 503 403 "http://proxy.parser.by/referrer.php" "-"
123.125.67.213 - - [13/Oct/2011:08:50:41 +0800] "GET /system/images/0000/0103/2_large.jpg HTTP/1.1" 503 406 "http://image.baidu.com/" "Mozilla/4.0i(compatible;MSIE 6.0)"
157.55.50.11 - - [13/Oct/2011:08:58:03 +0800] "GET /robots.txt HTTP/1.1" 503 402 "-" "Mozilla/5.0 (compatible; bingbot/2.0; +http://www.bing.com/bingbot.htm)"
123.125.71.23 - - [13/Oct/2011:09:02:44 +0800] "GET /contact HTTP/1.1" 503 406 "-" "Mozilla/5.0 (compatible; Baiduspider/2.0; +http://www.baidu.com/search/spider.html)"
124.115.0.141 - - [13/Oct/2011:09:06:37 +0800] "GET /guan-yu-wo-men/wo-men-de-huo-ban HTTP/1.1" 503 402 "-" "Sosospider+(+http://help.soso.com/webspider.htm)"
31.184.236.15 - - [13/Oct/2011:09:09:32 +0800] "GET http://proxy.parser.by/check_proxy.php HTTP/1.1" 503 403 "http://proxy.parser.by/referrer.php" "-"
123.125.71.117 - - [13/Oct/2011:09:26:12 +0800] "GET / HTTP/1.1" 503 406 "-" "Mozilla/5.0 (compatible; Baiduspider/2.0; +http://www.baidu.com/search/spider.html)"
203.208.60.213 - - [13/Oct/2011:09:26:20 +0800] "GET /robots.txt HTTP/1.1" 503 406 "-" "Mozilla/5.0 (compatible; Googlebot/2.1; +http://www.google.com/bot.html)"
220.181.108.167 - - [13/Oct/2011:09:26:24 +0800] "GET / HTTP/1.1" 503 406 "-" "Mozilla/5.0 (compatible; Baiduspider/2.0; +http://www.baidu.com/search/spider.html)"
1.64.78.149 - - [13/Oct/2011:09:38:24 +0800] "GET / HTTP/1.0" 503 406 "www.yidianyidi.org" "Mozilla/4.0 (compatible; MSIE 7.0; Windows NT 5.2; .NET CLR 1.1.4322; .NET CLR 2.0.50727)"
31.184.236.15 - - [13/Oct/2011:09:41:35 +0800] "GET http://proxy.parser.by/check_proxy.php HTTP/1.1" 503 403 "http://proxy.parser.by/referrer.php" "-"
220.181.51.229 - - [13/Oct/2011:09:47:43 +0800] "GET /system/images/0000/0376/4444_large.jpg HTTP/1.1" 503 402 "http://image.baidu.com/" "Mozilla/4.0i(compatible;MSIE 6.0)"
125.70.53.70 - - [13/Oct/2011:10:01:19 +0800] "GET / HTTP/1.1" 503 406 "-" "Mozilla/4.0 (compatible; MSIE 6.0; Windows NT 5.1; SV1; GTB6.6; InfoPath.2; SE 2.X MetaSr 1.0)"
125.70.53.70 - - [13/Oct/2011:10:01:23 +0800] "GET / HTTP/1.1" 503 406 "-" "Mozilla/4.0 (compatible; MSIE 6.0; Windows NT 5.1; SV1; GTB6.6; InfoPath.2; SE 2.X MetaSr 1.0)"
207.46.199.185 - - [13/Oct/2011:10:06:42 +0800] "GET /robots.txt HTTP/1.1" 503 402 "-" "Mozilla/5.0 (compatible; bingbot/2.0; +http://www.bing.com/bingbot.htm)"
125.89.75.100 - - [13/Oct/2011:10:07:42 +0800] "GET / HTTP/1.1" 503 406 "-" "Mozilla/4.0 (compatible; MSIE 6.0; Windows NT 5.1; SV1; .NET CLR 2.0.50727; MAXTHON 2.0)"
123.125.67.217 - - [13/Oct/2011:10:08:18 +0800] "GET /news/2010\xe4\xb8\x80\xe7\x82\xb9\xe4\xb8\x80\xe6\xbb\xb4\xe6\x88\x90\xe9\x83\xbd\xe6\x85\x88\xe5\x96\x84\xe6\x8b\x8d\xe5\x8d\x96\xe4\xbc\x9a HTTP/1.1" 503 406 "-" "Mozilla/4.0 (compatible; MSIE 7.0; Windows NT 6.0)"
220.181.51.107 - - [13/Oct/2011:10:08:21 +0800] "GET /blog HTTP/1.1" 503 406 "-" "Mozilla/4.0 (compatible; MSIE 7.0; Windows NT 6.0)"
31.184.236.15 - - [13/Oct/2011:10:13:33 +0800] "GET http://proxy.parser.by/check_proxy.php HTTP/1.1" 503 403 "http://proxy.parser.by/referrer.php" "-"
123.125.71.106 - - [13/Oct/2011:10:21:44 +0800] "GET / HTTP/1.1" 503 406 "-" "Mozilla/5.0 (compatible; Baiduspider/2.0; +http://www.baidu.com/search/spider.html)"
220.181.108.166 - - [13/Oct/2011:10:21:48 +0800] "GET / HTTP/1.1" 503 406 "-" "Mozilla/5.0 (compatible; Baiduspider/2.0; +http://www.baidu.com/search/spider.html)"
203.208.60.181 - - [13/Oct/2011:10:33:05 +0800] "GET /robots.txt HTTP/1.1" 503 402 "-" "Mozilla/5.0 (compatible; Googlebot/2.1; +http://www.google.com/bot.html)"
203.208.60.195 - - [13/Oct/2011:10:34:26 +0800] "GET /robots.txt HTTP/1.1" 503 406 "-" "Mozilla/5.0 (compatible; Googlebot/2.1; +http://www.google.com/bot.html)"
212.113.37.106 - - [13/Oct/2011:10:38:28 +0800] "GET /robots.txt HTTP/1.1" 503 406 "-" "Mozilla/5.0 (compatible; AhrefsBot/1.0; +http://ahrefs.com/robot/)"
212.113.37.106 - - [13/Oct/2011:10:38:29 +0800] "GET /robots.txt HTTP/1.1" 503 406 "-" "Mozilla/5.0 (compatible; AhrefsBot/1.0; +http://ahrefs.com/robot/)"
212.113.37.106 - - [13/Oct/2011:10:38:30 +0800] "GET /robots.txt HTTP/1.1" 503 406 "-" "Mozilla/5.0 (compatible; AhrefsBot/1.0; +http://ahrefs.com/robot/)"
212.113.37.106 - - [13/Oct/2011:10:38:31 +0800] "GET /robots.txt HTTP/1.1" 503 402 "-" "Mozilla/5.0 (compatible; AhrefsBot/1.0; +http://ahrefs.com/robot/)"
212.113.37.106 - - [13/Oct/2011:10:38:32 +0800] "GET /robots.txt HTTP/1.1" 503 402 "-" "Mozilla/5.0 (compatible; AhrefsBot/1.0; +http://ahrefs.com/robot/)"
212.113.37.106 - - [13/Oct/2011:10:38:33 +0800] "GET /robots.txt HTTP/1.1" 503 402 "-" "Mozilla/5.0 (compatible; AhrefsBot/1.0; +http://ahrefs.com/robot/)"
124.115.0.169 - - [13/Oct/2011:10:40:08 +0800] "GET /xin-wen-dong-tai--2 HTTP/1.1" 503 406 "-" "Sosospider+(+http://help.soso.com/webspider.htm)"
207.46.199.185 - - [13/Oct/2011:10:44:43 +0800] "GET /robots.txt HTTP/1.1" 503 402 "-" "Mozilla/5.0 (compatible; bingbot/2.0; +http://www.bing.com/bingbot.htm)"
31.184.236.224 - - [13/Oct/2011:10:45:47 +0800] "GET http://proxy.parser.by/check_proxy.php HTTP/1.1" 503 403 "http://proxy.parser.by/referrer.php" "-"
184.72.202.21 - - [13/Oct/2011:10:55:49 +0800] "GET / HTTP/1.0" 503 406 "http://www.teissl.info" "Mozilla/4.0 (compatible; MSIE 7.0; Windows NT 6.0; Trident/4.0)"
61.135.249.141 - - [13/Oct/2011:11:13:22 +0800] "GET / HTTP/1.1" 503 402 "-" "Mozilla/5.0 (compatible; YodaoBot/1.0; http://www.yodao.com/help/webmaster/spider/; )"
31.184.236.224 - - [13/Oct/2011:11:17:49 +0800] "GET http://proxy.parser.by/check_proxy.php HTTP/1.1" 503 403 "http://proxy.parser.by/referrer.php" "-"
123.125.71.47 - - [13/Oct/2011:11:22:29 +0800] "GET /project/%E4%B8%80%E5%AF%B9%E4%B8%80%E5%BA%94%E6%80%A5%E5%B8%AE%E5%9B%B0%E6%95%91%E5%8A%A9%E9%A1%B9%E7%9B%AE HTTP/1.1" 503 406 "-" "Mozilla/5.0 (compatible; Baiduspider/2.0; +http://www.baidu.com/search/spider.html)"
49.72.49.103 - - [13/Oct/2011:11:28:12 +0800] "GET /theme/images/site/diandi.jpg HTTP/1.1" 503 406 "http://item.taobao.com/item.htm?id=7236747684&_u=dki8jkmbd36" "Mozilla/4.0 (compatible; MSIE 8.0; Windows NT 5.1; Trident/4.0; GTB5)"
220.181.125.108 - - [13/Oct/2011:11:34:04 +0800] "GET / HTTP/1.1" 503 406 "-" "Sogou web spider/4.0(+http://www.sogou.com/docs/help/webmasters.htm#07)"
203.208.60.213 - - [13/Oct/2011:11:34:45 +0800] "GET /robots.txt HTTP/1.1" 503 406 "-" "Mozilla/5.0 (compatible; Googlebot/2.1; +http://www.google.com/bot.html)"
31.184.236.224 - - [13/Oct/2011:11:49:49 +0800] "GET http://proxy.parser.by/check_proxy.php HTTP/1.1" 503 403 "http://proxy.parser.by/referrer.php" "-"
116.236.218.3 - - [13/Oct/2011:11:57:48 +0800] "GET /theme/images/site/diandi.jpg HTTP/1.1" 503 406 "http://item.taobao.com/item.htm?id=7236577276&_u=dld5n72fcb" "Mozilla/4.0 (compatible; MSIE 6.0; Windows NT 5.1; SV1; 360SE)"
207.46.199.185 - - [13/Oct/2011:11:59:39 +0800] "GET /robots.txt HTTP/1.1" 503 402 "-" "Mozilla/5.0 (compatible; bingbot/2.0; +http://www.bing.com/bingbot.htm)"
203.208.60.181 - - [13/Oct/2011:12:08:12 +0800] "GET /robots.txt HTTP/1.1" 503 402 "-" "Mozilla/5.0 (compatible; Googlebot/2.1; +http://www.google.com/bot.html)"
31.184.236.224 - - [13/Oct/2011:12:21:45 +0800] "GET http://proxy.parser.by/check_proxy.php HTTP/1.1" 503 403 "http://proxy.parser.by/referrer.php" "-"
123.125.71.104 - - [13/Oct/2011:12:34:18 +0800] "GET / HTTP/1.1" 503 402 "-" "Mozilla/5.0 (compatible; Baiduspider/2.0; +http://www.baidu.com/search/spider.html)"
220.181.108.172 - - [13/Oct/2011:12:34:42 +0800] "GET / HTTP/1.1" 503 402 "-" "Mozilla/5.0 (compatible; Baiduspider/2.0; +http://www.baidu.com/search/spider.html)"
203.208.60.91 - - [13/Oct/2011:12:40:46 +0800] "GET /robots.txt HTTP/1.1" 503 406 "-" "Mozilla/5.0 (compatible; Googlebot/2.1; +http://www.google.com/bot.html)"
124.115.0.107 - - [13/Oct/2011:12:42:20 +0800] "GET /xin-wen-dong-tai--2/shi-pin-zi-liao HTTP/1.1" 503 402 "-" "Sosospider+(+http://help.soso.com/webspider.htm)"
157.55.50.11 - - [13/Oct/2011:12:45:28 +0800] "GET /robots.txt HTTP/1.1" 503 402 "-" "Mozilla/5.0 (compatible; bingbot/2.0; +http://www.bing.com/bingbot.htm)"
207.46.13.98 - - [13/Oct/2011:12:47:37 +0800] "GET /robots.txt HTTP/1.1" 503 402 "-" "Mozilla/5.0 (compatible; bingbot/2.0; +http://www.bing.com/bingbot.htm)"
207.46.13.98 - - [13/Oct/2011:12:48:31 +0800] "GET /wo-men-de-gu-shi--2 HTTP/1.1" 503 402 "-" "Mozilla/5.0 (compatible; bingbot/2.0; +http://www.bing.com/bingbot.htm)"
207.46.13.98 - - [13/Oct/2011:12:48:31 +0800] "GET /guan-yu-wo-men HTTP/1.1" 503 402 "-" "Mozilla/5.0 (compatible; bingbot/2.0; +http://www.bing.com/bingbot.htm)"
125.70.53.70 - - [13/Oct/2011:12:48:50 +0800] "GET / HTTP/1.1" 503 406 "-" "Mozilla/4.0 (compatible; MSIE 6.0; Windows NT 5.1; SV1; GTB6.6; InfoPath.2; SE 2.X MetaSr 1.0)"
125.70.53.70 - - [13/Oct/2011:12:48:55 +0800] "GET / HTTP/1.1" 503 406 "-" "Mozilla/4.0 (compatible; MSIE 6.0; Windows NT 5.1; SV1; GTB6.6; InfoPath.2; SE 2.X MetaSr 1.0)"
207.46.13.98 - - [13/Oct/2011:12:50:01 +0800] "GET /wo-men-de-gu-shi--2 HTTP/1.0" 503 402 "-" "Mozilla/5.0 (compatible; bingbot/2.0; +http://www.bing.com/bingbot.htm)"
207.46.13.98 - - [13/Oct/2011:12:50:01 +0800] "GET /guan-yu-wo-men HTTP/1.0" 503 402 "-" "Mozilla/5.0 (compatible; bingbot/2.0; +http://www.bing.com/bingbot.htm)"
31.184.236.224 - - [13/Oct/2011:12:53:48 +0800] "GET http://proxy.parser.by/check_proxy.php HTTP/1.1" 503 403 "http://proxy.parser.by/referrer.php" "-"
202.160.179.90 - - [13/Oct/2011:12:56:58 +0800] "GET /robots.txt HTTP/1.0" 503 406 "-" "Mozilla/5.0 (compatible; Yahoo! Slurp China; http://misc.yahoo.com.cn/help.html)"
202.160.178.248 - - [13/Oct/2011:12:57:43 +0800] "GET /xin-wen-dong-tai--2 HTTP/1.0" 503 406 "-" "Mozilla/5.0 (compatible; Yahoo! Slurp China; http://misc.yahoo.com.cn/help.html)"
124.115.4.191 - - [13/Oct/2011:13:10:51 +0800] "GET / HTTP/1.1" 503 402 "-" "Sosospider+(+http://help.soso.com/webspider.htm)"
123.125.71.102 - - [13/Oct/2011:13:17:42 +0800] "GET /project/2010%E9%9D%92%E6%B5%B7%E6%9E%9C%E6%B4%9B%E8%BE%BE%E6%97%A5%E5%8E%BF%E4%B8%80%E7%82%B9%E4%B8%80%E6%BB%B4%E8%BF%9B%E6%AD%A5%E5%A5%96%E9%A1%B9%E7%9B%AE%E5%8F%8D%E9%A6%88%E6%8A%A5%E5%91%8A HTTP/1.1" 503 406 "-" "Mozilla/5.0 (compatible; Baiduspider/2.0; +http://www.baidu.com/search/spider.html)"
31.184.236.224 - - [13/Oct/2011:13:25:48 +0800] "GET http://proxy.parser.by/check_proxy.php HTTP/1.1" 503 403 "http://proxy.parser.by/referrer.php" "-"
203.208.60.210 - - [13/Oct/2011:13:45:57 +0800] "GET /robots.txt HTTP/1.1" 503 406 "-" "Mozilla/5.0 (compatible; Googlebot/2.1; +http://www.google.com/bot.html)"
207.46.13.98 - - [13/Oct/2011:13:50:03 +0800] "GET /wo-men-de-gu-shi--2 HTTP/1.0" 503 402 "-" "Mozilla/5.0 (compatible; bingbot/2.0; +http://www.bing.com/bingbot.htm)"
207.46.13.98 - - [13/Oct/2011:13:50:03 +0800] "GET /guan-yu-wo-men HTTP/1.0" 503 402 "-" "Mozilla/5.0 (compatible; bingbot/2.0; +http://www.bing.com/bingbot.htm)"
31.184.236.224 - - [13/Oct/2011:13:57:46 +0800] "GET http://proxy.parser.by/check_proxy.php HTTP/1.1" 503 403 "http://proxy.parser.by/referrer.php" "-"
1.202.218.3 - - [13/Oct/2011:14:10:07 +0800] "GET /robots.txt HTTP/1.0" 503 406 "-" "Mozilla/5.0 ()"
1.202.218.3 - - [13/Oct/2011:14:10:08 +0800] "GET /theme/images/youkulogo.png HTTP/1.0" 503 406 "http://www.yidianyidi.org/news" "jikespider \"Mozilla/5.0"
61.135.249.250 - - [13/Oct/2011:14:28:05 +0800] "GET / HTTP/1.1" 503 402 "-" "Mozilla/5.0 (compatible; YodaoBot/1.0; http://www.yodao.com/help/webmaster/spider/; )"
31.184.236.224 - - [13/Oct/2011:14:29:47 +0800] "GET http://proxy.parser.by/check_proxy.php HTTP/1.1" 503 403 "http://proxy.parser.by/referrer.php" "-"
123.125.71.104 - - [13/Oct/2011:14:32:40 +0800] "GET / HTTP/1.1" 503 402 "-" "Mozilla/5.0 (compatible; Baiduspider/2.0; +http://www.baidu.com/search/spider.html)"
220.181.108.169 - - [13/Oct/2011:14:33:11 +0800] "GET / HTTP/1.1" 503 402 "-" "Mozilla/5.0 (compatible; Baiduspider/2.0; +http://www.baidu.com/search/spider.html)"
124.74.8.242 - - [13/Oct/2011:14:35:18 +0800] "GET /system/images/0000/0463/1_large.jpg HTTP/1.1" 503 406 "http://www.buy42.com/bbs/viewthread.php?tid=23&extra=page%3D1" "Mozilla/4.0 (compatible; MSIE 8.0; Windows NT 6.1; Trident/4.0; SLCC2; .NET CLR 2.0.50727; .NET CLR 3.5.30729; .NET CLR 3.0.30729; MALN; .NET4.0C; InfoPath.1; BRI/2; 360SE)"
124.74.8.242 - - [13/Oct/2011:14:35:21 +0800] "GET /system/images/0000/0470/2_large.jpg HTTP/1.1" 503 406 "http://www.buy42.com/bbs/viewthread.php?tid=23&extra=page%3D1" "Mozilla/4.0 (compatible; MSIE 8.0; Windows NT 6.1; Trident/4.0; SLCC2; .NET CLR 2.0.50727; .NET CLR 3.5.30729; .NET CLR 3.0.30729; MALN; .NET4.0C; InfoPath.1; BRI/2; 360SE)"
124.74.8.242 - - [13/Oct/2011:14:35:24 +0800] "GET /system/images/0000/0484/4_large.jpg HTTP/1.1" 503 406 "http://www.buy42.com/bbs/viewthread.php?tid=23&extra=page%3D1" "Mozilla/4.0 (compatible; MSIE 8.0; Windows NT 6.1; Trident/4.0; SLCC2; .NET CLR 2.0.50727; .NET CLR 3.5.30729; .NET CLR 3.0.30729; MALN; .NET4.0C; InfoPath.1; BRI/2; 360SE)"
124.74.8.242 - - [13/Oct/2011:14:35:27 +0800] "GET /system/images/0000/0491/5_large.jpg HTTP/1.1" 503 406 "http://www.buy42.com/bbs/viewthread.php?tid=23&extra=page%3D1" "Mozilla/4.0 (compatible; MSIE 8.0; Windows NT 6.1; Trident/4.0; SLCC2; .NET CLR 2.0.50727; .NET CLR 3.5.30729; .NET CLR 3.0.30729; MALN; .NET4.0C; InfoPath.1; BRI/2; 360SE)"
203.208.60.195 - - [13/Oct/2011:14:51:15 +0800] "GET /robots.txt HTTP/1.1" 503 406 "-" "Mozilla/5.0 (compatible; Googlebot/2.1; +http://www.google.com/bot.html)"
31.184.236.224 - - [13/Oct/2011:15:01:45 +0800] "GET http://proxy.parser.by/check_proxy.php HTTP/1.1" 503 403 "http://proxy.parser.by/referrer.php" "-"
125.69.72.181 - - [13/Oct/2011:15:15:09 +0800] "GET / HTTP/1.1" 503 406 "-" "Mozilla/5.0 (Windows NT 6.1; WOW64; rv:7.0.1) Gecko/20100101 Firefox/7.0.1"
123.103.64.95 - - [13/Oct/2011:15:15:09 +0800] "GET / HTTP/1.1" 503 406 "-" "Mozilla/4.0 (compatible; MSIE 7.0; Windows NT 5.1; InfoPath.1; .NET CLR 2.0.50727; .NET CLR 1.1.4322; MS-RTC LM 8; .NET CLR 3.0.4506.2152; .NET CLR 3.5.30729)"
123.125.71.51 - - [13/Oct/2011:15:19:54 +0800] "GET /project HTTP/1.1" 503 406 "-" "Mozilla/5.0 (compatible; Baiduspider/2.0; +http://www.baidu.com/search/spider.html)"
31.184.236.224 - - [13/Oct/2011:15:34:46 +0800] "GET http://proxy.parser.by/check_proxy.php HTTP/1.1" 503 403 "http://proxy.parser.by/referrer.php" "-"
207.46.13.98 - - [13/Oct/2011:15:50:04 +0800] "GET /wo-men-de-gu-shi--2 HTTP/1.0" 503 402 "-" "Mozilla/5.0 (compatible; bingbot/2.0; +http://www.bing.com/bingbot.htm)"
207.46.13.98 - - [13/Oct/2011:15:50:04 +0800] "GET /guan-yu-wo-men HTTP/1.0" 503 402 "-" "Mozilla/5.0 (compatible; bingbot/2.0; +http://www.bing.com/bingbot.htm)"
203.208.60.163 - - [13/Oct/2011:15:56:21 +0800] "GET /robots.txt HTTP/1.1" 503 406 "-" "Mozilla/5.0 (compatible; Googlebot/2.1; +http://www.google.com/bot.html)"
31.184.236.224 - - [13/Oct/2011:16:06:46 +0800] "GET http://proxy.parser.by/check_proxy.php HTTP/1.1" 503 403 "http://proxy.parser.by/referrer.php" "-"
125.69.74.14 - - [13/Oct/2011:16:15:30 +0800] "GET / HTTP/1.1" 200 19361 "-" "Mozilla/5.0 (Windows NT 6.1; WOW64; rv:7.0.1) Gecko/20100101 Firefox/7.0.1"
125.69.74.14 - - [13/Oct/2011:16:15:31 +0800] "GET /stylesheets/theme.css?1299845153 HTTP/1.1" 304 - "http://www.yidianyidi.org/" "Mozilla/5.0 (Windows NT 6.1; WOW64; rv:7.0.1) Gecko/20100101 Firefox/7.0.1"
125.69.74.14 - - [13/Oct/2011:16:15:31 +0800] "GET /theme/stylesheets/application.css?1299845140 HTTP/1.1" 200 4552 "http://www.yidianyidi.org/" "Mozilla/5.0 (Windows NT 6.1; WOW64; rv:7.0.1) Gecko/20100101 Firefox/7.0.1"
125.69.74.14 - - [13/Oct/2011:16:15:31 +0800] "GET /theme/stylesheets/formatting.css?1299845142 HTTP/1.1" 200 5329 "http://www.yidianyidi.org/" "Mozilla/5.0 (Windows NT 6.1; WOW64; rv:7.0.1) Gecko/20100101 Firefox/7.0.1"
125.69.74.14 - - [13/Oct/2011:16:15:31 +0800] "GET /javascripts/refinery/easySlider1.7.js?1299845937 HTTP/1.1" 200 5980 "http://www.yidianyidi.org/" "Mozilla/5.0 (Windows NT 6.1; WOW64; rv:7.0.1) Gecko/20100101 Firefox/7.0.1"
125.69.74.14 - - [13/Oct/2011:16:15:31 +0800] "GET /javascripts/refinery/jquery.js?1299845946 HTTP/1.1" 200 54267 "http://www.yidianyidi.org/" "Mozilla/5.0 (Windows NT 6.1; WOW64; rv:7.0.1) Gecko/20100101 Firefox/7.0.1"
125.69.74.14 - - [13/Oct/2011:16:15:31 +0800] "GET /stylesheets/refinery/application.css HTTP/1.1" 200 709 "http://www.yidianyidi.org/theme/stylesheets/application.css?1299845140" "Mozilla/5.0 (Windows NT 6.1; WOW64; rv:7.0.1) Gecko/20100101 Firefox/7.0.1"
125.69.74.14 - - [13/Oct/2011:16:15:31 +0800] "GET /stylesheets/refinery/theme.css HTTP/1.1" 200 532 "http://www.yidianyidi.org/stylesheets/theme.css?1299845153" "Mozilla/5.0 (Windows NT 6.1; WOW64; rv:7.0.1) Gecko/20100101 Firefox/7.0.1"
125.69.74.14 - - [13/Oct/2011:16:15:31 +0800] "GET /theme/images/sinablog.png HTTP/1.1" 200 1181 "http://www.yidianyidi.org/" "Mozilla/5.0 (Windows NT 6.1; WOW64; rv:7.0.1) Gecko/20100101 Firefox/7.0.1"
125.69.74.14 - - [13/Oct/2011:16:15:32 +0800] "GET /theme/images/sinaweibo.png HTTP/1.1" 200 7385 "http://www.yidianyidi.org/" "Mozilla/5.0 (Windows NT 6.1; WOW64; rv:7.0.1) Gecko/20100101 Firefox/7.0.1"
125.69.74.14 - - [13/Oct/2011:16:15:31 +0800] "GET /theme/images/bitbybit-logo.jpg HTTP/1.1" 200 29303 "http://www.yidianyidi.org/" "Mozilla/5.0 (Windows NT 6.1; WOW64; rv:7.0.1) Gecko/20100101 Firefox/7.0.1"
125.69.74.14 - - [13/Oct/2011:16:15:32 +0800] "GET /theme/images/home/07.000.jpg HTTP/1.1" 200 49622 "http://www.yidianyidi.org/" "Mozilla/5.0 (Windows NT 6.1; WOW64; rv:7.0.1) Gecko/20100101 Firefox/7.0.1"
125.69.74.14 - - [13/Oct/2011:16:15:32 +0800] "GET /theme/images/home/03.000.jpg HTTP/1.1" 200 35396 "http://www.yidianyidi.org/" "Mozilla/5.0 (Windows NT 6.1; WOW64; rv:7.0.1) Gecko/20100101 Firefox/7.0.1"
125.69.74.14 - - [13/Oct/2011:16:15:34 +0800] "GET /theme/stylesheets/home.css?1299845146 HTTP/1.1" 200 5639 "http://www.yidianyidi.org/" "Mozilla/5.0 (Windows NT 6.1; WOW64; rv:7.0.1) Gecko/20100101 Firefox/7.0.1"
125.69.74.14 - - [13/Oct/2011:16:15:34 +0800] "GET /stylesheets/refinery/formatting.css HTTP/1.1" 200 950 "http://www.yidianyidi.org/theme/stylesheets/formatting.css?1299845142" "Mozilla/5.0 (Windows NT 6.1; WOW64; rv:7.0.1) Gecko/20100101 Firefox/7.0.1"
125.69.74.14 - - [13/Oct/2011:16:15:34 +0800] "GET /stylesheets/refinery/home.css HTTP/1.1" 200 - "http://www.yidianyidi.org/theme/stylesheets/home.css?1299845146" "Mozilla/5.0 (Windows NT 6.1; WOW64; rv:7.0.1) Gecko/20100101 Firefox/7.0.1"
125.69.74.14 - - [13/Oct/2011:16:15:34 +0800] "GET /theme/images/youkulogo.png HTTP/1.1" 200 930 "http://www.yidianyidi.org/" "Mozilla/5.0 (Windows NT 6.1; WOW64; rv:7.0.1) Gecko/20100101 Firefox/7.0.1"
125.69.74.14 - - [13/Oct/2011:16:15:34 +0800] "GET /theme/images/home/02.000.jpg HTTP/1.1" 200 45599 "http://www.yidianyidi.org/" "Mozilla/5.0 (Windows NT 6.1; WOW64; rv:7.0.1) Gecko/20100101 Firefox/7.0.1"
125.69.74.14 - - [13/Oct/2011:16:15:34 +0800] "GET /system/images/0000/0047/video-icon.jpg HTTP/1.1" 200 13322 "http://www.yidianyidi.org/" "Mozilla/5.0 (Windows NT 6.1; WOW64; rv:7.0.1) Gecko/20100101 Firefox/7.0.1"
125.69.74.14 - - [13/Oct/2011:16:15:35 +0800] "GET /system/images/0000/0040/contact_us.png HTTP/1.1" 200 4820 "http://www.yidianyidi.org/" "Mozilla/5.0 (Windows NT 6.1; WOW64; rv:7.0.1) Gecko/20100101 Firefox/7.0.1"
125.69.74.14 - - [13/Oct/2011:16:15:34 +0800] "GET /theme/images/home/04.000.jpg HTTP/1.1" 200 51645 "http://www.yidianyidi.org/" "Mozilla/5.0 (Windows NT 6.1; WOW64; rv:7.0.1) Gecko/20100101 Firefox/7.0.1"
125.69.74.14 - - [13/Oct/2011:16:15:35 +0800] "GET /theme/images/diandi_small.jpg HTTP/1.1" 200 4920 "http://www.yidianyidi.org/" "Mozilla/5.0 (Windows NT 6.1; WOW64; rv:7.0.1) Gecko/20100101 Firefox/7.0.1"
125.69.74.14 - - [13/Oct/2011:16:15:35 +0800] "GET /theme/images/ga2-orange-bar.gif HTTP/1.1" 200 154 "http://www.yidianyidi.org/theme/stylesheets/application.css?1299845140" "Mozilla/5.0 (Windows NT 6.1; WOW64; rv:7.0.1) Gecko/20100101 Firefox/7.0.1"
125.69.74.14 - - [13/Oct/2011:16:15:35 +0800] "GET /theme/images/home/06.000.jpg HTTP/1.1" 200 75609 "http://www.yidianyidi.org/" "Mozilla/5.0 (Windows NT 6.1; WOW64; rv:7.0.1) Gecko/20100101 Firefox/7.0.1"
125.69.74.14 - - [13/Oct/2011:16:15:35 +0800] "GET /theme/images/ga2-orange-bar-hover.gif HTTP/1.1" 200 990 "http://www.yidianyidi.org/theme/stylesheets/application.css?1299845140" "Mozilla/5.0 (Windows NT 6.1; WOW64; rv:7.0.1) Gecko/20100101 Firefox/7.0.1"
125.69.74.14 - - [13/Oct/2011:16:15:35 +0800] "GET /theme/images/ga2-orange-bar-divider.gif HTTP/1.1" 200 930 "http://www.yidianyidi.org/theme/stylesheets/application.css?1299845140" "Mozilla/5.0 (Windows NT 6.1; WOW64; rv:7.0.1) Gecko/20100101 Firefox/7.0.1"
125.69.74.14 - - [13/Oct/2011:16:15:36 +0800] "GET /theme/images/footer-logo.png HTTP/1.1" 200 10765 "http://www.yidianyidi.org/theme/stylesheets/application.css?1299845140" "Mozilla/5.0 (Windows NT 6.1; WOW64; rv:7.0.1) Gecko/20100101 Firefox/7.0.1"
125.69.74.14 - - [13/Oct/2011:16:15:36 +0800] "GET /theme/stylesheets/btn_prev.gif HTTP/1.1" 404 - "http://www.yidianyidi.org/theme/stylesheets/home.css?1299845146" "Mozilla/5.0 (Windows NT 6.1; WOW64; rv:7.0.1) Gecko/20100101 Firefox/7.0.1"
125.69.74.14 - - [13/Oct/2011:16:15:36 +0800] "GET /theme/stylesheets/btn_next.gif HTTP/1.1" 404 - "http://www.yidianyidi.org/theme/stylesheets/home.css?1299845146" "Mozilla/5.0 (Windows NT 6.1; WOW64; rv:7.0.1) Gecko/20100101 Firefox/7.0.1"
125.69.74.14 - - [13/Oct/2011:16:15:35 +0800] "GET /system/images/0000/0054/2010_financial_chart_large.jpg HTTP/1.1" 200 51606 "http://www.yidianyidi.org/" "Mozilla/5.0 (Windows NT 6.1; WOW64; rv:7.0.1) Gecko/20100101 Firefox/7.0.1"
125.69.74.14 - - [13/Oct/2011:16:15:35 +0800] "GET /theme/images/home/01.000.jpg HTTP/1.1" 200 38587 "http://www.yidianyidi.org/" "Mozilla/5.0 (Windows NT 6.1; WOW64; rv:7.0.1) Gecko/20100101 Firefox/7.0.1"
::1 - - [13/Oct/2011:16:15:37 +0800] "OPTIONS * HTTP/1.0" 200 - "-" "Apache/2.2.3 (CentOS) (internal dummy connection)"
::1 - - [13/Oct/2011:16:15:38 +0800] "OPTIONS * HTTP/1.0" 200 - "-" "Apache/2.2.3 (CentOS) (internal dummy connection)"
125.69.74.14 - - [13/Oct/2011:16:16:15 +0800] "GET /guan-yu-wo-men HTTP/1.1" 302 125 "http://www.yidianyidi.org/" "Mozilla/5.0 (Windows NT 6.1; WOW64; rv:7.0.1) Gecko/20100101 Firefox/7.0.1"
125.69.74.14 - - [13/Oct/2011:16:16:15 +0800] "GET /guan-yu-wo-men/ren-yuan-yu-zu-zhi HTTP/1.1" 200 7546 "http://www.yidianyidi.org/" "Mozilla/5.0 (Windows NT 6.1; WOW64; rv:7.0.1) Gecko/20100101 Firefox/7.0.1"
125.69.74.14 - - [13/Oct/2011:16:16:16 +0800] "GET /stylesheets/theme.css?1299845153 HTTP/1.1" 304 - "http://www.yidianyidi.org/guan-yu-wo-men/ren-yuan-yu-zu-zhi" "Mozilla/5.0 (Windows NT 6.1; WOW64; rv:7.0.1) Gecko/20100101 Firefox/7.0.1"
125.69.74.14 - - [13/Oct/2011:16:16:16 +0800] "GET /theme/stylesheets/application.css?1299845140 HTTP/1.1" 304 - "http://www.yidianyidi.org/guan-yu-wo-men/ren-yuan-yu-zu-zhi" "Mozilla/5.0 (Windows NT 6.1; WOW64; rv:7.0.1) Gecko/20100101 Firefox/7.0.1"
125.69.74.14 - - [13/Oct/2011:16:16:16 +0800] "GET /theme/stylesheets/formatting.css?1299845142 HTTP/1.1" 304 - "http://www.yidianyidi.org/guan-yu-wo-men/ren-yuan-yu-zu-zhi" "Mozilla/5.0 (Windows NT 6.1; WOW64; rv:7.0.1) Gecko/20100101 Firefox/7.0.1"
125.69.74.14 - - [13/Oct/2011:16:16:16 +0800] "GET /javascripts/jquery/jquery-ui-1.8.7.custom.min.js?1299845911 HTTP/1.1" 200 16597 "http://www.yidianyidi.org/guan-yu-wo-men/ren-yuan-yu-zu-zhi" "Mozilla/5.0 (Windows NT 6.1; WOW64; rv:7.0.1) Gecko/20100101 Firefox/7.0.1"
125.69.74.14 - - [13/Oct/2011:16:16:16 +0800] "GET /javascripts/jquery/jquery-1.4.4.min.js?1299845907 HTTP/1.1" 200 78601 "http://www.yidianyidi.org/guan-yu-wo-men/ren-yuan-yu-zu-zhi" "Mozilla/5.0 (Windows NT 6.1; WOW64; rv:7.0.1) Gecko/20100101 Firefox/7.0.1"
125.69.74.14 - - [13/Oct/2011:16:16:16 +0800] "GET /stylesheets/jquery-ui-1.8.7.custom.css?1299845149 HTTP/1.1" 200 20785 "http://www.yidianyidi.org/guan-yu-wo-men/ren-yuan-yu-zu-zhi" "Mozilla/5.0 (Windows NT 6.1; WOW64; rv:7.0.1) Gecko/20100101 Firefox/7.0.1"
125.70.53.70 - - [13/Oct/2011:16:16:21 +0800] "GET / HTTP/1.1" 200 22217 "-" "Mozilla/4.0 (compatible; MSIE 6.0; Windows NT 5.1; SV1; GTB6.6; InfoPath.2; SE 2.X MetaSr 1.0)"
125.70.53.70 - - [13/Oct/2011:16:16:25 +0800] "GET /theme/stylesheets/application.css?1299845140 HTTP/1.1" 200 4552 "http://www.yidianyidi.org/" "Mozilla/4.0 (compatible; MSIE 6.0; Windows NT 5.1; SV1; GTB6.6; InfoPath.2; SE 2.X MetaSr 1.0)"
125.69.74.14 - - [13/Oct/2011:16:16:27 +0800] "GET /contact HTTP/1.1" 200 5781 "http://www.yidianyidi.org/guan-yu-wo-men/ren-yuan-yu-zu-zhi" "Mozilla/5.0 (Windows NT 6.1; WOW64; rv:7.0.1) Gecko/20100101 Firefox/7.0.1"
125.69.74.14 - - [13/Oct/2011:16:16:28 +0800] "GET /stylesheets/theme.css?1299845153 HTTP/1.1" 304 - "http://www.yidianyidi.org/contact" "Mozilla/5.0 (Windows NT 6.1; WOW64; rv:7.0.1) Gecko/20100101 Firefox/7.0.1"
125.69.74.14 - - [13/Oct/2011:16:16:28 +0800] "GET /theme/stylesheets/formatting.css?1299845142 HTTP/1.1" 304 - "http://www.yidianyidi.org/contact" "Mozilla/5.0 (Windows NT 6.1; WOW64; rv:7.0.1) Gecko/20100101 Firefox/7.0.1"
125.69.74.14 - - [13/Oct/2011:16:16:28 +0800] "GET /theme/stylesheets/application.css?1299845140 HTTP/1.1" 304 - "http://www.yidianyidi.org/contact" "Mozilla/5.0 (Windows NT 6.1; WOW64; rv:7.0.1) Gecko/20100101 Firefox/7.0.1"
125.69.74.14 - - [13/Oct/2011:16:16:29 +0800] "GET /wo-men-de-gu-shi--2 HTTP/1.1" 302 126 "http://www.yidianyidi.org/contact" "Mozilla/5.0 (Windows NT 6.1; WOW64; rv:7.0.1) Gecko/20100101 Firefox/7.0.1"
125.70.53.70 - - [13/Oct/2011:16:16:30 +0800] "GET /stylesheets/refinery/application.css HTTP/1.1" 200 709 "http://www.yidianyidi.org/" "Mozilla/4.0 (compatible; MSIE 6.0; Windows NT 5.1; SV1; GTB6.6; InfoPath.2; SE 2.X MetaSr 1.0)"
125.69.74.14 - - [13/Oct/2011:16:16:30 +0800] "GET /wo-men-de-gu-shi--2/jiu-mei-ang-bu HTTP/1.1" 200 8016 "http://www.yidianyidi.org/contact" "Mozilla/5.0 (Windows NT 6.1; WOW64; rv:7.0.1) Gecko/20100101 Firefox/7.0.1"
125.69.74.14 - - [13/Oct/2011:16:16:30 +0800] "GET /stylesheets/theme.css?1299845153 HTTP/1.1" 304 - "http://www.yidianyidi.org/wo-men-de-gu-shi--2/jiu-mei-ang-bu" "Mozilla/5.0 (Windows NT 6.1; WOW64; rv:7.0.1) Gecko/20100101 Firefox/7.0.1"
125.69.74.14 - - [13/Oct/2011:16:16:30 +0800] "GET /javascripts/jquery/jquery-1.4.4.min.js?1299845907 HTTP/1.1" 304 - "http://www.yidianyidi.org/wo-men-de-gu-shi--2/jiu-mei-ang-bu" "Mozilla/5.0 (Windows NT 6.1; WOW64; rv:7.0.1) Gecko/20100101 Firefox/7.0.1"
125.69.74.14 - - [13/Oct/2011:16:16:30 +0800] "GET /javascripts/jquery/jquery-ui-1.8.7.custom.min.js?1299845911 HTTP/1.1" 304 - "http://www.yidianyidi.org/wo-men-de-gu-shi--2/jiu-mei-ang-bu" "Mozilla/5.0 (Windows NT 6.1; WOW64; rv:7.0.1) Gecko/20100101 Firefox/7.0.1"
125.69.74.14 - - [13/Oct/2011:16:16:30 +0800] "GET /theme/stylesheets/formatting.css?1299845142 HTTP/1.1" 304 - "http://www.yidianyidi.org/wo-men-de-gu-shi--2/jiu-mei-ang-bu" "Mozilla/5.0 (Windows NT 6.1; WOW64; rv:7.0.1) Gecko/20100101 Firefox/7.0.1"
125.69.74.14 - - [13/Oct/2011:16:16:31 +0800] "GET /theme/stylesheets/application.css?1299845140 HTTP/1.1" 304 - "http://www.yidianyidi.org/wo-men-de-gu-shi--2/jiu-mei-ang-bu" "Mozilla/5.0 (Windows NT 6.1; WOW64; rv:7.0.1) Gecko/20100101 Firefox/7.0.1"
125.70.53.70 - - [13/Oct/2011:16:16:31 +0800] "GET /theme/stylesheets/formatting.css?1299845142 HTTP/1.1" 200 5329 "http://www.yidianyidi.org/" "Mozilla/4.0 (compatible; MSIE 6.0; Windows NT 5.1; SV1; GTB6.6; InfoPath.2; SE 2.X MetaSr 1.0)"
125.69.74.14 - - [13/Oct/2011:16:16:31 +0800] "GET /system/images/0000/0068/DSC_3593_medium.jpg HTTP/1.1" 200 13758 "http://www.yidianyidi.org/wo-men-de-gu-shi--2/jiu-mei-ang-bu" "Mozilla/5.0 (Windows NT 6.1; WOW64; rv:7.0.1) Gecko/20100101 Firefox/7.0.1"
125.69.74.14 - - [13/Oct/2011:16:16:33 +0800] "GET /stylesheets/jquery-ui-1.8.7.custom.css?1299845149 HTTP/1.1" 304 - "http://www.yidianyidi.org/wo-men-de-gu-shi--2/jiu-mei-ang-bu" "Mozilla/5.0 (Windows NT 6.1; WOW64; rv:7.0.1) Gecko/20100101 Firefox/7.0.1"
125.70.53.70 - - [13/Oct/2011:16:16:34 +0800] "GET /stylesheets/refinery/formatting.css HTTP/1.1" 200 950 "http://www.yidianyidi.org/" "Mozilla/4.0 (compatible; MSIE 6.0; Windows NT 5.1; SV1; GTB6.6; InfoPath.2; SE 2.X MetaSr 1.0)"
125.70.53.70 - - [13/Oct/2011:16:16:35 +0800] "GET /stylesheets/theme.css?1299845153 HTTP/1.1" 200 47 "http://www.yidianyidi.org/" "Mozilla/4.0 (compatible; MSIE 6.0; Windows NT 5.1; SV1; GTB6.6; InfoPath.2; SE 2.X MetaSr 1.0)"
125.69.74.14 - - [13/Oct/2011:16:16:39 +0800] "GET /project HTTP/1.1" 200 10531 "http://www.yidianyidi.org/wo-men-de-gu-shi--2/jiu-mei-ang-bu" "Mozilla/5.0 (Windows NT 6.1; WOW64; rv:7.0.1) Gecko/20100101 Firefox/7.0.1"
125.69.74.14 - - [13/Oct/2011:16:16:40 +0800] "GET /stylesheets/theme.css?1299845153 HTTP/1.1" 304 - "http://www.yidianyidi.org/project" "Mozilla/5.0 (Windows NT 6.1; WOW64; rv:7.0.1) Gecko/20100101 Firefox/7.0.1"
125.69.74.14 - - [13/Oct/2011:16:16:40 +0800] "GET /theme/stylesheets/application.css?1299845140 HTTP/1.1" 304 - "http://www.yidianyidi.org/project" "Mozilla/5.0 (Windows NT 6.1; WOW64; rv:7.0.1) Gecko/20100101 Firefox/7.0.1"
125.69.74.14 - - [13/Oct/2011:16:16:40 +0800] "GET /stylesheets/project.css?1299845148 HTTP/1.1" 200 266 "http://www.yidianyidi.org/project" "Mozilla/5.0 (Windows NT 6.1; WOW64; rv:7.0.1) Gecko/20100101 Firefox/7.0.1"
125.69.74.14 - - [13/Oct/2011:16:16:43 +0800] "GET /theme/stylesheets/formatting.css?1299845142 HTTP/1.1" 304 - "http://www.yidianyidi.org/project" "Mozilla/5.0 (Windows NT 6.1; WOW64; rv:7.0.1) Gecko/20100101 Firefox/7.0.1"
125.70.53.70 - - [13/Oct/2011:16:16:45 +0800] "GET /stylesheets/refinery/theme.css HTTP/1.1" 200 532 "http://www.yidianyidi.org/" "Mozilla/4.0 (compatible; MSIE 6.0; Windows NT 5.1; SV1; GTB6.6; InfoPath.2; SE 2.X MetaSr 1.0)"
125.70.53.70 - - [13/Oct/2011:16:16:45 +0800] "GET /theme/stylesheets/home.css?1299845146 HTTP/1.1" 200 5639 "http://www.yidianyidi.org/" "Mozilla/4.0 (compatible; MSIE 6.0; Windows NT 5.1; SV1; GTB6.6; InfoPath.2; SE 2.X MetaSr 1.0)"
125.69.74.14 - - [13/Oct/2011:16:16:50 +0800] "GET / HTTP/1.1" 304 - "http://www.yidianyidi.org/project" "Mozilla/5.0 (Windows NT 6.1; WOW64; rv:7.0.1) Gecko/20100101 Firefox/7.0.1"
125.69.74.14 - - [13/Oct/2011:16:16:50 +0800] "GET /javascripts/refinery/jquery.js?1299845946 HTTP/1.1" 304 - "http://www.yidianyidi.org/" "Mozilla/5.0 (Windows NT 6.1; WOW64; rv:7.0.1) Gecko/20100101 Firefox/7.0.1"
125.69.74.14 - - [13/Oct/2011:16:16:50 +0800] "GET /theme/stylesheets/formatting.css?1299845142 HTTP/1.1" 304 - "http://www.yidianyidi.org/" "Mozilla/5.0 (Windows NT 6.1; WOW64; rv:7.0.1) Gecko/20100101 Firefox/7.0.1"
125.69.74.14 - - [13/Oct/2011:16:16:50 +0800] "GET /theme/stylesheets/home.css?1299845146 HTTP/1.1" 304 - "http://www.yidianyidi.org/" "Mozilla/5.0 (Windows NT 6.1; WOW64; rv:7.0.1) Gecko/20100101 Firefox/7.0.1"
125.69.74.14 - - [13/Oct/2011:16:16:50 +0800] "GET /theme/stylesheets/application.css?1299845140 HTTP/1.1" 304 - "http://www.yidianyidi.org/" "Mozilla/5.0 (Windows NT 6.1; WOW64; rv:7.0.1) Gecko/20100101 Firefox/7.0.1"
125.69.74.14 - - [13/Oct/2011:16:16:51 +0800] "GET /javascripts/refinery/easySlider1.7.js?1299845937 HTTP/1.1" 304 - "http://www.yidianyidi.org/" "Mozilla/5.0 (Windows NT 6.1; WOW64; rv:7.0.1) Gecko/20100101 Firefox/7.0.1"
125.69.74.14 - - [13/Oct/2011:16:16:53 +0800] "GET /stylesheets/theme.css?1299845153 HTTP/1.1" 304 - "http://www.yidianyidi.org/" "Mozilla/5.0 (Windows NT 6.1; WOW64; rv:7.0.1) Gecko/20100101 Firefox/7.0.1"
125.70.53.70 - - [13/Oct/2011:16:16:59 +0800] "GET /stylesheets/refinery/home.css HTTP/1.1" 200 - "http://www.yidianyidi.org/" "Mozilla/4.0 (compatible; MSIE 6.0; Windows NT 5.1; SV1; GTB6.6; InfoPath.2; SE 2.X MetaSr 1.0)"
125.70.53.70 - - [13/Oct/2011:16:17:03 +0800] "GET /javascripts/refinery/jquery.js?1299845946 HTTP/1.1" 200 54267 "http://www.yidianyidi.org/" "Mozilla/4.0 (compatible; MSIE 6.0; Windows NT 5.1; SV1; GTB6.6; InfoPath.2; SE 2.X MetaSr 1.0)"
125.70.53.70 - - [13/Oct/2011:16:17:07 +0800] "GET /javascripts/refinery/easySlider1.7.js?1299845937 HTTP/1.1" 200 5980 "http://www.yidianyidi.org/" "Mozilla/4.0 (compatible; MSIE 6.0; Windows NT 5.1; SV1; GTB6.6; InfoPath.2; SE 2.X MetaSr 1.0)"
125.70.53.70 - - [13/Oct/2011:16:17:12 +0800] "GET /theme/images/sinablog.png HTTP/1.1" 200 1181 "http://www.yidianyidi.org/" "Mozilla/4.0 (compatible; MSIE 6.0; Windows NT 5.1; SV1; GTB6.6; InfoPath.2; SE 2.X MetaSr 1.0)"
125.70.53.70 - - [13/Oct/2011:16:17:15 +0800] "GET /theme/images/ga2-orange-bar.gif HTTP/1.1" 200 154 "http://www.yidianyidi.org/" "Mozilla/4.0 (compatible; MSIE 6.0; Windows NT 5.1; SV1; GTB6.6; InfoPath.2; SE 2.X MetaSr 1.0)"
125.70.53.70 - - [13/Oct/2011:16:17:15 +0800] "GET /theme/images/sinaweibo.png HTTP/1.1" 200 7385 "http://www.yidianyidi.org/" "Mozilla/4.0 (compatible; MSIE 6.0; Windows NT 5.1; SV1; GTB6.6; InfoPath.2; SE 2.X MetaSr 1.0)"
125.70.53.70 - - [13/Oct/2011:16:17:16 +0800] "GET /theme/images/ga2-orange-bar-hover.gif HTTP/1.1" 200 990 "http://www.yidianyidi.org/" "Mozilla/4.0 (compatible; MSIE 6.0; Windows NT 5.1; SV1; GTB6.6; InfoPath.2; SE 2.X MetaSr 1.0)"
125.70.53.70 - - [13/Oct/2011:16:17:16 +0800] "GET /theme/images/ga2-orange-bar-divider.gif HTTP/1.1" 200 930 "http://www.yidianyidi.org/" "Mozilla/4.0 (compatible; MSIE 6.0; Windows NT 5.1; SV1; GTB6.6; InfoPath.2; SE 2.X MetaSr 1.0)"
125.69.74.14 - - [13/Oct/2011:16:17:16 +0800] "GET /theme/stylesheets/btn_next.gif HTTP/1.1" 404 - "http://www.yidianyidi.org/theme/stylesheets/home.css?1299845146" "Mozilla/5.0 (Windows NT 6.1; WOW64; rv:7.0.1) Gecko/20100101 Firefox/7.0.1"
125.69.74.14 - - [13/Oct/2011:16:17:16 +0800] "GET /theme/stylesheets/btn_prev.gif HTTP/1.1" 404 - "http://www.yidianyidi.org/theme/stylesheets/home.css?1299845146" "Mozilla/5.0 (Windows NT 6.1; WOW64; rv:7.0.1) Gecko/20100101 Firefox/7.0.1"
125.69.74.14 - - [13/Oct/2011:16:17:16 +0800] "GET /refinery HTTP/1.1" 302 103 "-" "Mozilla/5.0 (Windows NT 6.1; WOW64; rv:7.0.1) Gecko/20100101 Firefox/7.0.1"
125.70.53.70 - - [13/Oct/2011:16:17:15 +0800] "GET /theme/images/bitbybit-logo.jpg HTTP/1.1" 200 29303 "http://www.yidianyidi.org/" "Mozilla/4.0 (compatible; MSIE 6.0; Windows NT 5.1; SV1; GTB6.6; InfoPath.2; SE 2.X MetaSr 1.0)"
125.69.74.14 - - [13/Oct/2011:16:17:20 +0800] "GET /session/new HTTP/1.1" 200 3839 "-" "Mozilla/5.0 (Windows NT 6.1; WOW64; rv:7.0.1) Gecko/20100101 Firefox/7.0.1"
125.70.53.70 - - [13/Oct/2011:16:17:19 +0800] "GET /theme/images/home/07.000.jpg HTTP/1.1" 200 49622 "http://www.yidianyidi.org/" "Mozilla/4.0 (compatible; MSIE 6.0; Windows NT 5.1; SV1; GTB6.6; InfoPath.2; SE 2.X MetaSr 1.0)"
125.69.74.14 - - [13/Oct/2011:16:17:20 +0800] "GET /stylesheets/refinery/site_bar.css?1299845985 HTTP/1.1" 200 1550 "http://www.yidianyidi.org/session/new" "Mozilla/5.0 (Windows NT 6.1; WOW64; rv:7.0.1) Gecko/20100101 Firefox/7.0.1"
